
> server@1.0.0 test
> jest --runInBand --detectOpenHandles --forceExit

  console.log
    Γùç injected env (5) from ..\.env // tip: Γîü auth for agents [www.vestauth.com]

      at _log (D:\New folder (4)../../server/node_modules/dotenv/lib/main.js:131:11)

  console.log
    {"ts":"2026-06-27T01:27:06.244Z","level":"info","msg":"groq_models_selected","llm":"llama-3.1-8b-instant","stt":"whisper-large-v3"}

      at log (D:\New folder (4)../../server/middleware/logger.js:16:11)

  console.log
    {"ts":"2026-06-27T01:27:06.770Z","level":"info","msg":"request","reqId":"7b3b7f16","method":"GET","url":"/health","status":200,"ms":11}

      at log (D:\New folder (4)../../server/middleware/logger.js:16:11)

  console.log
    {"ts":"2026-06-27T01:27:06.801Z","level":"info","msg":"request","reqId":"cb720fef","method":"GET","url":"/health","status":200,"ms":3}

      at log (D:\New folder (4)../../server/middleware/logger.js:16:11)

  console.log
    {"ts":"2026-06-27T01:27:06.827Z","level":"info","msg":"request","reqId":"3363b8b3","method":"GET","url":"/health","status":200,"ms":4}

      at log (D:\New folder (4)../../server/middleware/logger.js:16:11)

  console.log
    {"ts":"2026-06-27T01:27:06.860Z","level":"info","msg":"request","reqId":"050dcecd","method":"GET","url":"/api/interview/nonexistent","status":404,"ms":3}

      at log (D:\New folder (4)../../server/middleware/logger.js:16:11)

  console.log
    {"ts":"2026-06-27T01:27:06.893Z","level":"info","msg":"request","reqId":"0f3837c9","method":"GET","url":"/api/interview/nonexistent","status":404,"ms":3}

      at log (D:\New folder (4)../../server/middleware/logger.js:16:11)

  console.log
    {"ts":"2026-06-27T01:27:06.907Z","level":"info","msg":"request","reqId":"c782ac78","method":"GET","url":"/api/interview/nonexistent","status":404,"ms":2}

      at log (D:\New folder (4)../../server/middleware/logger.js:16:11)

  console.error
    {"ts":"2026-06-27T01:27:06.938Z","level":"error","msg":"unhandled_error","reqId":"48cdd3ad","status":400,"message":"Missing required fields: role","stack":"Error: Missing required fields: role\n    at validateBody (D:\\New folder (4)\\server\\routes\\interviewRoutes.js:38:17)\n    at validateBody (D:\\New folder (4)\\server\\routes\\interviewRoutes.js:209:5)\n    at Layer.handleRequest (D:\\New folder (4)\\server\\node_modules\\router\\lib\\layer.js:152:17)\n    at next (D:\\New folder (4)\\server\\node_modules\\router\\lib\\route.js:157:13)\n    at Route.dispatch (D:\\New folder (4)\\server\\node_modules\\router\\lib\\route.js:117:3)\n    at handle (D:\\New folder (4)\\server\\node_modules\\router\\index.js:435:11)\n    at Layer.handleRequest (D:\\New folder (4)\\server\\node_modules\\router\\lib\\layer.js:152:17)\n    at D:\\New folder (4)\\server\\node_modules\\router\\index.js:295:15\n    at processParams (D:\\New folder (4)\\server\\node_modules\\router\\index.js:582:12)\n    at next (D:\\New folder (4)\\server\\node_modules\\router\\index.js:291:5)\n    at router.handle (D:\\New folder (4)\\server\\node_modules\\router\\index.js:186:3)\n    at router (D:\\New folder (4)\\server\\node_modules\\router\\index.js:60:12)\n    at Layer.handleRequest (D:\\New folder (4)\\server\\node_modules\\router\\lib\\layer.js:152:17)\n    at trimPrefix (D:\\New folder (4)\\server\\node_modules\\router\\index.js:342:13)\n    at D:\\New folder (4)\\server\\node_modules\\router\\index.js:297:9\n    at processParams (D:\\New folder (4)\\server\\node_modules\\router\\index.js:582:12)\n    at next (D:\\New folder (4)\\server\\node_modules\\router\\index.js:291:5)\n    at next (D:\\New folder (4)\\server\\middleware\\logger.js:41:3)\n    at Layer.handleRequest (D:\\New folder (4)\\server\\node_modules\\router\\lib\\layer.js:152:17)\n    at trimPrefix (D:\\New folder (4)\\server\\node_modules\\router\\index.js:342:13)\n    at D:\\New folder (4)\\server\\node_modules\\router\\index.js:297:9\n    at processParams (D:\\New folder (4)\\server\\node_modules\\router\\index.js:582:12)\n    at next (D:\\New folder (4)\\server\\node_modules\\router\\index.js:291:5)\n    at D:\\New folder (4)\\server\\node_modules\\body-parser\\lib\\read.js:171:5\n    at AsyncResource.runInAsyncScope (node:async_hooks:214:14)\n    at invokeCallback (D:\\New folder (4)\\server\\node_modules\\raw-body\\index.js:238:16)\n    at done (D:\\New folder (4)\\server\\node_modules\\raw-body\\index.js:227:7)\n    at IncomingMessage.onEnd (D:\\New folder (4)\\server\\node_modules\\raw-body\\index.js:287:7)\n    at IncomingMessage.emit (node:events:508:28)\n    at endReadableNT (node:internal/streams/readable:1701:12)\n    at processTicksAndRejections (node:internal/process/task_queues:89:21)"}

    [0m [90m 13 |[39m   }[33m;[39m
     [90m 14 |[39m   [36mconst[39m out [33m=[39m [33mJSON[39m[33m.[39mstringify(entry)[33m;[39m
    [31m[1m>[22m[39m[90m 15 |[39m   [36mif[39m (level [33m===[39m [32m'error'[39m) [36mreturn[39m console[33m.[39merror(out)[33m;[39m
     [90m    |[39m                                         [31m[1m^[22m[39m
     [90m 16 |[39m   console[33m.[39mlog(out)[33m;[39m
     [90m 17 |[39m }
     [90m 18 |[39m[0m

      at error (D:\New folder (4)../../server/middleware/logger.js:15:41)
      at Object.log [as error] (D:\New folder (4)../../server/middleware/logger.js:22:25)
      at error (D:\New folder (4)../../server/middleware/errorHandler.js:11:10)
      at Layer.handleError (D:\New folder (4)../../server/node_modules/router/lib/layer.js:116:17)
      at trimPrefix (D:\New folder (4)../../server/node_modules/router/index.js:340:13)
      at D:\New folder (4)../../server/node_modules/router/index.js:297:9
      at processParams (D:\New folder (4)../../server/node_modules/router/index.js:582:12)
      at next (D:\New folder (4)../../server/node_modules/router/index.js:291:5)
      at Layer.handleError (D:\New folder (4)../../server/node_modules/router/lib/layer.js:111:12)
      at trimPrefix (D:\New folder (4)../../server/node_modules/router/index.js:340:13)
      at D:\New folder (4)../../server/node_modules/router/index.js:297:9
      at processParams (D:\New folder (4)../../server/node_modules/router/index.js:582:12)
      at next (D:\New folder (4)../../server/node_modules/router/index.js:291:5)
      at D:\New folder (4)../../server/node_modules/router/index.js:688:15
      at next (D:\New folder (4)../../server/node_modules/router/index.js:276:14)
      at next (D:\New folder (4)../../server/node_modules/router/lib/route.js:132:14)
      at next (D:\New folder (4)../../server/routes/interviewRoutes.js:217:5)
      at Layer.handleRequest (D:\New folder (4)../../server/node_modules/router/lib/layer.js:152:17)
      at next (D:\New folder (4)../../server/node_modules/router/lib/route.js:157:13)
      at Route.dispatch (D:\New folder (4)../../server/node_modules/router/lib/route.js:117:3)
      at handle (D:\New folder (4)../../server/node_modules/router/index.js:435:11)
      at Layer.handleRequest (D:\New folder (4)../../server/node_modules/router/lib/layer.js:152:17)
      at D:\New folder (4)../../server/node_modules/router/index.js:295:15
      at processParams (D:\New folder (4)../../server/node_modules/router/index.js:582:12)
      at next (D:\New folder (4)../../server/node_modules/router/index.js:291:5)
      at router.handle (D:\New folder (4)../../server/node_modules/router/index.js:186:3)
      at router (D:\New folder (4)../../server/node_modules/router/index.js:60:12)
      at Layer.handleRequest (D:\New folder (4)../../server/node_modules/router/lib/layer.js:152:17)
      at trimPrefix (D:\New folder (4)../../server/node_modules/router/index.js:342:13)
      at D:\New folder (4)../../server/node_modules/router/index.js:297:9
      at processParams (D:\New folder (4)../../server/node_modules/router/index.js:582:12)
      at next (D:\New folder (4)../../server/node_modules/router/index.js:291:5)
      at next (D:\New folder (4)../../server/middleware/logger.js:41:3)
      at Layer.handleRequest (D:\New folder (4)../../server/node_modules/router/lib/layer.js:152:17)
      at trimPrefix (D:\New folder (4)../../server/node_modules/router/index.js:342:13)
      at D:\New folder (4)../../server/node_modules/router/index.js:297:9
      at processParams (D:\New folder (4)../../server/node_modules/router/index.js:582:12)
      at next (D:\New folder (4)../../server/node_modules/router/index.js:291:5)
      at D:\New folder (4)../../server/node_modules/body-parser/lib/read.js:171:5
      at invokeCallback (D:\New folder (4)../../server/node_modules/raw-body/index.js:238:16)
      at done (D:\New folder (4)../../server/node_modules/raw-body/index.js:227:7)
      at IncomingMessage.onEnd (D:\New folder (4)../../server/node_modules/raw-body/index.js:287:7)

  console.log
    {"ts":"2026-06-27T01:27:06.949Z","level":"info","msg":"request","reqId":"48cdd3ad","method":"POST","url":"/api/interview/start","status":400,"ms":14}

      at log (D:\New folder (4)../../server/middleware/logger.js:16:11)

  console.error
    {"ts":"2026-06-27T01:27:06.963Z","level":"error","msg":"unhandled_error","reqId":"dad98681","status":400,"message":"Missing required fields: level","stack":"Error: Missing required fields: level\n    at validateBody (D:\\New folder (4)\\server\\routes\\interviewRoutes.js:38:17)\n    at validateBody (D:\\New folder (4)\\server\\routes\\interviewRoutes.js:209:5)\n    at Layer.handleRequest (D:\\New folder (4)\\server\\node_modules\\router\\lib\\layer.js:152:17)\n    at next (D:\\New folder (4)\\server\\node_modules\\router\\lib\\route.js:157:13)\n    at Route.dispatch (D:\\New folder (4)\\server\\node_modules\\router\\lib\\route.js:117:3)\n    at handle (D:\\New folder (4)\\server\\node_modules\\router\\index.js:435:11)\n    at Layer.handleRequest (D:\\New folder (4)\\server\\node_modules\\router\\lib\\layer.js:152:17)\n    at D:\\New folder (4)\\server\\node_modules\\router\\index.js:295:15\n    at processParams (D:\\New folder (4)\\server\\node_modules\\router\\index.js:582:12)\n    at next (D:\\New folder (4)\\server\\node_modules\\router\\index.js:291:5)\n    at router.handle (D:\\New folder (4)\\server\\node_modules\\router\\index.js:186:3)\n    at router (D:\\New folder (4)\\server\\node_modules\\router\\index.js:60:12)\n    at Layer.handleRequest (D:\\New folder (4)\\server\\node_modules\\router\\lib\\layer.js:152:17)\n    at trimPrefix (D:\\New folder (4)\\server\\node_modules\\router\\index.js:342:13)\n    at D:\\New folder (4)\\server\\node_modules\\router\\index.js:297:9\n    at processParams (D:\\New folder (4)\\server\\node_modules\\router\\index.js:582:12)\n    at next (D:\\New folder (4)\\server\\node_modules\\router\\index.js:291:5)\n    at next (D:\\New folder (4)\\server\\middleware\\logger.js:41:3)\n    at Layer.handleRequest (D:\\New folder (4)\\server\\node_modules\\router\\lib\\layer.js:152:17)\n    at trimPrefix (D:\\New folder (4)\\server\\node_modules\\router\\index.js:342:13)\n    at D:\\New folder (4)\\server\\node_modules\\router\\index.js:297:9\n    at processParams (D:\\New folder (4)\\server\\node_modules\\router\\index.js:582:12)\n    at next (D:\\New folder (4)\\server\\node_modules\\router\\index.js:291:5)\n    at D:\\New folder (4)\\server\\node_modules\\body-parser\\lib\\read.js:171:5\n    at AsyncResource.runInAsyncScope (node:async_hooks:214:14)\n    at invokeCallback (D:\\New folder (4)\\server\\node_modules\\raw-body\\index.js:238:16)\n    at done (D:\\New folder (4)\\server\\node_modules\\raw-body\\index.js:227:7)\n    at IncomingMessage.onEnd (D:\\New folder (4)\\server\\node_modules\\raw-body\\index.js:287:7)\n    at IncomingMessage.emit (node:events:508:28)\n    at endReadableNT (node:internal/streams/readable:1701:12)\n    at processTicksAndRejections (node:internal/process/task_queues:89:21)"}

    [0m [90m 13 |[39m   }[33m;[39m
     [90m 14 |[39m   [36mconst[39m out [33m=[39m [33mJSON[39m[33m.[39mstringify(entry)[33m;[39m
    [31m[1m>[22m[39m[90m 15 |[39m   [36mif[39m (level [33m===[39m [32m'error'[39m) [36mreturn[39m console[33m.[39merror(out)[33m;[39m
     [90m    |[39m                                         [31m[1m^[22m[39m
     [90m 16 |[39m   console[33m.[39mlog(out)[33m;[39m
     [90m 17 |[39m }
     [90m 18 |[39m[0m

      at error (D:\New folder (4)../../server/middleware/logger.js:15:41)
      at Object.log [as error] (D:\New folder (4)../../server/middleware/logger.js:22:25)
      at error (D:\New folder (4)../../server/middleware/errorHandler.js:11:10)
      at Layer.handleError (D:\New folder (4)../../server/node_modules/router/lib/layer.js:116:17)
      at trimPrefix (D:\New folder (4)../../server/node_modules/router/index.js:340:13)
      at D:\New folder (4)../../server/node_modules/router/index.js:297:9
      at processParams (D:\New folder (4)../../server/node_modules/router/index.js:582:12)
      at next (D:\New folder (4)../../server/node_modules/router/index.js:291:5)
      at Layer.handleError (D:\New folder (4)../../server/node_modules/router/lib/layer.js:111:12)
      at trimPrefix (D:\New folder (4)../../server/node_modules/router/index.js:340:13)
      at D:\New folder (4)../../server/node_modules/router/index.js:297:9
      at processParams (D:\New folder (4)../../server/node_modules/router/index.js:582:12)
      at next (D:\New folder (4)../../server/node_modules/router/index.js:291:5)
      at D:\New folder (4)../../server/node_modules/router/index.js:688:15
      at next (D:\New folder (4)../../server/node_modules/router/index.js:276:14)
      at next (D:\New folder (4)../../server/node_modules/router/lib/route.js:132:14)
      at next (D:\New folder (4)../../server/routes/interviewRoutes.js:217:5)
      at Layer.handleRequest (D:\New folder (4)../../server/node_modules/router/lib/layer.js:152:17)
      at next (D:\New folder (4)../../server/node_modules/router/lib/route.js:157:13)
      at Route.dispatch (D:\New folder (4)../../server/node_modules/router/lib/route.js:117:3)
      at handle (D:\New folder (4)../../server/node_modules/router/index.js:435:11)
      at Layer.handleRequest (D:\New folder (4)../../server/node_modules/router/lib/layer.js:152:17)
      at D:\New folder (4)../../server/node_modules/router/index.js:295:15
      at processParams (D:\New folder (4)../../server/node_modules/router/index.js:582:12)
      at next (D:\New folder (4)../../server/node_modules/router/index.js:291:5)
      at router.handle (D:\New folder (4)../../server/node_modules/router/index.js:186:3)
      at router (D:\New folder (4)../../server/node_modules/router/index.js:60:12)
      at Layer.handleRequest (D:\New folder (4)../../server/node_modules/router/lib/layer.js:152:17)
      at trimPrefix (D:\New folder (4)../../server/node_modules/router/index.js:342:13)
      at D:\New folder (4)../../server/node_modules/router/index.js:297:9
      at processParams (D:\New folder (4)../../server/node_modules/router/index.js:582:12)
      at next (D:\New folder (4)../../server/node_modules/router/index.js:291:5)
      at next (D:\New folder (4)../../server/middleware/logger.js:41:3)
      at Layer.handleRequest (D:\New folder (4)../../server/node_modules/router/lib/layer.js:152:17)
      at trimPrefix (D:\New folder (4)../../server/node_modules/router/index.js:342:13)
      at D:\New folder (4)../../server/node_modules/router/index.js:297:9
      at processParams (D:\New folder (4)../../server/node_modules/router/index.js:582:12)
      at next (D:\New folder (4)../../server/node_modules/router/index.js:291:5)
      at D:\New folder (4)../../server/node_modules/body-parser/lib/read.js:171:5
      at invokeCallback (D:\New folder (4)../../server/node_modules/raw-body/index.js:238:16)
      at done (D:\New folder (4)../../server/node_modules/raw-body/index.js:227:7)
      at IncomingMessage.onEnd (D:\New folder (4)../../server/node_modules/raw-body/index.js:287:7)

  console.log
    {"ts":"2026-06-27T01:27:06.970Z","level":"info","msg":"request","reqId":"dad98681","method":"POST","url":"/api/interview/start","status":400,"ms":8}

      at log (D:\New folder (4)../../server/middleware/logger.js:16:11)

  console.error
    {"ts":"2026-06-27T01:27:06.986Z","level":"error","msg":"unhandled_error","reqId":"028d0e11","status":400,"message":"Missing required fields: role","stack":"Error: Missing required fields: role\n    at validateBody (D:\\New folder (4)\\server\\routes\\interviewRoutes.js:38:17)\n    at validateBody (D:\\New folder (4)\\server\\routes\\interviewRoutes.js:209:5)\n    at Layer.handleRequest (D:\\New folder (4)\\server\\node_modules\\router\\lib\\layer.js:152:17)\n    at next (D:\\New folder (4)\\server\\node_modules\\router\\lib\\route.js:157:13)\n    at Route.dispatch (D:\\New folder (4)\\server\\node_modules\\router\\lib\\route.js:117:3)\n    at handle (D:\\New folder (4)\\server\\node_modules\\router\\index.js:435:11)\n    at Layer.handleRequest (D:\\New folder (4)\\server\\node_modules\\router\\lib\\layer.js:152:17)\n    at D:\\New folder (4)\\server\\node_modules\\router\\index.js:295:15\n    at processParams (D:\\New folder (4)\\server\\node_modules\\router\\index.js:582:12)\n    at next (D:\\New folder (4)\\server\\node_modules\\router\\index.js:291:5)\n    at router.handle (D:\\New folder (4)\\server\\node_modules\\router\\index.js:186:3)\n    at router (D:\\New folder (4)\\server\\node_modules\\router\\index.js:60:12)\n    at Layer.handleRequest (D:\\New folder (4)\\server\\node_modules\\router\\lib\\layer.js:152:17)\n    at trimPrefix (D:\\New folder (4)\\server\\node_modules\\router\\index.js:342:13)\n    at D:\\New folder (4)\\server\\node_modules\\router\\index.js:297:9\n    at processParams (D:\\New folder (4)\\server\\node_modules\\router\\index.js:582:12)\n    at next (D:\\New folder (4)\\server\\node_modules\\router\\index.js:291:5)\n    at next (D:\\New folder (4)\\server\\middleware\\logger.js:41:3)\n    at Layer.handleRequest (D:\\New folder (4)\\server\\node_modules\\router\\lib\\layer.js:152:17)\n    at trimPrefix (D:\\New folder (4)\\server\\node_modules\\router\\index.js:342:13)\n    at D:\\New folder (4)\\server\\node_modules\\router\\index.js:297:9\n    at processParams (D:\\New folder (4)\\server\\node_modules\\router\\index.js:582:12)\n    at next (D:\\New folder (4)\\server\\node_modules\\router\\index.js:291:5)\n    at D:\\New folder (4)\\server\\node_modules\\body-parser\\lib\\read.js:171:5\n    at AsyncResource.runInAsyncScope (node:async_hooks:214:14)\n    at invokeCallback (D:\\New folder (4)\\server\\node_modules\\raw-body\\index.js:238:16)\n    at done (D:\\New folder (4)\\server\\node_modules\\raw-body\\index.js:227:7)\n    at IncomingMessage.onEnd (D:\\New folder (4)\\server\\node_modules\\raw-body\\index.js:287:7)\n    at IncomingMessage.emit (node:events:508:28)\n    at endReadableNT (node:internal/streams/readable:1701:12)\n    at processTicksAndRejections (node:internal/process/task_queues:89:21)"}

    [0m [90m 13 |[39m   }[33m;[39m
     [90m 14 |[39m   [36mconst[39m out [33m=[39m [33mJSON[39m[33m.[39mstringify(entry)[33m;[39m
    [31m[1m>[22m[39m[90m 15 |[39m   [36mif[39m (level [33m===[39m [32m'error'[39m) [36mreturn[39m console[33m.[39merror(out)[33m;[39m
     [90m    |[39m                                         [31m[1m^[22m[39m
     [90m 16 |[39m   console[33m.[39mlog(out)[33m;[39m
     [90m 17 |[39m }
     [90m 18 |[39m[0m

      at error (D:\New folder (4)../../server/middleware/logger.js:15:41)
      at Object.log [as error] (D:\New folder (4)../../server/middleware/logger.js:22:25)
      at error (D:\New folder (4)../../server/middleware/errorHandler.js:11:10)
      at Layer.handleError (D:\New folder (4)../../server/node_modules/router/lib/layer.js:116:17)
      at trimPrefix (D:\New folder (4)../../server/node_modules/router/index.js:340:13)
      at D:\New folder (4)../../server/node_modules/router/index.js:297:9
      at processParams (D:\New folder (4)../../server/node_modules/router/index.js:582:12)
      at next (D:\New folder (4)../../server/node_modules/router/index.js:291:5)
      at Layer.handleError (D:\New folder (4)../../server/node_modules/router/lib/layer.js:111:12)
      at trimPrefix (D:\New folder (4)../../server/node_modules/router/index.js:340:13)
      at D:\New folder (4)../../server/node_modules/router/index.js:297:9
      at processParams (D:\New folder (4)../../server/node_modules/router/index.js:582:12)
      at next (D:\New folder (4)../../server/node_modules/router/index.js:291:5)
      at D:\New folder (4)../../server/node_modules/router/index.js:688:15
      at next (D:\New folder (4)../../server/node_modules/router/index.js:276:14)
      at next (D:\New folder (4)../../server/node_modules/router/lib/route.js:132:14)
      at next (D:\New folder (4)../../server/routes/interviewRoutes.js:217:5)
      at Layer.handleRequest (D:\New folder (4)../../server/node_modules/router/lib/layer.js:152:17)
      at next (D:\New folder (4)../../server/node_modules/router/lib/route.js:157:13)
      at Route.dispatch (D:\New folder (4)../../server/node_modules/router/lib/route.js:117:3)
      at handle (D:\New folder (4)../../server/node_modules/router/index.js:435:11)
      at Layer.handleRequest (D:\New folder (4)../../server/node_modules/router/lib/layer.js:152:17)
      at D:\New folder (4)../../server/node_modules/router/index.js:295:15
      at processParams (D:\New folder (4)../../server/node_modules/router/index.js:582:12)
      at next (D:\New folder (4)../../server/node_modules/router/index.js:291:5)
      at router.handle (D:\New folder (4)../../server/node_modules/router/index.js:186:3)
      at router (D:\New folder (4)../../server/node_modules/router/index.js:60:12)
      at Layer.handleRequest (D:\New folder (4)../../server/node_modules/router/lib/layer.js:152:17)
      at trimPrefix (D:\New folder (4)../../server/node_modules/router/index.js:342:13)
      at D:\New folder (4)../../server/node_modules/router/index.js:297:9
      at processParams (D:\New folder (4)../../server/node_modules/router/index.js:582:12)
      at next (D:\New folder (4)../../server/node_modules/router/index.js:291:5)
      at next (D:\New folder (4)../../server/middleware/logger.js:41:3)
      at Layer.handleRequest (D:\New folder (4)../../server/node_modules/router/lib/layer.js:152:17)
      at trimPrefix (D:\New folder (4)../../server/node_modules/router/index.js:342:13)
      at D:\New folder (4)../../server/node_modules/router/index.js:297:9
      at processParams (D:\New folder (4)../../server/node_modules/router/index.js:582:12)
      at next (D:\New folder (4)../../server/node_modules/router/index.js:291:5)
      at D:\New folder (4)../../server/node_modules/body-parser/lib/read.js:171:5
      at invokeCallback (D:\New folder (4)../../server/node_modules/raw-body/index.js:238:16)
      at done (D:\New folder (4)../../server/node_modules/raw-body/index.js:227:7)
      at IncomingMessage.onEnd (D:\New folder (4)../../server/node_modules/raw-body/index.js:287:7)

  console.log
    {"ts":"2026-06-27T01:27:06.996Z","level":"info","msg":"request","reqId":"028d0e11","method":"POST","url":"/api/interview/start","status":400,"ms":11}

      at log (D:\New folder (4)../../server/middleware/logger.js:16:11)

  console.log
    {"ts":"2026-06-27T01:27:07.612Z","level":"Mid","msg":"groq_intro","role":"Engineer","response":"Hello, I'm Smith, your AI Technical Interviewer. Today I'll be conducting your interview based on the role and experience level you've selected. Could you tell me a little about yourself and what motivated you to apply for this Engineer position?"}

      at log (D:\New folder (4)../../server/middleware/logger.js:16:11)

  console.log
    {"ts":"2026-06-27T01:27:07.613Z","level":"Mid","msg":"interview_started","reqId":"e707012b","role":"Engineer"}

      at log (D:\New folder (4)../../server/middleware/logger.js:16:11)

  console.log
    {"ts":"2026-06-27T01:27:07.621Z","level":"info","msg":"request","reqId":"e707012b","method":"POST","url":"/api/interview/start","status":200,"ms":599}

      at log (D:\New folder (4)../../server/middleware/logger.js:16:11)

  console.log
    {"ts":"2026-06-27T01:27:07.865Z","level":"Mid","msg":"groq_intro","role":"Engineer","response":"Hello, I'm Smith, your AI Technical Interviewer. Today I'll be conducting your interview based on the role and experience level you've selected. Let's begin with a brief introduction. Could you tell me a little about yourself?"}

      at log (D:\New folder (4)../../server/middleware/logger.js:16:11)

  console.log
    {"ts":"2026-06-27T01:27:07.866Z","level":"Mid","msg":"interview_started","reqId":"93f5dd7b","role":"Engineer"}

      at log (D:\New folder (4)../../server/middleware/logger.js:16:11)

  console.log
    {"ts":"2026-06-27T01:27:07.869Z","level":"info","msg":"request","reqId":"93f5dd7b","method":"POST","url":"/api/interview/start","status":200,"ms":228}

      at log (D:\New folder (4)../../server/middleware/logger.js:16:11)

  console.error
    {"ts":"2026-06-27T01:27:07.889Z","level":"error","msg":"unhandled_error","reqId":"b0fa1c4f","status":400,"message":"Missing required fields: role","stack":"Error: Missing required fields: role\n    at validateBody (D:\\New folder (4)\\server\\routes\\interviewRoutes.js:38:17)\n    at validateBody (D:\\New folder (4)\\server\\routes\\interviewRoutes.js:228:5)\n    at Layer.handleRequest (D:\\New folder (4)\\server\\node_modules\\router\\lib\\layer.js:152:17)\n    at next (D:\\New folder (4)\\server\\node_modules\\router\\lib\\route.js:157:13)\n    at Route.dispatch (D:\\New folder (4)\\server\\node_modules\\router\\lib\\route.js:117:3)\n    at handle (D:\\New folder (4)\\server\\node_modules\\router\\index.js:435:11)\n    at Layer.handleRequest (D:\\New folder (4)\\server\\node_modules\\router\\lib\\layer.js:152:17)\n    at D:\\New folder (4)\\server\\node_modules\\router\\index.js:295:15\n    at processParams (D:\\New folder (4)\\server\\node_modules\\router\\index.js:582:12)\n    at next (D:\\New folder (4)\\server\\node_modules\\router\\index.js:291:5)\n    at router.handle (D:\\New folder (4)\\server\\node_modules\\router\\index.js:186:3)\n    at router (D:\\New folder (4)\\server\\node_modules\\router\\index.js:60:12)\n    at Layer.handleRequest (D:\\New folder (4)\\server\\node_modules\\router\\lib\\layer.js:152:17)\n    at trimPrefix (D:\\New folder (4)\\server\\node_modules\\router\\index.js:342:13)\n    at D:\\New folder (4)\\server\\node_modules\\router\\index.js:297:9\n    at processParams (D:\\New folder (4)\\server\\node_modules\\router\\index.js:582:12)\n    at next (D:\\New folder (4)\\server\\node_modules\\router\\index.js:291:5)\n    at next (D:\\New folder (4)\\server\\middleware\\logger.js:41:3)\n    at Layer.handleRequest (D:\\New folder (4)\\server\\node_modules\\router\\lib\\layer.js:152:17)\n    at trimPrefix (D:\\New folder (4)\\server\\node_modules\\router\\index.js:342:13)\n    at D:\\New folder (4)\\server\\node_modules\\router\\index.js:297:9\n    at processParams (D:\\New folder (4)\\server\\node_modules\\router\\index.js:582:12)\n    at next (D:\\New folder (4)\\server\\node_modules\\router\\index.js:291:5)\n    at D:\\New folder (4)\\server\\node_modules\\body-parser\\lib\\read.js:171:5\n    at AsyncResource.runInAsyncScope (node:async_hooks:214:14)\n    at invokeCallback (D:\\New folder (4)\\server\\node_modules\\raw-body\\index.js:238:16)\n    at done (D:\\New folder (4)\\server\\node_modules\\raw-body\\index.js:227:7)\n    at IncomingMessage.onEnd (D:\\New folder (4)\\server\\node_modules\\raw-body\\index.js:287:7)\n    at IncomingMessage.emit (node:events:508:28)\n    at endReadableNT (node:internal/streams/readable:1701:12)\n    at processTicksAndRejections (node:internal/process/task_queues:89:21)"}

    [0m [90m 13 |[39m   }[33m;[39m
     [90m 14 |[39m   [36mconst[39m out [33m=[39m [33mJSON[39m[33m.[39mstringify(entry)[33m;[39m
    [31m[1m>[22m[39m[90m 15 |[39m   [36mif[39m (level [33m===[39m [32m'error'[39m) [36mreturn[39m console[33m.[39merror(out)[33m;[39m
     [90m    |[39m                                         [31m[1m^[22m[39m
     [90m 16 |[39m   console[33m.[39mlog(out)[33m;[39m
     [90m 17 |[39m }
     [90m 18 |[39m[0m

      at error (D:\New folder (4)../../server/middleware/logger.js:15:41)
      at Object.log [as error] (D:\New folder (4)../../server/middleware/logger.js:22:25)
      at error (D:\New folder (4)../../server/middleware/errorHandler.js:11:10)
      at Layer.handleError (D:\New folder (4)../../server/node_modules/router/lib/layer.js:116:17)
      at trimPrefix (D:\New folder (4)../../server/node_modules/router/index.js:340:13)
      at D:\New folder (4)../../server/node_modules/router/index.js:297:9
      at processParams (D:\New folder (4)../../server/node_modules/router/index.js:582:12)
      at next (D:\New folder (4)../../server/node_modules/router/index.js:291:5)
      at Layer.handleError (D:\New folder (4)../../server/node_modules/router/lib/layer.js:111:12)
      at trimPrefix (D:\New folder (4)../../server/node_modules/router/index.js:340:13)
      at D:\New folder (4)../../server/node_modules/router/index.js:297:9
      at processParams (D:\New folder (4)../../server/node_modules/router/index.js:582:12)
      at next (D:\New folder (4)../../server/node_modules/router/index.js:291:5)
      at D:\New folder (4)../../server/node_modules/router/index.js:688:15
      at next (D:\New folder (4)../../server/node_modules/router/index.js:276:14)
      at next (D:\New folder (4)../../server/node_modules/router/lib/route.js:132:14)
      at next (D:\New folder (4)../../server/routes/interviewRoutes.js:262:5)
      at Layer.handleRequest (D:\New folder (4)../../server/node_modules/router/lib/layer.js:152:17)
      at next (D:\New folder (4)../../server/node_modules/router/lib/route.js:157:13)
      at Route.dispatch (D:\New folder (4)../../server/node_modules/router/lib/route.js:117:3)
      at handle (D:\New folder (4)../../server/node_modules/router/index.js:435:11)
      at Layer.handleRequest (D:\New folder (4)../../server/node_modules/router/lib/layer.js:152:17)
      at D:\New folder (4)../../server/node_modules/router/index.js:295:15
      at processParams (D:\New folder (4)../../server/node_modules/router/index.js:582:12)
      at next (D:\New folder (4)../../server/node_modules/router/index.js:291:5)
      at router.handle (D:\New folder (4)../../server/node_modules/router/index.js:186:3)
      at router (D:\New folder (4)../../server/node_modules/router/index.js:60:12)
      at Layer.handleRequest (D:\New folder (4)../../server/node_modules/router/lib/layer.js:152:17)
      at trimPrefix (D:\New folder (4)../../server/node_modules/router/index.js:342:13)
      at D:\New folder (4)../../server/node_modules/router/index.js:297:9
      at processParams (D:\New folder (4)../../server/node_modules/router/index.js:582:12)
      at next (D:\New folder (4)../../server/node_modules/router/index.js:291:5)
      at next (D:\New folder (4)../../server/middleware/logger.js:41:3)
      at Layer.handleRequest (D:\New folder (4)../../server/node_modules/router/lib/layer.js:152:17)
      at trimPrefix (D:\New folder (4)../../server/node_modules/router/index.js:342:13)
      at D:\New folder (4)../../server/node_modules/router/index.js:297:9
      at processParams (D:\New folder (4)../../server/node_modules/router/index.js:582:12)
      at next (D:\New folder (4)../../server/node_modules/router/index.js:291:5)
      at D:\New folder (4)../../server/node_modules/body-parser/lib/read.js:171:5
      at invokeCallback (D:\New folder (4)../../server/node_modules/raw-body/index.js:238:16)
      at done (D:\New folder (4)../../server/node_modules/raw-body/index.js:227:7)
      at IncomingMessage.onEnd (D:\New folder (4)../../server/node_modules/raw-body/index.js:287:7)

  console.log
    {"ts":"2026-06-27T01:27:07.901Z","level":"info","msg":"request","reqId":"b0fa1c4f","method":"POST","url":"/api/interview/respond","status":400,"ms":13}

      at log (D:\New folder (4)../../server/middleware/logger.js:16:11)

  console.error
    {"ts":"2026-06-27T01:27:07.916Z","level":"error","msg":"unhandled_error","reqId":"1b1244b1","status":400,"message":"Missing required fields: level","stack":"Error: Missing required fields: level\n    at validateBody (D:\\New folder (4)\\server\\routes\\interviewRoutes.js:38:17)\n    at validateBody (D:\\New folder (4)\\server\\routes\\interviewRoutes.js:228:5)\n    at Layer.handleRequest (D:\\New folder (4)\\server\\node_modules\\router\\lib\\layer.js:152:17)\n    at next (D:\\New folder (4)\\server\\node_modules\\router\\lib\\route.js:157:13)\n    at Route.dispatch (D:\\New folder (4)\\server\\node_modules\\router\\lib\\route.js:117:3)\n    at handle (D:\\New folder (4)\\server\\node_modules\\router\\index.js:435:11)\n    at Layer.handleRequest (D:\\New folder (4)\\server\\node_modules\\router\\lib\\layer.js:152:17)\n    at D:\\New folder (4)\\server\\node_modules\\router\\index.js:295:15\n    at processParams (D:\\New folder (4)\\server\\node_modules\\router\\index.js:582:12)\n    at next (D:\\New folder (4)\\server\\node_modules\\router\\index.js:291:5)\n    at router.handle (D:\\New folder (4)\\server\\node_modules\\router\\index.js:186:3)\n    at router (D:\\New folder (4)\\server\\node_modules\\router\\index.js:60:12)\n    at Layer.handleRequest (D:\\New folder (4)\\server\\node_modules\\router\\lib\\layer.js:152:17)\n    at trimPrefix (D:\\New folder (4)\\server\\node_modules\\router\\index.js:342:13)\n    at D:\\New folder (4)\\server\\node_modules\\router\\index.js:297:9\n    at processParams (D:\\New folder (4)\\server\\node_modules\\router\\index.js:582:12)\n    at next (D:\\New folder (4)\\server\\node_modules\\router\\index.js:291:5)\n    at next (D:\\New folder (4)\\server\\middleware\\logger.js:41:3)\n    at Layer.handleRequest (D:\\New folder (4)\\server\\node_modules\\router\\lib\\layer.js:152:17)\n    at trimPrefix (D:\\New folder (4)\\server\\node_modules\\router\\index.js:342:13)\n    at D:\\New folder (4)\\server\\node_modules\\router\\index.js:297:9\n    at processParams (D:\\New folder (4)\\server\\node_modules\\router\\index.js:582:12)\n    at next (D:\\New folder (4)\\server\\node_modules\\router\\index.js:291:5)\n    at D:\\New folder (4)\\server\\node_modules\\body-parser\\lib\\read.js:171:5\n    at AsyncResource.runInAsyncScope (node:async_hooks:214:14)\n    at invokeCallback (D:\\New folder (4)\\server\\node_modules\\raw-body\\index.js:238:16)\n    at done (D:\\New folder (4)\\server\\node_modules\\raw-body\\index.js:227:7)\n    at IncomingMessage.onEnd (D:\\New folder (4)\\server\\node_modules\\raw-body\\index.js:287:7)\n    at IncomingMessage.emit (node:events:508:28)\n    at endReadableNT (node:internal/streams/readable:1701:12)\n    at processTicksAndRejections (node:internal/process/task_queues:89:21)"}

    [0m [90m 13 |[39m   }[33m;[39m
     [90m 14 |[39m   [36mconst[39m out [33m=[39m [33mJSON[39m[33m.[39mstringify(entry)[33m;[39m
    [31m[1m>[22m[39m[90m 15 |[39m   [36mif[39m (level [33m===[39m [32m'error'[39m) [36mreturn[39m console[33m.[39merror(out)[33m;[39m
     [90m    |[39m                                         [31m[1m^[22m[39m
     [90m 16 |[39m   console[33m.[39mlog(out)[33m;[39m
     [90m 17 |[39m }
     [90m 18 |[39m[0m

      at error (D:\New folder (4)../../server/middleware/logger.js:15:41)
      at Object.log [as error] (D:\New folder (4)../../server/middleware/logger.js:22:25)
      at error (D:\New folder (4)../../server/middleware/errorHandler.js:11:10)
      at Layer.handleError (D:\New folder (4)../../server/node_modules/router/lib/layer.js:116:17)
      at trimPrefix (D:\New folder (4)../../server/node_modules/router/index.js:340:13)
      at D:\New folder (4)../../server/node_modules/router/index.js:297:9
      at processParams (D:\New folder (4)../../server/node_modules/router/index.js:582:12)
      at next (D:\New folder (4)../../server/node_modules/router/index.js:291:5)
      at Layer.handleError (D:\New folder (4)../../server/node_modules/router/lib/layer.js:111:12)
      at trimPrefix (D:\New folder (4)../../server/node_modules/router/index.js:340:13)
      at D:\New folder (4)../../server/node_modules/router/index.js:297:9
      at processParams (D:\New folder (4)../../server/node_modules/router/index.js:582:12)
      at next (D:\New folder (4)../../server/node_modules/router/index.js:291:5)
      at D:\New folder (4)../../server/node_modules/router/index.js:688:15
      at next (D:\New folder (4)../../server/node_modules/router/index.js:276:14)
      at next (D:\New folder (4)../../server/node_modules/router/lib/route.js:132:14)
      at next (D:\New folder (4)../../server/routes/interviewRoutes.js:262:5)
      at Layer.handleRequest (D:\New folder (4)../../server/node_modules/router/lib/layer.js:152:17)
      at next (D:\New folder (4)../../server/node_modules/router/lib/route.js:157:13)
      at Route.dispatch (D:\New folder (4)../../server/node_modules/router/lib/route.js:117:3)
      at handle (D:\New folder (4)../../server/node_modules/router/index.js:435:11)
      at Layer.handleRequest (D:\New folder (4)../../server/node_modules/router/lib/layer.js:152:17)
      at D:\New folder (4)../../server/node_modules/router/index.js:295:15
      at processParams (D:\New folder (4)../../server/node_modules/router/index.js:582:12)
      at next (D:\New folder (4)../../server/node_modules/router/index.js:291:5)
      at router.handle (D:\New folder (4)../../server/node_modules/router/index.js:186:3)
      at router (D:\New folder (4)../../server/node_modules/router/index.js:60:12)
      at Layer.handleRequest (D:\New folder (4)../../server/node_modules/router/lib/layer.js:152:17)
      at trimPrefix (D:\New folder (4)../../server/node_modules/router/index.js:342:13)
      at D:\New folder (4)../../server/node_modules/router/index.js:297:9
      at processParams (D:\New folder (4)../../server/node_modules/router/index.js:582:12)
      at next (D:\New folder (4)../../server/node_modules/router/index.js:291:5)
      at next (D:\New folder (4)../../server/middleware/logger.js:41:3)
      at Layer.handleRequest (D:\New folder (4)../../server/node_modules/router/lib/layer.js:152:17)
      at trimPrefix (D:\New folder (4)../../server/node_modules/router/index.js:342:13)
      at D:\New folder (4)../../server/node_modules/router/index.js:297:9
      at processParams (D:\New folder (4)../../server/node_modules/router/index.js:582:12)
      at next (D:\New folder (4)../../server/node_modules/router/index.js:291:5)
      at D:\New folder (4)../../server/node_modules/body-parser/lib/read.js:171:5
      at invokeCallback (D:\New folder (4)../../server/node_modules/raw-body/index.js:238:16)
      at done (D:\New folder (4)../../server/node_modules/raw-body/index.js:227:7)
      at IncomingMessage.onEnd (D:\New folder (4)../../server/node_modules/raw-body/index.js:287:7)

  console.log
    {"ts":"2026-06-27T01:27:07.925Z","level":"info","msg":"request","reqId":"1b1244b1","method":"POST","url":"/api/interview/respond","status":400,"ms":10}

      at log (D:\New folder (4)../../server/middleware/logger.js:16:11)

  console.error
    {"ts":"2026-06-27T01:27:07.947Z","level":"error","msg":"unhandled_error","reqId":"1aa2b2b0","status":400,"message":"Missing required fields: rawTranscript","stack":"Error: Missing required fields: rawTranscript\n    at validateBody (D:\\New folder (4)\\server\\routes\\interviewRoutes.js:38:17)\n    at validateBody (D:\\New folder (4)\\server\\routes\\interviewRoutes.js:228:5)\n    at Layer.handleRequest (D:\\New folder (4)\\server\\node_modules\\router\\lib\\layer.js:152:17)\n    at next (D:\\New folder (4)\\server\\node_modules\\router\\lib\\route.js:157:13)\n    at Route.dispatch (D:\\New folder (4)\\server\\node_modules\\router\\lib\\route.js:117:3)\n    at handle (D:\\New folder (4)\\server\\node_modules\\router\\index.js:435:11)\n    at Layer.handleRequest (D:\\New folder (4)\\server\\node_modules\\router\\lib\\layer.js:152:17)\n    at D:\\New folder (4)\\server\\node_modules\\router\\index.js:295:15\n    at processParams (D:\\New folder (4)\\server\\node_modules\\router\\index.js:582:12)\n    at next (D:\\New folder (4)\\server\\node_modules\\router\\index.js:291:5)\n    at router.handle (D:\\New folder (4)\\server\\node_modules\\router\\index.js:186:3)\n    at router (D:\\New folder (4)\\server\\node_modules\\router\\index.js:60:12)\n    at Layer.handleRequest (D:\\New folder (4)\\server\\node_modules\\router\\lib\\layer.js:152:17)\n    at trimPrefix (D:\\New folder (4)\\server\\node_modules\\router\\index.js:342:13)\n    at D:\\New folder (4)\\server\\node_modules\\router\\index.js:297:9\n    at processParams (D:\\New folder (4)\\server\\node_modules\\router\\index.js:582:12)\n    at next (D:\\New folder (4)\\server\\node_modules\\router\\index.js:291:5)\n    at next (D:\\New folder (4)\\server\\middleware\\logger.js:41:3)\n    at Layer.handleRequest (D:\\New folder (4)\\server\\node_modules\\router\\lib\\layer.js:152:17)\n    at trimPrefix (D:\\New folder (4)\\server\\node_modules\\router\\index.js:342:13)\n    at D:\\New folder (4)\\server\\node_modules\\router\\index.js:297:9\n    at processParams (D:\\New folder (4)\\server\\node_modules\\router\\index.js:582:12)\n    at next (D:\\New folder (4)\\server\\node_modules\\router\\index.js:291:5)\n    at D:\\New folder (4)\\server\\node_modules\\body-parser\\lib\\read.js:171:5\n    at AsyncResource.runInAsyncScope (node:async_hooks:214:14)\n    at invokeCallback (D:\\New folder (4)\\server\\node_modules\\raw-body\\index.js:238:16)\n    at done (D:\\New folder (4)\\server\\node_modules\\raw-body\\index.js:227:7)\n    at IncomingMessage.onEnd (D:\\New folder (4)\\server\\node_modules\\raw-body\\index.js:287:7)\n    at IncomingMessage.emit (node:events:508:28)\n    at endReadableNT (node:internal/streams/readable:1701:12)\n    at processTicksAndRejections (node:internal/process/task_queues:89:21)"}

    [0m [90m 13 |[39m   }[33m;[39m
     [90m 14 |[39m   [36mconst[39m out [33m=[39m [33mJSON[39m[33m.[39mstringify(entry)[33m;[39m
    [31m[1m>[22m[39m[90m 15 |[39m   [36mif[39m (level [33m===[39m [32m'error'[39m) [36mreturn[39m console[33m.[39merror(out)[33m;[39m
     [90m    |[39m                                         [31m[1m^[22m[39m
     [90m 16 |[39m   console[33m.[39mlog(out)[33m;[39m
     [90m 17 |[39m }
     [90m 18 |[39m[0m

      at error (D:\New folder (4)../../server/middleware/logger.js:15:41)
      at Object.log [as error] (D:\New folder (4)../../server/middleware/logger.js:22:25)
      at error (D:\New folder (4)../../server/middleware/errorHandler.js:11:10)
      at Layer.handleError (D:\New folder (4)../../server/node_modules/router/lib/layer.js:116:17)
      at trimPrefix (D:\New folder (4)../../server/node_modules/router/index.js:340:13)
      at D:\New folder (4)../../server/node_modules/router/index.js:297:9
      at processParams (D:\New folder (4)../../server/node_modules/router/index.js:582:12)
      at next (D:\New folder (4)../../server/node_modules/router/index.js:291:5)
      at Layer.handleError (D:\New folder (4)../../server/node_modules/router/lib/layer.js:111:12)
      at trimPrefix (D:\New folder (4)../../server/node_modules/router/index.js:340:13)
      at D:\New folder (4)../../server/node_modules/router/index.js:297:9
      at processParams (D:\New folder (4)../../server/node_modules/router/index.js:582:12)
      at next (D:\New folder (4)../../server/node_modules/router/index.js:291:5)
      at D:\New folder (4)../../server/node_modules/router/index.js:688:15
      at next (D:\New folder (4)../../server/node_modules/router/index.js:276:14)
      at next (D:\New folder (4)../../server/node_modules/router/lib/route.js:132:14)
      at next (D:\New folder (4)../../server/routes/interviewRoutes.js:262:5)
      at Layer.handleRequest (D:\New folder (4)../../server/node_modules/router/lib/layer.js:152:17)
      at next (D:\New folder (4)../../server/node_modules/router/lib/route.js:157:13)
      at Route.dispatch (D:\New folder (4)../../server/node_modules/router/lib/route.js:117:3)
      at handle (D:\New folder (4)../../server/node_modules/router/index.js:435:11)
      at Layer.handleRequest (D:\New folder (4)../../server/node_modules/router/lib/layer.js:152:17)
      at D:\New folder (4)../../server/node_modules/router/index.js:295:15
      at processParams (D:\New folder (4)../../server/node_modules/router/index.js:582:12)
      at next (D:\New folder (4)../../server/node_modules/router/index.js:291:5)
      at router.handle (D:\New folder (4)../../server/node_modules/router/index.js:186:3)
      at router (D:\New folder (4)../../server/node_modules/router/index.js:60:12)
      at Layer.handleRequest (D:\New folder (4)../../server/node_modules/router/lib/layer.js:152:17)
      at trimPrefix (D:\New folder (4)../../server/node_modules/router/index.js:342:13)
      at D:\New folder (4)../../server/node_modules/router/index.js:297:9
      at processParams (D:\New folder (4)../../server/node_modules/router/index.js:582:12)
      at next (D:\New folder (4)../../server/node_modules/router/index.js:291:5)
      at next (D:\New folder (4)../../server/middleware/logger.js:41:3)
      at Layer.handleRequest (D:\New folder (4)../../server/node_modules/router/lib/layer.js:152:17)
      at trimPrefix (D:\New folder (4)../../server/node_modules/router/index.js:342:13)
      at D:\New folder (4)../../server/node_modules/router/index.js:297:9
      at processParams (D:\New folder (4)../../server/node_modules/router/index.js:582:12)
      at next (D:\New folder (4)../../server/node_modules/router/index.js:291:5)
      at D:\New folder (4)../../server/node_modules/body-parser/lib/read.js:171:5
      at invokeCallback (D:\New folder (4)../../server/node_modules/raw-body/index.js:238:16)
      at done (D:\New folder (4)../../server/node_modules/raw-body/index.js:227:7)
      at IncomingMessage.onEnd (D:\New folder (4)../../server/node_modules/raw-body/index.js:287:7)

  console.log
    {"ts":"2026-06-27T01:27:07.960Z","level":"info","msg":"request","reqId":"1aa2b2b0","method":"POST","url":"/api/interview/respond","status":400,"ms":15}

      at log (D:\New folder (4)../../server/middleware/logger.js:16:11)

  console.log
    {"ts":"2026-06-27T01:27:08.204Z","level":"debug","msg":"groq_cleaned","original":"I build caching algorithms for databases.","cleaned":"I build caching algorithms for databases."}

      at log (D:\New folder (4)../../server/middleware/logger.js:16:11)

  console.log
    {"ts":"2026-06-27T01:27:08.613Z","level":"Mid","msg":"groq_evaluate","role":"Engineer","feedback":"You've got experience in designing caching algorithms to improve database perfor","question":"Can you walk me through your thought process when deciding which caching strateg"}

      at log (D:\New folder (4)../../server/middleware/logger.js:16:11)

  console.log
    {"ts":"2026-06-27T01:27:08.614Z","level":"Mid","msg":"interview_responded","reqId":"18da062a","role":"Engineer"}

      at log (D:\New folder (4)../../server/middleware/logger.js:16:11)

  console.log
    {"ts":"2026-06-27T01:27:08.619Z","level":"info","msg":"request","reqId":"18da062a","method":"POST","url":"/api/interview/respond","status":200,"ms":620}

      at log (D:\New folder (4)../../server/middleware/logger.js:16:11)

  console.log
    {"ts":"2026-06-27T01:27:08.817Z","level":"debug","msg":"groq_cleaned","original":"I build caching algorithms.","cleaned":"I build caching algorithms."}

      at log (D:\New folder (4)../../server/middleware/logger.js:16:11)

  console.log
    {"ts":"2026-06-27T01:27:09.237Z","level":"Mid","msg":"groq_evaluate","role":"Engineer","feedback":"You have a strong background in designing caching algorithms, which is a crucial","question":"Can you walk me through your thought process when deciding between a cache evict"}

      at log (D:\New folder (4)../../server/middleware/logger.js:16:11)

  console.log
    {"ts":"2026-06-27T01:27:09.239Z","level":"Mid","msg":"interview_responded","reqId":"4076d693","role":"Engineer"}

      at log (D:\New folder (4)../../server/middleware/logger.js:16:11)

  console.log
    {"ts":"2026-06-27T01:27:09.242Z","level":"info","msg":"request","reqId":"4076d693","method":"POST","url":"/api/interview/respond","status":200,"ms":602}

      at log (D:\New folder (4)../../server/middleware/logger.js:16:11)

  console.log
    {"ts":"2026-06-27T01:27:09.266Z","level":"info","msg":"request","reqId":"8dda57d5","method":"POST","url":"/api/interview/respond","status":200,"ms":2}

      at log (D:\New folder (4)../../server/middleware/logger.js:16:11)

  console.log
    {"ts":"2026-06-27T01:27:09.285Z","level":"info","msg":"request","reqId":"f61f1be4","method":"POST","url":"/api/interview/respond","status":200,"ms":3}

      at log (D:\New folder (4)../../server/middleware/logger.js:16:11)

  console.error
    {"ts":"2026-06-27T01:27:09.324Z","level":"error","msg":"unhandled_error","reqId":"8647d62d","status":400,"message":"Missing required fields: code","stack":"Error: Missing required fields: code\n    at validateBody (D:\\New folder (4)\\server\\routes\\interviewRoutes.js:38:17)\n    at validateBody (D:\\New folder (4)\\server\\routes\\interviewRoutes.js:295:5)\n    at Layer.handleRequest (D:\\New folder (4)\\server\\node_modules\\router\\lib\\layer.js:152:17)\n    at next (D:\\New folder (4)\\server\\node_modules\\router\\lib\\route.js:157:13)\n    at Route.dispatch (D:\\New folder (4)\\server\\node_modules\\router\\lib\\route.js:117:3)\n    at handle (D:\\New folder (4)\\server\\node_modules\\router\\index.js:435:11)\n    at Layer.handleRequest (D:\\New folder (4)\\server\\node_modules\\router\\lib\\layer.js:152:17)\n    at D:\\New folder (4)\\server\\node_modules\\router\\index.js:295:15\n    at processParams (D:\\New folder (4)\\server\\node_modules\\router\\index.js:582:12)\n    at next (D:\\New folder (4)\\server\\node_modules\\router\\index.js:291:5)\n    at router.handle (D:\\New folder (4)\\server\\node_modules\\router\\index.js:186:3)\n    at router (D:\\New folder (4)\\server\\node_modules\\router\\index.js:60:12)\n    at Layer.handleRequest (D:\\New folder (4)\\server\\node_modules\\router\\lib\\layer.js:152:17)\n    at trimPrefix (D:\\New folder (4)\\server\\node_modules\\router\\index.js:342:13)\n    at D:\\New folder (4)\\server\\node_modules\\router\\index.js:297:9\n    at processParams (D:\\New folder (4)\\server\\node_modules\\router\\index.js:582:12)\n    at next (D:\\New folder (4)\\server\\node_modules\\router\\index.js:291:5)\n    at next (D:\\New folder (4)\\server\\middleware\\logger.js:41:3)\n    at Layer.handleRequest (D:\\New folder (4)\\server\\node_modules\\router\\lib\\layer.js:152:17)\n    at trimPrefix (D:\\New folder (4)\\server\\node_modules\\router\\index.js:342:13)\n    at D:\\New folder (4)\\server\\node_modules\\router\\index.js:297:9\n    at processParams (D:\\New folder (4)\\server\\node_modules\\router\\index.js:582:12)\n    at next (D:\\New folder (4)\\server\\node_modules\\router\\index.js:291:5)\n    at D:\\New folder (4)\\server\\node_modules\\body-parser\\lib\\read.js:171:5\n    at AsyncResource.runInAsyncScope (node:async_hooks:214:14)\n    at invokeCallback (D:\\New folder (4)\\server\\node_modules\\raw-body\\index.js:238:16)\n    at done (D:\\New folder (4)\\server\\node_modules\\raw-body\\index.js:227:7)\n    at IncomingMessage.onEnd (D:\\New folder (4)\\server\\node_modules\\raw-body\\index.js:287:7)\n    at IncomingMessage.emit (node:events:508:28)\n    at endReadableNT (node:internal/streams/readable:1701:12)\n    at processTicksAndRejections (node:internal/process/task_queues:89:21)"}

    [0m [90m 13 |[39m   }[33m;[39m
     [90m 14 |[39m   [36mconst[39m out [33m=[39m [33mJSON[39m[33m.[39mstringify(entry)[33m;[39m
    [31m[1m>[22m[39m[90m 15 |[39m   [36mif[39m (level [33m===[39m [32m'error'[39m) [36mreturn[39m console[33m.[39merror(out)[33m;[39m
     [90m    |[39m                                         [31m[1m^[22m[39m
     [90m 16 |[39m   console[33m.[39mlog(out)[33m;[39m
     [90m 17 |[39m }
     [90m 18 |[39m[0m

      at error (D:\New folder (4)../../server/middleware/logger.js:15:41)
      at Object.log [as error] (D:\New folder (4)../../server/middleware/logger.js:22:25)
      at error (D:\New folder (4)../../server/middleware/errorHandler.js:11:10)
      at Layer.handleError (D:\New folder (4)../../server/node_modules/router/lib/layer.js:116:17)
      at trimPrefix (D:\New folder (4)../../server/node_modules/router/index.js:340:13)
      at D:\New folder (4)../../server/node_modules/router/index.js:297:9
      at processParams (D:\New folder (4)../../server/node_modules/router/index.js:582:12)
      at next (D:\New folder (4)../../server/node_modules/router/index.js:291:5)
      at Layer.handleError (D:\New folder (4)../../server/node_modules/router/lib/layer.js:111:12)
      at trimPrefix (D:\New folder (4)../../server/node_modules/router/index.js:340:13)
      at D:\New folder (4)../../server/node_modules/router/index.js:297:9
      at processParams (D:\New folder (4)../../server/node_modules/router/index.js:582:12)
      at next (D:\New folder (4)../../server/node_modules/router/index.js:291:5)
      at D:\New folder (4)../../server/node_modules/router/index.js:688:15
      at next (D:\New folder (4)../../server/node_modules/router/index.js:276:14)
      at next (D:\New folder (4)../../server/node_modules/router/lib/route.js:132:14)
      at next (D:\New folder (4)../../server/routes/interviewRoutes.js:302:5)
      at Layer.handleRequest (D:\New folder (4)../../server/node_modules/router/lib/layer.js:152:17)
      at next (D:\New folder (4)../../server/node_modules/router/lib/route.js:157:13)
      at Route.dispatch (D:\New folder (4)../../server/node_modules/router/lib/route.js:117:3)
      at handle (D:\New folder (4)../../server/node_modules/router/index.js:435:11)
      at Layer.handleRequest (D:\New folder (4)../../server/node_modules/router/lib/layer.js:152:17)
      at D:\New folder (4)../../server/node_modules/router/index.js:295:15
      at processParams (D:\New folder (4)../../server/node_modules/router/index.js:582:12)
      at next (D:\New folder (4)../../server/node_modules/router/index.js:291:5)
      at router.handle (D:\New folder (4)../../server/node_modules/router/index.js:186:3)
      at router (D:\New folder (4)../../server/node_modules/router/index.js:60:12)
      at Layer.handleRequest (D:\New folder (4)../../server/node_modules/router/lib/layer.js:152:17)
      at trimPrefix (D:\New folder (4)../../server/node_modules/router/index.js:342:13)
      at D:\New folder (4)../../server/node_modules/router/index.js:297:9
      at processParams (D:\New folder (4)../../server/node_modules/router/index.js:582:12)
      at next (D:\New folder (4)../../server/node_modules/router/index.js:291:5)
      at next (D:\New folder (4)../../server/middleware/logger.js:41:3)
      at Layer.handleRequest (D:\New folder (4)../../server/node_modules/router/lib/layer.js:152:17)
      at trimPrefix (D:\New folder (4)../../server/node_modules/router/index.js:342:13)
      at D:\New folder (4)../../server/node_modules/router/index.js:297:9
      at processParams (D:\New folder (4)../../server/node_modules/router/index.js:582:12)
      at next (D:\New folder (4)../../server/node_modules/router/index.js:291:5)
      at D:\New folder (4)../../server/node_modules/body-parser/lib/read.js:171:5
      at invokeCallback (D:\New folder (4)../../server/node_modules/raw-body/index.js:238:16)
      at done (D:\New folder (4)../../server/node_modules/raw-body/index.js:227:7)
      at IncomingMessage.onEnd (D:\New folder (4)../../server/node_modules/raw-body/index.js:287:7)

  console.log
    {"ts":"2026-06-27T01:27:09.334Z","level":"info","msg":"request","reqId":"8647d62d","method":"POST","url":"/api/interview/run-code","status":400,"ms":11}

      at log (D:\New folder (4)../../server/middleware/logger.js:16:11)

  console.error
    {"ts":"2026-06-27T01:27:09.355Z","level":"error","msg":"unhandled_error","reqId":"5ce3eeae","status":400,"message":"Missing required fields: language","stack":"Error: Missing required fields: language\n    at validateBody (D:\\New folder (4)\\server\\routes\\interviewRoutes.js:38:17)\n    at validateBody (D:\\New folder (4)\\server\\routes\\interviewRoutes.js:295:5)\n    at Layer.handleRequest (D:\\New folder (4)\\server\\node_modules\\router\\lib\\layer.js:152:17)\n    at next (D:\\New folder (4)\\server\\node_modules\\router\\lib\\route.js:157:13)\n    at Route.dispatch (D:\\New folder (4)\\server\\node_modules\\router\\lib\\route.js:117:3)\n    at handle (D:\\New folder (4)\\server\\node_modules\\router\\index.js:435:11)\n    at Layer.handleRequest (D:\\New folder (4)\\server\\node_modules\\router\\lib\\layer.js:152:17)\n    at D:\\New folder (4)\\server\\node_modules\\router\\index.js:295:15\n    at processParams (D:\\New folder (4)\\server\\node_modules\\router\\index.js:582:12)\n    at next (D:\\New folder (4)\\server\\node_modules\\router\\index.js:291:5)\n    at router.handle (D:\\New folder (4)\\server\\node_modules\\router\\index.js:186:3)\n    at router (D:\\New folder (4)\\server\\node_modules\\router\\index.js:60:12)\n    at Layer.handleRequest (D:\\New folder (4)\\server\\node_modules\\router\\lib\\layer.js:152:17)\n    at trimPrefix (D:\\New folder (4)\\server\\node_modules\\router\\index.js:342:13)\n    at D:\\New folder (4)\\server\\node_modules\\router\\index.js:297:9\n    at processParams (D:\\New folder (4)\\server\\node_modules\\router\\index.js:582:12)\n    at next (D:\\New folder (4)\\server\\node_modules\\router\\index.js:291:5)\n    at next (D:\\New folder (4)\\server\\middleware\\logger.js:41:3)\n    at Layer.handleRequest (D:\\New folder (4)\\server\\node_modules\\router\\lib\\layer.js:152:17)\n    at trimPrefix (D:\\New folder (4)\\server\\node_modules\\router\\index.js:342:13)\n    at D:\\New folder (4)\\server\\node_modules\\router\\index.js:297:9\n    at processParams (D:\\New folder (4)\\server\\node_modules\\router\\index.js:582:12)\n    at next (D:\\New folder (4)\\server\\node_modules\\router\\index.js:291:5)\n    at D:\\New folder (4)\\server\\node_modules\\body-parser\\lib\\read.js:171:5\n    at AsyncResource.runInAsyncScope (node:async_hooks:214:14)\n    at invokeCallback (D:\\New folder (4)\\server\\node_modules\\raw-body\\index.js:238:16)\n    at done (D:\\New folder (4)\\server\\node_modules\\raw-body\\index.js:227:7)\n    at IncomingMessage.onEnd (D:\\New folder (4)\\server\\node_modules\\raw-body\\index.js:287:7)\n    at IncomingMessage.emit (node:events:508:28)\n    at endReadableNT (node:internal/streams/readable:1701:12)\n    at processTicksAndRejections (node:internal/process/task_queues:89:21)"}

    [0m [90m 13 |[39m   }[33m;[39m
     [90m 14 |[39m   [36mconst[39m out [33m=[39m [33mJSON[39m[33m.[39mstringify(entry)[33m;[39m
    [31m[1m>[22m[39m[90m 15 |[39m   [36mif[39m (level [33m===[39m [32m'error'[39m) [36mreturn[39m console[33m.[39merror(out)[33m;[39m
     [90m    |[39m                                         [31m[1m^[22m[39m
     [90m 16 |[39m   console[33m.[39mlog(out)[33m;[39m
     [90m 17 |[39m }
     [90m 18 |[39m[0m

      at error (D:\New folder (4)../../server/middleware/logger.js:15:41)
      at Object.log [as error] (D:\New folder (4)../../server/middleware/logger.js:22:25)
      at error (D:\New folder (4)../../server/middleware/errorHandler.js:11:10)
      at Layer.handleError (D:\New folder (4)../../server/node_modules/router/lib/layer.js:116:17)
      at trimPrefix (D:\New folder (4)../../server/node_modules/router/index.js:340:13)
      at D:\New folder (4)../../server/node_modules/router/index.js:297:9
      at processParams (D:\New folder (4)../../server/node_modules/router/index.js:582:12)
      at next (D:\New folder (4)../../server/node_modules/router/index.js:291:5)
      at Layer.handleError (D:\New folder (4)../../server/node_modules/router/lib/layer.js:111:12)
      at trimPrefix (D:\New folder (4)../../server/node_modules/router/index.js:340:13)
      at D:\New folder (4)../../server/node_modules/router/index.js:297:9
      at processParams (D:\New folder (4)../../server/node_modules/router/index.js:582:12)
      at next (D:\New folder (4)../../server/node_modules/router/index.js:291:5)
      at D:\New folder (4)../../server/node_modules/router/index.js:688:15
      at next (D:\New folder (4)../../server/node_modules/router/index.js:276:14)
      at next (D:\New folder (4)../../server/node_modules/router/lib/route.js:132:14)
      at next (D:\New folder (4)../../server/routes/interviewRoutes.js:302:5)
      at Layer.handleRequest (D:\New folder (4)../../server/node_modules/router/lib/layer.js:152:17)
      at next (D:\New folder (4)../../server/node_modules/router/lib/route.js:157:13)
      at Route.dispatch (D:\New folder (4)../../server/node_modules/router/lib/route.js:117:3)
      at handle (D:\New folder (4)../../server/node_modules/router/index.js:435:11)
      at Layer.handleRequest (D:\New folder (4)../../server/node_modules/router/lib/layer.js:152:17)
      at D:\New folder (4)../../server/node_modules/router/index.js:295:15
      at processParams (D:\New folder (4)../../server/node_modules/router/index.js:582:12)
      at next (D:\New folder (4)../../server/node_modules/router/index.js:291:5)
      at router.handle (D:\New folder (4)../../server/node_modules/router/index.js:186:3)
      at router (D:\New folder (4)../../server/node_modules/router/index.js:60:12)
      at Layer.handleRequest (D:\New folder (4)../../server/node_modules/router/lib/layer.js:152:17)
      at trimPrefix (D:\New folder (4)../../server/node_modules/router/index.js:342:13)
      at D:\New folder (4)../../server/node_modules/router/index.js:297:9
      at processParams (D:\New folder (4)../../server/node_modules/router/index.js:582:12)
      at next (D:\New folder (4)../../server/node_modules/router/index.js:291:5)
      at next (D:\New folder (4)../../server/middleware/logger.js:41:3)
      at Layer.handleRequest (D:\New folder (4)../../server/node_modules/router/lib/layer.js:152:17)
      at trimPrefix (D:\New folder (4)../../server/node_modules/router/index.js:342:13)
      at D:\New folder (4)../../server/node_modules/router/index.js:297:9
      at processParams (D:\New folder (4)../../server/node_modules/router/index.js:582:12)
      at next (D:\New folder (4)../../server/node_modules/router/index.js:291:5)
      at D:\New folder (4)../../server/node_modules/body-parser/lib/read.js:171:5
      at invokeCallback (D:\New folder (4)../../server/node_modules/raw-body/index.js:238:16)
      at done (D:\New folder (4)../../server/node_modules/raw-body/index.js:227:7)
      at IncomingMessage.onEnd (D:\New folder (4)../../server/node_modules/raw-body/index.js:287:7)

  console.log
    {"ts":"2026-06-27T01:27:09.364Z","level":"info","msg":"request","reqId":"5ce3eeae","method":"POST","url":"/api/interview/run-code","status":400,"ms":10}

      at log (D:\New folder (4)../../server/middleware/logger.js:16:11)

  console.log
    {"ts":"2026-06-27T01:27:09.389Z","level":"info","msg":"code_executed","reqId":"ec283fb4","language":"javascript"}

      at log (D:\New folder (4)../../server/middleware/logger.js:16:11)

  console.log
    {"ts":"2026-06-27T01:27:09.392Z","level":"info","msg":"request","reqId":"ec283fb4","method":"POST","url":"/api/interview/run-code","status":200,"ms":6}

      at log (D:\New folder (4)../../server/middleware/logger.js:16:11)

  console.log
    {"ts":"2026-06-27T01:27:09.414Z","level":"info","msg":"code_executed","reqId":"31c7505e","language":"javascript"}

      at log (D:\New folder (4)../../server/middleware/logger.js:16:11)

  console.log
    {"ts":"2026-06-27T01:27:09.419Z","level":"info","msg":"request","reqId":"31c7505e","method":"POST","url":"/api/interview/run-code","status":200,"ms":6}

      at log (D:\New folder (4)../../server/middleware/logger.js:16:11)

  console.log
    {"ts":"2026-06-27T01:27:09.445Z","level":"info","msg":"code_executed","reqId":"a76169d9","language":"javascript"}

      at log (D:\New folder (4)../../server/middleware/logger.js:16:11)

  console.log
    {"ts":"2026-06-27T01:27:09.449Z","level":"info","msg":"request","reqId":"a76169d9","method":"POST","url":"/api/interview/run-code","status":200,"ms":7}

      at log (D:\New folder (4)../../server/middleware/logger.js:16:11)

  console.log
    {"ts":"2026-06-27T01:27:09.473Z","level":"info","msg":"code_executed","reqId":"7df3cfb8","language":"javascript"}

      at log (D:\New folder (4)../../server/middleware/logger.js:16:11)

  console.log
    {"ts":"2026-06-27T01:27:09.475Z","level":"info","msg":"request","reqId":"7df3cfb8","method":"POST","url":"/api/interview/run-code","status":200,"ms":3}

      at log (D:\New folder (4)../../server/middleware/logger.js:16:11)

  console.error
    {"ts":"2026-06-27T01:27:09.502Z","level":"error","msg":"unhandled_error","reqId":"781e116f","status":400,"message":"Missing required fields: code","stack":"Error: Missing required fields: code\n    at validateBody (D:\\New folder (4)\\server\\routes\\interviewRoutes.js:38:17)\n    at validateBody (D:\\New folder (4)\\server\\routes\\interviewRoutes.js:313:5)\n    at Layer.handleRequest (D:\\New folder (4)\\server\\node_modules\\router\\lib\\layer.js:152:17)\n    at next (D:\\New folder (4)\\server\\node_modules\\router\\lib\\route.js:157:13)\n    at Route.dispatch (D:\\New folder (4)\\server\\node_modules\\router\\lib\\route.js:117:3)\n    at handle (D:\\New folder (4)\\server\\node_modules\\router\\index.js:435:11)\n    at Layer.handleRequest (D:\\New folder (4)\\server\\node_modules\\router\\lib\\layer.js:152:17)\n    at D:\\New folder (4)\\server\\node_modules\\router\\index.js:295:15\n    at processParams (D:\\New folder (4)\\server\\node_modules\\router\\index.js:582:12)\n    at next (D:\\New folder (4)\\server\\node_modules\\router\\index.js:291:5)\n    at router.handle (D:\\New folder (4)\\server\\node_modules\\router\\index.js:186:3)\n    at router (D:\\New folder (4)\\server\\node_modules\\router\\index.js:60:12)\n    at Layer.handleRequest (D:\\New folder (4)\\server\\node_modules\\router\\lib\\layer.js:152:17)\n    at trimPrefix (D:\\New folder (4)\\server\\node_modules\\router\\index.js:342:13)\n    at D:\\New folder (4)\\server\\node_modules\\router\\index.js:297:9\n    at processParams (D:\\New folder (4)\\server\\node_modules\\router\\index.js:582:12)\n    at next (D:\\New folder (4)\\server\\node_modules\\router\\index.js:291:5)\n    at next (D:\\New folder (4)\\server\\middleware\\logger.js:41:3)\n    at Layer.handleRequest (D:\\New folder (4)\\server\\node_modules\\router\\lib\\layer.js:152:17)\n    at trimPrefix (D:\\New folder (4)\\server\\node_modules\\router\\index.js:342:13)\n    at D:\\New folder (4)\\server\\node_modules\\router\\index.js:297:9\n    at processParams (D:\\New folder (4)\\server\\node_modules\\router\\index.js:582:12)\n    at next (D:\\New folder (4)\\server\\node_modules\\router\\index.js:291:5)\n    at D:\\New folder (4)\\server\\node_modules\\body-parser\\lib\\read.js:171:5\n    at AsyncResource.runInAsyncScope (node:async_hooks:214:14)\n    at invokeCallback (D:\\New folder (4)\\server\\node_modules\\raw-body\\index.js:238:16)\n    at done (D:\\New folder (4)\\server\\node_modules\\raw-body\\index.js:227:7)\n    at IncomingMessage.onEnd (D:\\New folder (4)\\server\\node_modules\\raw-body\\index.js:287:7)\n    at IncomingMessage.emit (node:events:508:28)\n    at endReadableNT (node:internal/streams/readable:1701:12)\n    at processTicksAndRejections (node:internal/process/task_queues:89:21)"}

    [0m [90m 13 |[39m   }[33m;[39m
     [90m 14 |[39m   [36mconst[39m out [33m=[39m [33mJSON[39m[33m.[39mstringify(entry)[33m;[39m
    [31m[1m>[22m[39m[90m 15 |[39m   [36mif[39m (level [33m===[39m [32m'error'[39m) [36mreturn[39m console[33m.[39merror(out)[33m;[39m
     [90m    |[39m                                         [31m[1m^[22m[39m
     [90m 16 |[39m   console[33m.[39mlog(out)[33m;[39m
     [90m 17 |[39m }
     [90m 18 |[39m[0m

      at error (D:\New folder (4)../../server/middleware/logger.js:15:41)
      at Object.log [as error] (D:\New folder (4)../../server/middleware/logger.js:22:25)
      at error (D:\New folder (4)../../server/middleware/errorHandler.js:11:10)
      at Layer.handleError (D:\New folder (4)../../server/node_modules/router/lib/layer.js:116:17)
      at trimPrefix (D:\New folder (4)../../server/node_modules/router/index.js:340:13)
      at D:\New folder (4)../../server/node_modules/router/index.js:297:9
      at processParams (D:\New folder (4)../../server/node_modules/router/index.js:582:12)
      at next (D:\New folder (4)../../server/node_modules/router/index.js:291:5)
      at Layer.handleError (D:\New folder (4)../../server/node_modules/router/lib/layer.js:111:12)
      at trimPrefix (D:\New folder (4)../../server/node_modules/router/index.js:340:13)
      at D:\New folder (4)../../server/node_modules/router/index.js:297:9
      at processParams (D:\New folder (4)../../server/node_modules/router/index.js:582:12)
      at Immediate.next (D:\New folder (4)../../server/node_modules/router/index.js:291:5)
      at Immediate._onImmediate (D:\New folder (4)../../server/node_modules/router/index.js:688:15)

  console.log
    {"ts":"2026-06-27T01:27:09.508Z","level":"info","msg":"request","reqId":"781e116f","method":"POST","url":"/api/interview/submit-code","status":400,"ms":8}

      at log (D:\New folder (4)../../server/middleware/logger.js:16:11)

  console.error
    {"ts":"2026-06-27T01:27:09.524Z","level":"error","msg":"unhandled_error","reqId":"6a12307e","status":400,"message":"Missing required fields: language","stack":"Error: Missing required fields: language\n    at validateBody (D:\\New folder (4)\\server\\routes\\interviewRoutes.js:38:17)\n    at validateBody (D:\\New folder (4)\\server\\routes\\interviewRoutes.js:313:5)\n    at Layer.handleRequest (D:\\New folder (4)\\server\\node_modules\\router\\lib\\layer.js:152:17)\n    at next (D:\\New folder (4)\\server\\node_modules\\router\\lib\\route.js:157:13)\n    at Route.dispatch (D:\\New folder (4)\\server\\node_modules\\router\\lib\\route.js:117:3)\n    at handle (D:\\New folder (4)\\server\\node_modules\\router\\index.js:435:11)\n    at Layer.handleRequest (D:\\New folder (4)\\server\\node_modules\\router\\lib\\layer.js:152:17)\n    at D:\\New folder (4)\\server\\node_modules\\router\\index.js:295:15\n    at processParams (D:\\New folder (4)\\server\\node_modules\\router\\index.js:582:12)\n    at next (D:\\New folder (4)\\server\\node_modules\\router\\index.js:291:5)\n    at router.handle (D:\\New folder (4)\\server\\node_modules\\router\\index.js:186:3)\n    at router (D:\\New folder (4)\\server\\node_modules\\router\\index.js:60:12)\n    at Layer.handleRequest (D:\\New folder (4)\\server\\node_modules\\router\\lib\\layer.js:152:17)\n    at trimPrefix (D:\\New folder (4)\\server\\node_modules\\router\\index.js:342:13)\n    at D:\\New folder (4)\\server\\node_modules\\router\\index.js:297:9\n    at processParams (D:\\New folder (4)\\server\\node_modules\\router\\index.js:582:12)\n    at next (D:\\New folder (4)\\server\\node_modules\\router\\index.js:291:5)\n    at next (D:\\New folder (4)\\server\\middleware\\logger.js:41:3)\n    at Layer.handleRequest (D:\\New folder (4)\\server\\node_modules\\router\\lib\\layer.js:152:17)\n    at trimPrefix (D:\\New folder (4)\\server\\node_modules\\router\\index.js:342:13)\n    at D:\\New folder (4)\\server\\node_modules\\router\\index.js:297:9\n    at processParams (D:\\New folder (4)\\server\\node_modules\\router\\index.js:582:12)\n    at next (D:\\New folder (4)\\server\\node_modules\\router\\index.js:291:5)\n    at D:\\New folder (4)\\server\\node_modules\\body-parser\\lib\\read.js:171:5\n    at AsyncResource.runInAsyncScope (node:async_hooks:214:14)\n    at invokeCallback (D:\\New folder (4)\\server\\node_modules\\raw-body\\index.js:238:16)\n    at done (D:\\New folder (4)\\server\\node_modules\\raw-body\\index.js:227:7)\n    at IncomingMessage.onEnd (D:\\New folder (4)\\server\\node_modules\\raw-body\\index.js:287:7)\n    at IncomingMessage.emit (node:events:508:28)\n    at endReadableNT (node:internal/streams/readable:1701:12)\n    at processTicksAndRejections (node:internal/process/task_queues:89:21)"}

    [0m [90m 13 |[39m   }[33m;[39m
     [90m 14 |[39m   [36mconst[39m out [33m=[39m [33mJSON[39m[33m.[39mstringify(entry)[33m;[39m
    [31m[1m>[22m[39m[90m 15 |[39m   [36mif[39m (level [33m===[39m [32m'error'[39m) [36mreturn[39m console[33m.[39merror(out)[33m;[39m
     [90m    |[39m                                         [31m[1m^[22m[39m
     [90m 16 |[39m   console[33m.[39mlog(out)[33m;[39m
     [90m 17 |[39m }
     [90m 18 |[39m[0m

      at error (D:\New folder (4)../../server/middleware/logger.js:15:41)
      at Object.log [as error] (D:\New folder (4)../../server/middleware/logger.js:22:25)
      at error (D:\New folder (4)../../server/middleware/errorHandler.js:11:10)
      at Layer.handleError (D:\New folder (4)../../server/node_modules/router/lib/layer.js:116:17)
      at trimPrefix (D:\New folder (4)../../server/node_modules/router/index.js:340:13)
      at D:\New folder (4)../../server/node_modules/router/index.js:297:9
      at processParams (D:\New folder (4)../../server/node_modules/router/index.js:582:12)
      at next (D:\New folder (4)../../server/node_modules/router/index.js:291:5)
      at Layer.handleError (D:\New folder (4)../../server/node_modules/router/lib/layer.js:111:12)
      at trimPrefix (D:\New folder (4)../../server/node_modules/router/index.js:340:13)
      at D:\New folder (4)../../server/node_modules/router/index.js:297:9
      at processParams (D:\New folder (4)../../server/node_modules/router/index.js:582:12)
      at Immediate.next (D:\New folder (4)../../server/node_modules/router/index.js:291:5)
      at Immediate._onImmediate (D:\New folder (4)../../server/node_modules/router/index.js:688:15)

  console.log
    {"ts":"2026-06-27T01:27:09.529Z","level":"info","msg":"request","reqId":"6a12307e","method":"POST","url":"/api/interview/submit-code","status":400,"ms":7}

      at log (D:\New folder (4)../../server/middleware/logger.js:16:11)

  console.error
    {"ts":"2026-06-27T01:27:09.562Z","level":"error","msg":"unhandled_error","reqId":"7a0cfd49","status":400,"message":"Missing required fields: questionText","stack":"Error: Missing required fields: questionText\n    at validateBody (D:\\New folder (4)\\server\\routes\\interviewRoutes.js:38:17)\n    at validateBody (D:\\New folder (4)\\server\\routes\\interviewRoutes.js:313:5)\n    at Layer.handleRequest (D:\\New folder (4)\\server\\node_modules\\router\\lib\\layer.js:152:17)\n    at next (D:\\New folder (4)\\server\\node_modules\\router\\lib\\route.js:157:13)\n    at Route.dispatch (D:\\New folder (4)\\server\\node_modules\\router\\lib\\route.js:117:3)\n    at handle (D:\\New folder (4)\\server\\node_modules\\router\\index.js:435:11)\n    at Layer.handleRequest (D:\\New folder (4)\\server\\node_modules\\router\\lib\\layer.js:152:17)\n    at D:\\New folder (4)\\server\\node_modules\\router\\index.js:295:15\n    at processParams (D:\\New folder (4)\\server\\node_modules\\router\\index.js:582:12)\n    at next (D:\\New folder (4)\\server\\node_modules\\router\\index.js:291:5)\n    at router.handle (D:\\New folder (4)\\server\\node_modules\\router\\index.js:186:3)\n    at router (D:\\New folder (4)\\server\\node_modules\\router\\index.js:60:12)\n    at Layer.handleRequest (D:\\New folder (4)\\server\\node_modules\\router\\lib\\layer.js:152:17)\n    at trimPrefix (D:\\New folder (4)\\server\\node_modules\\router\\index.js:342:13)\n    at D:\\New folder (4)\\server\\node_modules\\router\\index.js:297:9\n    at processParams (D:\\New folder (4)\\server\\node_modules\\router\\index.js:582:12)\n    at next (D:\\New folder (4)\\server\\node_modules\\router\\index.js:291:5)\n    at next (D:\\New folder (4)\\server\\middleware\\logger.js:41:3)\n    at Layer.handleRequest (D:\\New folder (4)\\server\\node_modules\\router\\lib\\layer.js:152:17)\n    at trimPrefix (D:\\New folder (4)\\server\\node_modules\\router\\index.js:342:13)\n    at D:\\New folder (4)\\server\\node_modules\\router\\index.js:297:9\n    at processParams (D:\\New folder (4)\\server\\node_modules\\router\\index.js:582:12)\n    at next (D:\\New folder (4)\\server\\node_modules\\router\\index.js:291:5)\n    at D:\\New folder (4)\\server\\node_modules\\body-parser\\lib\\read.js:171:5\n    at AsyncResource.runInAsyncScope (node:async_hooks:214:14)\n    at invokeCallback (D:\\New folder (4)\\server\\node_modules\\raw-body\\index.js:238:16)\n    at done (D:\\New folder (4)\\server\\node_modules\\raw-body\\index.js:227:7)\n    at IncomingMessage.onEnd (D:\\New folder (4)\\server\\node_modules\\raw-body\\index.js:287:7)\n    at IncomingMessage.emit (node:events:508:28)\n    at endReadableNT (node:internal/streams/readable:1701:12)\n    at processTicksAndRejections (node:internal/process/task_queues:89:21)"}

    [0m [90m 13 |[39m   }[33m;[39m
     [90m 14 |[39m   [36mconst[39m out [33m=[39m [33mJSON[39m[33m.[39mstringify(entry)[33m;[39m
    [31m[1m>[22m[39m[90m 15 |[39m   [36mif[39m (level [33m===[39m [32m'error'[39m) [36mreturn[39m console[33m.[39merror(out)[33m;[39m
     [90m    |[39m                                         [31m[1m^[22m[39m
     [90m 16 |[39m   console[33m.[39mlog(out)[33m;[39m
     [90m 17 |[39m }
     [90m 18 |[39m[0m

      at error (D:\New folder (4)../../server/middleware/logger.js:15:41)
      at Object.log [as error] (D:\New folder (4)../../server/middleware/logger.js:22:25)
      at error (D:\New folder (4)../../server/middleware/errorHandler.js:11:10)
      at Layer.handleError (D:\New folder (4)../../server/node_modules/router/lib/layer.js:116:17)
      at trimPrefix (D:\New folder (4)../../server/node_modules/router/index.js:340:13)
      at D:\New folder (4)../../server/node_modules/router/index.js:297:9
      at processParams (D:\New folder (4)../../server/node_modules/router/index.js:582:12)
      at next (D:\New folder (4)../../server/node_modules/router/index.js:291:5)
      at Layer.handleError (D:\New folder (4)../../server/node_modules/router/lib/layer.js:111:12)
      at trimPrefix (D:\New folder (4)../../server/node_modules/router/index.js:340:13)
      at D:\New folder (4)../../server/node_modules/router/index.js:297:9
      at processParams (D:\New folder (4)../../server/node_modules/router/index.js:582:12)
      at Immediate.next (D:\New folder (4)../../server/node_modules/router/index.js:291:5)
      at Immediate._onImmediate (D:\New folder (4)../../server/node_modules/router/index.js:688:15)

  console.log
    {"ts":"2026-06-27T01:27:09.569Z","level":"info","msg":"request","reqId":"7a0cfd49","method":"POST","url":"/api/interview/submit-code","status":400,"ms":9}

      at log (D:\New folder (4)../../server/middleware/logger.js:16:11)

  console.error
    {"ts":"2026-06-27T01:27:09.586Z","level":"error","msg":"unhandled_error","reqId":"c2534c47","status":400,"message":"Missing required fields: role","stack":"Error: Missing required fields: role\n    at validateBody (D:\\New folder (4)\\server\\routes\\interviewRoutes.js:38:17)\n    at validateBody (D:\\New folder (4)\\server\\routes\\interviewRoutes.js:313:5)\n    at Layer.handleRequest (D:\\New folder (4)\\server\\node_modules\\router\\lib\\layer.js:152:17)\n    at next (D:\\New folder (4)\\server\\node_modules\\router\\lib\\route.js:157:13)\n    at Route.dispatch (D:\\New folder (4)\\server\\node_modules\\router\\lib\\route.js:117:3)\n    at handle (D:\\New folder (4)\\server\\node_modules\\router\\index.js:435:11)\n    at Layer.handleRequest (D:\\New folder (4)\\server\\node_modules\\router\\lib\\layer.js:152:17)\n    at D:\\New folder (4)\\server\\node_modules\\router\\index.js:295:15\n    at processParams (D:\\New folder (4)\\server\\node_modules\\router\\index.js:582:12)\n    at next (D:\\New folder (4)\\server\\node_modules\\router\\index.js:291:5)\n    at router.handle (D:\\New folder (4)\\server\\node_modules\\router\\index.js:186:3)\n    at router (D:\\New folder (4)\\server\\node_modules\\router\\index.js:60:12)\n    at Layer.handleRequest (D:\\New folder (4)\\server\\node_modules\\router\\lib\\layer.js:152:17)\n    at trimPrefix (D:\\New folder (4)\\server\\node_modules\\router\\index.js:342:13)\n    at D:\\New folder (4)\\server\\node_modules\\router\\index.js:297:9\n    at processParams (D:\\New folder (4)\\server\\node_modules\\router\\index.js:582:12)\n    at next (D:\\New folder (4)\\server\\node_modules\\router\\index.js:291:5)\n    at next (D:\\New folder (4)\\server\\middleware\\logger.js:41:3)\n    at Layer.handleRequest (D:\\New folder (4)\\server\\node_modules\\router\\lib\\layer.js:152:17)\n    at trimPrefix (D:\\New folder (4)\\server\\node_modules\\router\\index.js:342:13)\n    at D:\\New folder (4)\\server\\node_modules\\router\\index.js:297:9\n    at processParams (D:\\New folder (4)\\server\\node_modules\\router\\index.js:582:12)\n    at next (D:\\New folder (4)\\server\\node_modules\\router\\index.js:291:5)\n    at D:\\New folder (4)\\server\\node_modules\\body-parser\\lib\\read.js:171:5\n    at AsyncResource.runInAsyncScope (node:async_hooks:214:14)\n    at invokeCallback (D:\\New folder (4)\\server\\node_modules\\raw-body\\index.js:238:16)\n    at done (D:\\New folder (4)\\server\\node_modules\\raw-body\\index.js:227:7)\n    at IncomingMessage.onEnd (D:\\New folder (4)\\server\\node_modules\\raw-body\\index.js:287:7)\n    at IncomingMessage.emit (node:events:508:28)\n    at endReadableNT (node:internal/streams/readable:1701:12)\n    at processTicksAndRejections (node:internal/process/task_queues:89:21)"}

    [0m [90m 13 |[39m   }[33m;[39m
     [90m 14 |[39m   [36mconst[39m out [33m=[39m [33mJSON[39m[33m.[39mstringify(entry)[33m;[39m
    [31m[1m>[22m[39m[90m 15 |[39m   [36mif[39m (level [33m===[39m [32m'error'[39m) [36mreturn[39m console[33m.[39merror(out)[33m;[39m
     [90m    |[39m                                         [31m[1m^[22m[39m
     [90m 16 |[39m   console[33m.[39mlog(out)[33m;[39m
     [90m 17 |[39m }
     [90m 18 |[39m[0m

      at error (D:\New folder (4)../../server/middleware/logger.js:15:41)
      at Object.log [as error] (D:\New folder (4)../../server/middleware/logger.js:22:25)
      at error (D:\New folder (4)../../server/middleware/errorHandler.js:11:10)
      at Layer.handleError (D:\New folder (4)../../server/node_modules/router/lib/layer.js:116:17)
      at trimPrefix (D:\New folder (4)../../server/node_modules/router/index.js:340:13)
      at D:\New folder (4)../../server/node_modules/router/index.js:297:9
      at processParams (D:\New folder (4)../../server/node_modules/router/index.js:582:12)
      at next (D:\New folder (4)../../server/node_modules/router/index.js:291:5)
      at Layer.handleError (D:\New folder (4)../../server/node_modules/router/lib/layer.js:111:12)
      at trimPrefix (D:\New folder (4)../../server/node_modules/router/index.js:340:13)
      at D:\New folder (4)../../server/node_modules/router/index.js:297:9
      at processParams (D:\New folder (4)../../server/node_modules/router/index.js:582:12)
      at Immediate.next (D:\New folder (4)../../server/node_modules/router/index.js:291:5)
      at Immediate._onImmediate (D:\New folder (4)../../server/node_modules/router/index.js:688:15)

  console.log
    {"ts":"2026-06-27T01:27:09.590Z","level":"info","msg":"request","reqId":"c2534c47","method":"POST","url":"/api/interview/submit-code","status":400,"ms":6}

      at log (D:\New folder (4)../../server/middleware/logger.js:16:11)

  console.error
    {"ts":"2026-06-27T01:27:09.609Z","level":"error","msg":"unhandled_error","reqId":"58554e15","status":400,"message":"Missing required fields: level","stack":"Error: Missing required fields: level\n    at validateBody (D:\\New folder (4)\\server\\routes\\interviewRoutes.js:38:17)\n    at validateBody (D:\\New folder (4)\\server\\routes\\interviewRoutes.js:313:5)\n    at Layer.handleRequest (D:\\New folder (4)\\server\\node_modules\\router\\lib\\layer.js:152:17)\n    at next (D:\\New folder (4)\\server\\node_modules\\router\\lib\\route.js:157:13)\n    at Route.dispatch (D:\\New folder (4)\\server\\node_modules\\router\\lib\\route.js:117:3)\n    at handle (D:\\New folder (4)\\server\\node_modules\\router\\index.js:435:11)\n    at Layer.handleRequest (D:\\New folder (4)\\server\\node_modules\\router\\lib\\layer.js:152:17)\n    at D:\\New folder (4)\\server\\node_modules\\router\\index.js:295:15\n    at processParams (D:\\New folder (4)\\server\\node_modules\\router\\index.js:582:12)\n    at next (D:\\New folder (4)\\server\\node_modules\\router\\index.js:291:5)\n    at router.handle (D:\\New folder (4)\\server\\node_modules\\router\\index.js:186:3)\n    at router (D:\\New folder (4)\\server\\node_modules\\router\\index.js:60:12)\n    at Layer.handleRequest (D:\\New folder (4)\\server\\node_modules\\router\\lib\\layer.js:152:17)\n    at trimPrefix (D:\\New folder (4)\\server\\node_modules\\router\\index.js:342:13)\n    at D:\\New folder (4)\\server\\node_modules\\router\\index.js:297:9\n    at processParams (D:\\New folder (4)\\server\\node_modules\\router\\index.js:582:12)\n    at next (D:\\New folder (4)\\server\\node_modules\\router\\index.js:291:5)\n    at next (D:\\New folder (4)\\server\\middleware\\logger.js:41:3)\n    at Layer.handleRequest (D:\\New folder (4)\\server\\node_modules\\router\\lib\\layer.js:152:17)\n    at trimPrefix (D:\\New folder (4)\\server\\node_modules\\router\\index.js:342:13)\n    at D:\\New folder (4)\\server\\node_modules\\router\\index.js:297:9\n    at processParams (D:\\New folder (4)\\server\\node_modules\\router\\index.js:582:12)\n    at next (D:\\New folder (4)\\server\\node_modules\\router\\index.js:291:5)\n    at D:\\New folder (4)\\server\\node_modules\\body-parser\\lib\\read.js:171:5\n    at AsyncResource.runInAsyncScope (node:async_hooks:214:14)\n    at invokeCallback (D:\\New folder (4)\\server\\node_modules\\raw-body\\index.js:238:16)\n    at done (D:\\New folder (4)\\server\\node_modules\\raw-body\\index.js:227:7)\n    at IncomingMessage.onEnd (D:\\New folder (4)\\server\\node_modules\\raw-body\\index.js:287:7)\n    at IncomingMessage.emit (node:events:508:28)\n    at endReadableNT (node:internal/streams/readable:1701:12)\n    at processTicksAndRejections (node:internal/process/task_queues:89:21)"}

    [0m [90m 13 |[39m   }[33m;[39m
     [90m 14 |[39m   [36mconst[39m out [33m=[39m [33mJSON[39m[33m.[39mstringify(entry)[33m;[39m
    [31m[1m>[22m[39m[90m 15 |[39m   [36mif[39m (level [33m===[39m [32m'error'[39m) [36mreturn[39m console[33m.[39merror(out)[33m;[39m
     [90m    |[39m                                         [31m[1m^[22m[39m
     [90m 16 |[39m   console[33m.[39mlog(out)[33m;[39m
     [90m 17 |[39m }
     [90m 18 |[39m[0m

      at error (D:\New folder (4)../../server/middleware/logger.js:15:41)
      at Object.log [as error] (D:\New folder (4)../../server/middleware/logger.js:22:25)
      at error (D:\New folder (4)../../server/middleware/errorHandler.js:11:10)
      at Layer.handleError (D:\New folder (4)../../server/node_modules/router/lib/layer.js:116:17)
      at trimPrefix (D:\New folder (4)../../server/node_modules/router/index.js:340:13)
      at D:\New folder (4)../../server/node_modules/router/index.js:297:9
      at processParams (D:\New folder (4)../../server/node_modules/router/index.js:582:12)
      at next (D:\New folder (4)../../server/node_modules/router/index.js:291:5)
      at Layer.handleError (D:\New folder (4)../../server/node_modules/router/lib/layer.js:111:12)
      at trimPrefix (D:\New folder (4)../../server/node_modules/router/index.js:340:13)
      at D:\New folder (4)../../server/node_modules/router/index.js:297:9
      at processParams (D:\New folder (4)../../server/node_modules/router/index.js:582:12)
      at Immediate.next (D:\New folder (4)../../server/node_modules/router/index.js:291:5)
      at Immediate._onImmediate (D:\New folder (4)../../server/node_modules/router/index.js:688:15)

  console.log
    {"ts":"2026-06-27T01:27:09.613Z","level":"info","msg":"request","reqId":"58554e15","method":"POST","url":"/api/interview/submit-code","status":400,"ms":6}

      at log (D:\New folder (4)../../server/middleware/logger.js:16:11)

  console.log
    {"ts":"2026-06-27T01:27:09.956Z","level":"Mid","msg":"groq_evaluate","role":"Backend Dev","feedback":"Your implementation of the add function is clear and concise, and it correctly h","question":"What inspired you to choose a particular data structure or approach for storing "}

      at log (D:\New folder (4)../../server/middleware/logger.js:16:11)

  console.log
    {"ts":"2026-06-27T01:27:09.958Z","level":"info","msg":"code_submitted_and_evaluated","reqId":"1098d03e","language":"python"}

      at log (D:\New folder (4)../../server/middleware/logger.js:16:11)

  console.log
    {"ts":"2026-06-27T01:27:09.961Z","level":"info","msg":"request","reqId":"1098d03e","method":"POST","url":"/api/interview/submit-code","status":200,"ms":331}

      at log (D:\New folder (4)../../server/middleware/logger.js:16:11)

  console.error
    {"ts":"2026-06-27T01:27:09.979Z","level":"error","msg":"resume_analysis_failed","err":"No resume file provided"}

    [0m [90m 13 |[39m   }[33m;[39m
     [90m 14 |[39m   [36mconst[39m out [33m=[39m [33mJSON[39m[33m.[39mstringify(entry)[33m;[39m
    [31m[1m>[22m[39m[90m 15 |[39m   [36mif[39m (level [33m===[39m [32m'error'[39m) [36mreturn[39m console[33m.[39merror(out)[33m;[39m
     [90m    |[39m                                         [31m[1m^[22m[39m
     [90m 16 |[39m   console[33m.[39mlog(out)[33m;[39m
     [90m 17 |[39m }
     [90m 18 |[39m[0m

      at error (D:\New folder (4)../../server/middleware/logger.js:15:41)
      at Object.log [as error] (D:\New folder (4)../../server/middleware/logger.js:22:25)
      at error (D:\New folder (4)../../server/routes/interviewRoutes.js:162:12)
      at Layer.handleRequest (D:\New folder (4)../../server/node_modules/router/lib/layer.js:152:17)
      at next (D:\New folder (4)../../server/node_modules/router/lib/route.js:157:13)
      at multerMiddleware (D:\New folder (4)../../server/node_modules/multer/lib/make-middleware.js:18:41)
      at Layer.handleRequest (D:\New folder (4)../../server/node_modules/router/lib/layer.js:152:17)
      at next (D:\New folder (4)../../server/node_modules/router/lib/route.js:157:13)
      at Route.dispatch (D:\New folder (4)../../server/node_modules/router/lib/route.js:117:3)
      at handle (D:\New folder (4)../../server/node_modules/router/index.js:435:11)
      at Layer.handleRequest (D:\New folder (4)../../server/node_modules/router/lib/layer.js:152:17)
      at D:\New folder (4)../../server/node_modules/router/index.js:295:15
      at processParams (D:\New folder (4)../../server/node_modules/router/index.js:582:12)
      at next (D:\New folder (4)../../server/node_modules/router/index.js:291:5)
      at router.handle (D:\New folder (4)../../server/node_modules/router/index.js:186:3)
      at router (D:\New folder (4)../../server/node_modules/router/index.js:60:12)
      at Layer.handleRequest (D:\New folder (4)../../server/node_modules/router/lib/layer.js:152:17)
      at trimPrefix (D:\New folder (4)../../server/node_modules/router/index.js:342:13)
      at D:\New folder (4)../../server/node_modules/router/index.js:297:9
      at processParams (D:\New folder (4)../../server/node_modules/router/index.js:582:12)
      at next (D:\New folder (4)../../server/node_modules/router/index.js:291:5)
      at next (D:\New folder (4)../../server/middleware/logger.js:41:3)
      at Layer.handleRequest (D:\New folder (4)../../server/node_modules/router/lib/layer.js:152:17)
      at trimPrefix (D:\New folder (4)../../server/node_modules/router/index.js:342:13)
      at D:\New folder (4)../../server/node_modules/router/index.js:297:9
      at processParams (D:\New folder (4)../../server/node_modules/router/index.js:582:12)
      at next (D:\New folder (4)../../server/node_modules/router/index.js:291:5)
      at read (D:\New folder (4)../../server/node_modules/body-parser/lib/read.js:62:5)
      at jsonParser (D:\New folder (4)../../server/node_modules/body-parser/lib/types/json.js:88:5)
      at Layer.handleRequest (D:\New folder (4)../../server/node_modules/router/lib/layer.js:152:17)
      at trimPrefix (D:\New folder (4)../../server/node_modules/router/index.js:342:13)
      at D:\New folder (4)../../server/node_modules/router/index.js:297:9
      at processParams (D:\New folder (4)../../server/node_modules/router/index.js:582:12)
      at next (D:\New folder (4)../../server/node_modules/router/index.js:291:5)
      at cors (D:\New folder (4)../../server/node_modules/cors/lib/index.js:188:7)
      at D:\New folder (4)../../server/node_modules/cors/lib/index.js:224:17
      at callback (D:\New folder (4)../../server/index.js:40:25)
      at D:\New folder (4)../../server/node_modules/cors/lib/index.js:219:13
      at optionsCallback (D:\New folder (4)../../server/node_modules/cors/lib/index.js:199:9)
      at corsMiddleware (D:\New folder (4)../../server/node_modules/cors/lib/index.js:204:7)
      at Layer.handleRequest (D:\New folder (4)../../server/node_modules/router/lib/layer.js:152:17)
      at trimPrefix (D:\New folder (4)../../server/node_modules/router/index.js:342:13)
      at D:\New folder (4)../../server/node_modules/router/index.js:297:9
      at processParams (D:\New folder (4)../../server/node_modules/router/index.js:582:12)
      at next (D:\New folder (4)../../server/node_modules/router/index.js:291:5)
      at router.handle (D:\New folder (4)../../server/node_modules/router/index.js:186:3)
      at app.handle (D:\New folder (4)../../server/node_modules/express/lib/application.js:177:15)
      at Server.app (D:\New folder (4)../../server/node_modules/express/lib/express.js:38:9)

  console.log
    {"ts":"2026-06-27T01:27:09.992Z","level":"info","msg":"request","reqId":"af5b147f","method":"POST","url":"/api/interview/resume","status":200,"ms":14}

      at log (D:\New folder (4)../../server/middleware/logger.js:16:11)

  console.error
    {"ts":"2026-06-27T01:27:10.021Z","level":"error","msg":"unhandled_error","reqId":"78290f93","status":400,"message":"Missing required fields: role","stack":"Error: Missing required fields: role\n    at validateBody (D:\\New folder (4)\\server\\routes\\interviewRoutes.js:38:17)\n    at validateBody (D:\\New folder (4)\\server\\routes\\interviewRoutes.js:273:5)\n    at Layer.handleRequest (D:\\New folder (4)\\server\\node_modules\\router\\lib\\layer.js:152:17)\n    at next (D:\\New folder (4)\\server\\node_modules\\router\\lib\\route.js:157:13)\n    at Route.dispatch (D:\\New folder (4)\\server\\node_modules\\router\\lib\\route.js:117:3)\n    at handle (D:\\New folder (4)\\server\\node_modules\\router\\index.js:435:11)\n    at Layer.handleRequest (D:\\New folder (4)\\server\\node_modules\\router\\lib\\layer.js:152:17)\n    at D:\\New folder (4)\\server\\node_modules\\router\\index.js:295:15\n    at processParams (D:\\New folder (4)\\server\\node_modules\\router\\index.js:582:12)\n    at next (D:\\New folder (4)\\server\\node_modules\\router\\index.js:291:5)\n    at router.handle (D:\\New folder (4)\\server\\node_modules\\router\\index.js:186:3)\n    at router (D:\\New folder (4)\\server\\node_modules\\router\\index.js:60:12)\n    at Layer.handleRequest (D:\\New folder (4)\\server\\node_modules\\router\\lib\\layer.js:152:17)\n    at trimPrefix (D:\\New folder (4)\\server\\node_modules\\router\\index.js:342:13)\n    at D:\\New folder (4)\\server\\node_modules\\router\\index.js:297:9\n    at processParams (D:\\New folder (4)\\server\\node_modules\\router\\index.js:582:12)\n    at next (D:\\New folder (4)\\server\\node_modules\\router\\index.js:291:5)\n    at next (D:\\New folder (4)\\server\\middleware\\logger.js:41:3)\n    at Layer.handleRequest (D:\\New folder (4)\\server\\node_modules\\router\\lib\\layer.js:152:17)\n    at trimPrefix (D:\\New folder (4)\\server\\node_modules\\router\\index.js:342:13)\n    at D:\\New folder (4)\\server\\node_modules\\router\\index.js:297:9\n    at processParams (D:\\New folder (4)\\server\\node_modules\\router\\index.js:582:12)\n    at next (D:\\New folder (4)\\server\\node_modules\\router\\index.js:291:5)\n    at D:\\New folder (4)\\server\\node_modules\\body-parser\\lib\\read.js:171:5\n    at AsyncResource.runInAsyncScope (node:async_hooks:214:14)\n    at invokeCallback (D:\\New folder (4)\\server\\node_modules\\raw-body\\index.js:238:16)\n    at done (D:\\New folder (4)\\server\\node_modules\\raw-body\\index.js:227:7)\n    at IncomingMessage.onEnd (D:\\New folder (4)\\server\\node_modules\\raw-body\\index.js:287:7)\n    at IncomingMessage.emit (node:events:508:28)\n    at endReadableNT (node:internal/streams/readable:1701:12)\n    at processTicksAndRejections (node:internal/process/task_queues:89:21)"}

    [0m [90m 13 |[39m   }[33m;[39m
     [90m 14 |[39m   [36mconst[39m out [33m=[39m [33mJSON[39m[33m.[39mstringify(entry)[33m;[39m
    [31m[1m>[22m[39m[90m 15 |[39m   [36mif[39m (level [33m===[39m [32m'error'[39m) [36mreturn[39m console[33m.[39merror(out)[33m;[39m
     [90m    |[39m                                         [31m[1m^[22m[39m
     [90m 16 |[39m   console[33m.[39mlog(out)[33m;[39m
     [90m 17 |[39m }
     [90m 18 |[39m[0m

      at error (D:\New folder (4)../../server/middleware/logger.js:15:41)
      at Object.log [as error] (D:\New folder (4)../../server/middleware/logger.js:22:25)
      at error (D:\New folder (4)../../server/middleware/errorHandler.js:11:10)
      at Layer.handleError (D:\New folder (4)../../server/node_modules/router/lib/layer.js:116:17)
      at trimPrefix (D:\New folder (4)../../server/node_modules/router/index.js:340:13)
      at D:\New folder (4)../../server/node_modules/router/index.js:297:9
      at processParams (D:\New folder (4)../../server/node_modules/router/index.js:582:12)
      at next (D:\New folder (4)../../server/node_modules/router/index.js:291:5)
      at Layer.handleError (D:\New folder (4)../../server/node_modules/router/lib/layer.js:111:12)
      at trimPrefix (D:\New folder (4)../../server/node_modules/router/index.js:340:13)
      at D:\New folder (4)../../server/node_modules/router/index.js:297:9
      at processParams (D:\New folder (4)../../server/node_modules/router/index.js:582:12)
      at next (D:\New folder (4)../../server/node_modules/router/index.js:291:5)
      at D:\New folder (4)../../server/node_modules/router/index.js:688:15
      at next (D:\New folder (4)../../server/node_modules/router/index.js:276:14)
      at next (D:\New folder (4)../../server/node_modules/router/lib/route.js:132:14)
      at next (D:\New folder (4)../../server/routes/interviewRoutes.js:284:5)
      at Layer.handleRequest (D:\New folder (4)../../server/node_modules/router/lib/layer.js:152:17)
      at next (D:\New folder (4)../../server/node_modules/router/lib/route.js:157:13)
      at Route.dispatch (D:\New folder (4)../../server/node_modules/router/lib/route.js:117:3)
      at handle (D:\New folder (4)../../server/node_modules/router/index.js:435:11)
      at Layer.handleRequest (D:\New folder (4)../../server/node_modules/router/lib/layer.js:152:17)
      at D:\New folder (4)../../server/node_modules/router/index.js:295:15
      at processParams (D:\New folder (4)../../server/node_modules/router/index.js:582:12)
      at next (D:\New folder (4)../../server/node_modules/router/index.js:291:5)
      at router.handle (D:\New folder (4)../../server/node_modules/router/index.js:186:3)
      at router (D:\New folder (4)../../server/node_modules/router/index.js:60:12)
      at Layer.handleRequest (D:\New folder (4)../../server/node_modules/router/lib/layer.js:152:17)
      at trimPrefix (D:\New folder (4)../../server/node_modules/router/index.js:342:13)
      at D:\New folder (4)../../server/node_modules/router/index.js:297:9
      at processParams (D:\New folder (4)../../server/node_modules/router/index.js:582:12)
      at next (D:\New folder (4)../../server/node_modules/router/index.js:291:5)
      at next (D:\New folder (4)../../server/middleware/logger.js:41:3)
      at Layer.handleRequest (D:\New folder (4)../../server/node_modules/router/lib/layer.js:152:17)
      at trimPrefix (D:\New folder (4)../../server/node_modules/router/index.js:342:13)
      at D:\New folder (4)../../server/node_modules/router/index.js:297:9
      at processParams (D:\New folder (4)../../server/node_modules/router/index.js:582:12)
      at next (D:\New folder (4)../../server/node_modules/router/index.js:291:5)
      at D:\New folder (4)../../server/node_modules/body-parser/lib/read.js:171:5
      at invokeCallback (D:\New folder (4)../../server/node_modules/raw-body/index.js:238:16)
      at done (D:\New folder (4)../../server/node_modules/raw-body/index.js:227:7)
      at IncomingMessage.onEnd (D:\New folder (4)../../server/node_modules/raw-body/index.js:287:7)

  console.log
    {"ts":"2026-06-27T01:27:10.033Z","level":"info","msg":"request","reqId":"78290f93","method":"POST","url":"/api/interview/finish","status":400,"ms":13}

      at log (D:\New folder (4)../../server/middleware/logger.js:16:11)

  console.error
    {"ts":"2026-06-27T01:27:10.070Z","level":"error","msg":"unhandled_error","reqId":"5f66fecc","status":400,"message":"Missing required fields: level","stack":"Error: Missing required fields: level\n    at validateBody (D:\\New folder (4)\\server\\routes\\interviewRoutes.js:38:17)\n    at validateBody (D:\\New folder (4)\\server\\routes\\interviewRoutes.js:273:5)\n    at Layer.handleRequest (D:\\New folder (4)\\server\\node_modules\\router\\lib\\layer.js:152:17)\n    at next (D:\\New folder (4)\\server\\node_modules\\router\\lib\\route.js:157:13)\n    at Route.dispatch (D:\\New folder (4)\\server\\node_modules\\router\\lib\\route.js:117:3)\n    at handle (D:\\New folder (4)\\server\\node_modules\\router\\index.js:435:11)\n    at Layer.handleRequest (D:\\New folder (4)\\server\\node_modules\\router\\lib\\layer.js:152:17)\n    at D:\\New folder (4)\\server\\node_modules\\router\\index.js:295:15\n    at processParams (D:\\New folder (4)\\server\\node_modules\\router\\index.js:582:12)\n    at next (D:\\New folder (4)\\server\\node_modules\\router\\index.js:291:5)\n    at router.handle (D:\\New folder (4)\\server\\node_modules\\router\\index.js:186:3)\n    at router (D:\\New folder (4)\\server\\node_modules\\router\\index.js:60:12)\n    at Layer.handleRequest (D:\\New folder (4)\\server\\node_modules\\router\\lib\\layer.js:152:17)\n    at trimPrefix (D:\\New folder (4)\\server\\node_modules\\router\\index.js:342:13)\n    at D:\\New folder (4)\\server\\node_modules\\router\\index.js:297:9\n    at processParams (D:\\New folder (4)\\server\\node_modules\\router\\index.js:582:12)\n    at next (D:\\New folder (4)\\server\\node_modules\\router\\index.js:291:5)\n    at next (D:\\New folder (4)\\server\\middleware\\logger.js:41:3)\n    at Layer.handleRequest (D:\\New folder (4)\\server\\node_modules\\router\\lib\\layer.js:152:17)\n    at trimPrefix (D:\\New folder (4)\\server\\node_modules\\router\\index.js:342:13)\n    at D:\\New folder (4)\\server\\node_modules\\router\\index.js:297:9\n    at processParams (D:\\New folder (4)\\server\\node_modules\\router\\index.js:582:12)\n    at next (D:\\New folder (4)\\server\\node_modules\\router\\index.js:291:5)\n    at D:\\New folder (4)\\server\\node_modules\\body-parser\\lib\\read.js:171:5\n    at AsyncResource.runInAsyncScope (node:async_hooks:214:14)\n    at invokeCallback (D:\\New folder (4)\\server\\node_modules\\raw-body\\index.js:238:16)\n    at done (D:\\New folder (4)\\server\\node_modules\\raw-body\\index.js:227:7)\n    at IncomingMessage.onEnd (D:\\New folder (4)\\server\\node_modules\\raw-body\\index.js:287:7)\n    at IncomingMessage.emit (node:events:508:28)\n    at endReadableNT (node:internal/streams/readable:1701:12)\n    at processTicksAndRejections (node:internal/process/task_queues:89:21)"}

    [0m [90m 13 |[39m   }[33m;[39m
     [90m 14 |[39m   [36mconst[39m out [33m=[39m [33mJSON[39m[33m.[39mstringify(entry)[33m;[39m
    [31m[1m>[22m[39m[90m 15 |[39m   [36mif[39m (level [33m===[39m [32m'error'[39m) [36mreturn[39m console[33m.[39merror(out)[33m;[39m
     [90m    |[39m                                         [31m[1m^[22m[39m
     [90m 16 |[39m   console[33m.[39mlog(out)[33m;[39m
     [90m 17 |[39m }
     [90m 18 |[39m[0m

      at error (D:\New folder (4)../../server/middleware/logger.js:15:41)
      at Object.log [as error] (D:\New folder (4)../../server/middleware/logger.js:22:25)
      at error (D:\New folder (4)../../server/middleware/errorHandler.js:11:10)
      at Layer.handleError (D:\New folder (4)../../server/node_modules/router/lib/layer.js:116:17)
      at trimPrefix (D:\New folder (4)../../server/node_modules/router/index.js:340:13)
      at D:\New folder (4)../../server/node_modules/router/index.js:297:9
      at processParams (D:\New folder (4)../../server/node_modules/router/index.js:582:12)
      at next (D:\New folder (4)../../server/node_modules/router/index.js:291:5)
      at Layer.handleError (D:\New folder (4)../../server/node_modules/router/lib/layer.js:111:12)
      at trimPrefix (D:\New folder (4)../../server/node_modules/router/index.js:340:13)
      at D:\New folder (4)../../server/node_modules/router/index.js:297:9
      at processParams (D:\New folder (4)../../server/node_modules/router/index.js:582:12)
      at next (D:\New folder (4)../../server/node_modules/router/index.js:291:5)
      at D:\New folder (4)../../server/node_modules/router/index.js:688:15
      at next (D:\New folder (4)../../server/node_modules/router/index.js:276:14)
      at next (D:\New folder (4)../../server/node_modules/router/lib/route.js:132:14)
      at next (D:\New folder (4)../../server/routes/interviewRoutes.js:284:5)
      at Layer.handleRequest (D:\New folder (4)../../server/node_modules/router/lib/layer.js:152:17)
      at next (D:\New folder (4)../../server/node_modules/router/lib/route.js:157:13)
      at Route.dispatch (D:\New folder (4)../../server/node_modules/router/lib/route.js:117:3)
      at handle (D:\New folder (4)../../server/node_modules/router/index.js:435:11)
      at Layer.handleRequest (D:\New folder (4)../../server/node_modules/router/lib/layer.js:152:17)
      at D:\New folder (4)../../server/node_modules/router/index.js:295:15
      at processParams (D:\New folder (4)../../server/node_modules/router/index.js:582:12)
      at next (D:\New folder (4)../../server/node_modules/router/index.js:291:5)
      at router.handle (D:\New folder (4)../../server/node_modules/router/index.js:186:3)
      at router (D:\New folder (4)../../server/node_modules/router/index.js:60:12)
      at Layer.handleRequest (D:\New folder (4)../../server/node_modules/router/lib/layer.js:152:17)
      at trimPrefix (D:\New folder (4)../../server/node_modules/router/index.js:342:13)
      at D:\New folder (4)../../server/node_modules/router/index.js:297:9
      at processParams (D:\New folder (4)../../server/node_modules/router/index.js:582:12)
      at next (D:\New folder (4)../../server/node_modules/router/index.js:291:5)
      at next (D:\New folder (4)../../server/middleware/logger.js:41:3)
      at Layer.handleRequest (D:\New folder (4)../../server/node_modules/router/lib/layer.js:152:17)
      at trimPrefix (D:\New folder (4)../../server/node_modules/router/index.js:342:13)
      at D:\New folder (4)../../server/node_modules/router/index.js:297:9
      at processParams (D:\New folder (4)../../server/node_modules/router/index.js:582:12)
      at next (D:\New folder (4)../../server/node_modules/router/index.js:291:5)
      at D:\New folder (4)../../server/node_modules/body-parser/lib/read.js:171:5
      at invokeCallback (D:\New folder (4)../../server/node_modules/raw-body/index.js:238:16)
      at done (D:\New folder (4)../../server/node_modules/raw-body/index.js:227:7)
      at IncomingMessage.onEnd (D:\New folder (4)../../server/node_modules/raw-body/index.js:287:7)

  console.log
    {"ts":"2026-06-27T01:27:10.080Z","level":"info","msg":"request","reqId":"5f66fecc","method":"POST","url":"/api/interview/finish","status":400,"ms":11}

      at log (D:\New folder (4)../../server/middleware/logger.js:16:11)

  console.log
    {"ts":"2026-06-27T01:27:10.101Z","level":"Mid","msg":"groq_analysis_premature_exit","role":"Engineer","responseCount":0}

      at log (D:\New folder (4)../../server/middleware/logger.js:16:11)

  console.log
    {"ts":"2026-06-27T01:27:10.105Z","level":"Mid","msg":"interview_finished","reqId":"c26a5afa","role":"Engineer"}

      at log (D:\New folder (4)../../server/middleware/logger.js:16:11)

  console.log
    {"ts":"2026-06-27T01:27:10.108Z","level":"info","msg":"request","reqId":"c26a5afa","method":"POST","url":"/api/interview/finish","status":200,"ms":7}

      at log (D:\New folder (4)../../server/middleware/logger.js:16:11)

  console.log
    {"ts":"2026-06-27T01:27:10.126Z","level":"Mid","msg":"groq_analysis_premature_exit","role":"Engineer","responseCount":0}

      at log (D:\New folder (4)../../server/middleware/logger.js:16:11)

  console.log
    {"ts":"2026-06-27T01:27:10.129Z","level":"Mid","msg":"interview_finished","reqId":"f406a4a4","role":"Engineer"}

      at log (D:\New folder (4)../../server/middleware/logger.js:16:11)

  console.log
    {"ts":"2026-06-27T01:27:10.132Z","level":"info","msg":"request","reqId":"f406a4a4","method":"POST","url":"/api/interview/finish","status":200,"ms":6}

      at log (D:\New folder (4)../../server/middleware/logger.js:16:11)

  console.error
    {"ts":"2026-06-27T01:27:10.153Z","level":"error","msg":"unhandled_error","reqId":"a892087d","status":400,"message":"No audio file provided","stack":"Error: No audio file provided\n    at D:\\New folder (4)\\server\\routes\\interviewRoutes.js:176:19\n    at Layer.handleRequest (D:\\New folder (4)\\server\\node_modules\\router\\lib\\layer.js:152:17)\n    at next (D:\\New folder (4)\\server\\node_modules\\router\\lib\\route.js:157:13)\n    at multerMiddleware (D:\\New folder (4)\\server\\node_modules\\multer\\lib\\make-middleware.js:18:41)\n    at Layer.handleRequest (D:\\New folder (4)\\server\\node_modules\\router\\lib\\layer.js:152:17)\n    at next (D:\\New folder (4)\\server\\node_modules\\router\\lib\\route.js:157:13)\n    at Route.dispatch (D:\\New folder (4)\\server\\node_modules\\router\\lib\\route.js:117:3)\n    at handle (D:\\New folder (4)\\server\\node_modules\\router\\index.js:435:11)\n    at Layer.handleRequest (D:\\New folder (4)\\server\\node_modules\\router\\lib\\layer.js:152:17)\n    at D:\\New folder (4)\\server\\node_modules\\router\\index.js:295:15\n    at processParams (D:\\New folder (4)\\server\\node_modules\\router\\index.js:582:12)\n    at next (D:\\New folder (4)\\server\\node_modules\\router\\index.js:291:5)\n    at router.handle (D:\\New folder (4)\\server\\node_modules\\router\\index.js:186:3)\n    at router (D:\\New folder (4)\\server\\node_modules\\router\\index.js:60:12)\n    at Layer.handleRequest (D:\\New folder (4)\\server\\node_modules\\router\\lib\\layer.js:152:17)\n    at trimPrefix (D:\\New folder (4)\\server\\node_modules\\router\\index.js:342:13)\n    at D:\\New folder (4)\\server\\node_modules\\router\\index.js:297:9\n    at processParams (D:\\New folder (4)\\server\\node_modules\\router\\index.js:582:12)\n    at next (D:\\New folder (4)\\server\\node_modules\\router\\index.js:291:5)\n    at next (D:\\New folder (4)\\server\\middleware\\logger.js:41:3)\n    at Layer.handleRequest (D:\\New folder (4)\\server\\node_modules\\router\\lib\\layer.js:152:17)\n    at trimPrefix (D:\\New folder (4)\\server\\node_modules\\router\\index.js:342:13)\n    at D:\\New folder (4)\\server\\node_modules\\router\\index.js:297:9\n    at processParams (D:\\New folder (4)\\server\\node_modules\\router\\index.js:582:12)\n    at next (D:\\New folder (4)\\server\\node_modules\\router\\index.js:291:5)\n    at read (D:\\New folder (4)\\server\\node_modules\\body-parser\\lib\\read.js:62:5)\n    at jsonParser (D:\\New folder (4)\\server\\node_modules\\body-parser\\lib\\types\\json.js:88:5)\n    at Layer.handleRequest (D:\\New folder (4)\\server\\node_modules\\router\\lib\\layer.js:152:17)\n    at trimPrefix (D:\\New folder (4)\\server\\node_modules\\router\\index.js:342:13)\n    at D:\\New folder (4)\\server\\node_modules\\router\\index.js:297:9\n    at processParams (D:\\New folder (4)\\server\\node_modules\\router\\index.js:582:12)\n    at next (D:\\New folder (4)\\server\\node_modules\\router\\index.js:291:5)\n    at cors (D:\\New folder (4)\\server\\node_modules\\cors\\lib\\index.js:188:7)\n    at D:\\New folder (4)\\server\\node_modules\\cors\\lib\\index.js:224:17\n    at callback (D:\\New folder (4)\\server\\index.js:40:25)\n    at D:\\New folder (4)\\server\\node_modules\\cors\\lib\\index.js:219:13\n    at optionsCallback (D:\\New folder (4)\\server\\node_modules\\cors\\lib\\index.js:199:9)\n    at corsMiddleware (D:\\New folder (4)\\server\\node_modules\\cors\\lib\\index.js:204:7)\n    at Layer.handleRequest (D:\\New folder (4)\\server\\node_modules\\router\\lib\\layer.js:152:17)\n    at trimPrefix (D:\\New folder (4)\\server\\node_modules\\router\\index.js:342:13)\n    at D:\\New folder (4)\\server\\node_modules\\router\\index.js:297:9\n    at processParams (D:\\New folder (4)\\server\\node_modules\\router\\index.js:582:12)\n    at next (D:\\New folder (4)\\server\\node_modules\\router\\index.js:291:5)\n    at router.handle (D:\\New folder (4)\\server\\node_modules\\router\\index.js:186:3)\n    at app.handle (D:\\New folder (4)\\server\\node_modules\\express\\lib\\application.js:177:15)\n    at Server.app (D:\\New folder (4)\\server\\node_modules\\express\\lib\\express.js:38:9)\n    at Server.emit (node:events:508:28)\n    at parserOnIncoming (node:_http_server:1210:12)\n    at HTTPParser.parserOnHeadersComplete (node:_http_common:123:17)"}

    [0m [90m 13 |[39m   }[33m;[39m
     [90m 14 |[39m   [36mconst[39m out [33m=[39m [33mJSON[39m[33m.[39mstringify(entry)[33m;[39m
    [31m[1m>[22m[39m[90m 15 |[39m   [36mif[39m (level [33m===[39m [32m'error'[39m) [36mreturn[39m console[33m.[39merror(out)[33m;[39m
     [90m    |[39m                                         [31m[1m^[22m[39m
     [90m 16 |[39m   console[33m.[39mlog(out)[33m;[39m
     [90m 17 |[39m }
     [90m 18 |[39m[0m

      at error (D:\New folder (4)../../server/middleware/logger.js:15:41)
      at Object.log [as error] (D:\New folder (4)../../server/middleware/logger.js:22:25)
      at error (D:\New folder (4)../../server/middleware/errorHandler.js:11:10)
      at Layer.handleError (D:\New folder (4)../../server/node_modules/router/lib/layer.js:116:17)
      at trimPrefix (D:\New folder (4)../../server/node_modules/router/index.js:340:13)
      at D:\New folder (4)../../server/node_modules/router/index.js:297:9
      at processParams (D:\New folder (4)../../server/node_modules/router/index.js:582:12)
      at next (D:\New folder (4)../../server/node_modules/router/index.js:291:5)
      at Layer.handleError (D:\New folder (4)../../server/node_modules/router/lib/layer.js:111:12)
      at trimPrefix (D:\New folder (4)../../server/node_modules/router/index.js:340:13)
      at D:\New folder (4)../../server/node_modules/router/index.js:297:9
      at processParams (D:\New folder (4)../../server/node_modules/router/index.js:582:12)
      at next (D:\New folder (4)../../server/node_modules/router/index.js:291:5)
      at D:\New folder (4)../../server/node_modules/router/index.js:688:15
      at next (D:\New folder (4)../../server/node_modules/router/index.js:276:14)
      at next (D:\New folder (4)../../server/node_modules/router/lib/route.js:132:14)
      at next (D:\New folder (4)../../server/routes/interviewRoutes.js:198:5)
      at Layer.handleRequest (D:\New folder (4)../../server/node_modules/router/lib/layer.js:152:17)
      at next (D:\New folder (4)../../server/node_modules/router/lib/route.js:157:13)
      at multerMiddleware (D:\New folder (4)../../server/node_modules/multer/lib/make-middleware.js:18:41)
      at Layer.handleRequest (D:\New folder (4)../../server/node_modules/router/lib/layer.js:152:17)
      at next (D:\New folder (4)../../server/node_modules/router/lib/route.js:157:13)
      at Route.dispatch (D:\New folder (4)../../server/node_modules/router/lib/route.js:117:3)
      at handle (D:\New folder (4)../../server/node_modules/router/index.js:435:11)
      at Layer.handleRequest (D:\New folder (4)../../server/node_modules/router/lib/layer.js:152:17)
      at D:\New folder (4)../../server/node_modules/router/index.js:295:15
      at processParams (D:\New folder (4)../../server/node_modules/router/index.js:582:12)
      at next (D:\New folder (4)../../server/node_modules/router/index.js:291:5)
      at router.handle (D:\New folder (4)../../server/node_modules/router/index.js:186:3)
      at router (D:\New folder (4)../../server/node_modules/router/index.js:60:12)
      at Layer.handleRequest (D:\New folder (4)../../server/node_modules/router/lib/layer.js:152:17)
      at trimPrefix (D:\New folder (4)../../server/node_modules/router/index.js:342:13)
      at D:\New folder (4)../../server/node_modules/router/index.js:297:9
      at processParams (D:\New folder (4)../../server/node_modules/router/index.js:582:12)
      at next (D:\New folder (4)../../server/node_modules/router/index.js:291:5)
      at next (D:\New folder (4)../../server/middleware/logger.js:41:3)
      at Layer.handleRequest (D:\New folder (4)../../server/node_modules/router/lib/layer.js:152:17)
      at trimPrefix (D:\New folder (4)../../server/node_modules/router/index.js:342:13)
      at D:\New folder (4)../../server/node_modules/router/index.js:297:9
      at processParams (D:\New folder (4)../../server/node_modules/router/index.js:582:12)
      at next (D:\New folder (4)../../server/node_modules/router/index.js:291:5)
      at read (D:\New folder (4)../../server/node_modules/body-parser/lib/read.js:62:5)
      at jsonParser (D:\New folder (4)../../server/node_modules/body-parser/lib/types/json.js:88:5)
      at Layer.handleRequest (D:\New folder (4)../../server/node_modules/router/lib/layer.js:152:17)
      at trimPrefix (D:\New folder (4)../../server/node_modules/router/index.js:342:13)
      at D:\New folder (4)../../server/node_modules/router/index.js:297:9
      at processParams (D:\New folder (4)../../server/node_modules/router/index.js:582:12)
      at next (D:\New folder (4)../../server/node_modules/router/index.js:291:5)
      at cors (D:\New folder (4)../../server/node_modules/cors/lib/index.js:188:7)
      at D:\New folder (4)../../server/node_modules/cors/lib/index.js:224:17
      at callback (D:\New folder (4)../../server/index.js:40:25)
      at D:\New folder (4)../../server/node_modules/cors/lib/index.js:219:13
      at optionsCallback (D:\New folder (4)../../server/node_modules/cors/lib/index.js:199:9)
      at corsMiddleware (D:\New folder (4)../../server/node_modules/cors/lib/index.js:204:7)
      at Layer.handleRequest (D:\New folder (4)../../server/node_modules/router/lib/layer.js:152:17)
      at trimPrefix (D:\New folder (4)../../server/node_modules/router/index.js:342:13)
      at D:\New folder (4)../../server/node_modules/router/index.js:297:9
      at processParams (D:\New folder (4)../../server/node_modules/router/index.js:582:12)
      at next (D:\New folder (4)../../server/node_modules/router/index.js:291:5)
      at router.handle (D:\New folder (4)../../server/node_modules/router/index.js:186:3)
      at app.handle (D:\New folder (4)../../server/node_modules/express/lib/application.js:177:15)
      at Server.app (D:\New folder (4)../../server/node_modules/express/lib/express.js:38:9)

  console.log
    {"ts":"2026-06-27T01:27:10.166Z","level":"info","msg":"request","reqId":"a892087d","method":"POST","url":"/api/interview/transcribe","status":400,"ms":17}

      at log (D:\New folder (4)../../server/middleware/logger.js:16:11)

  console.error
    {"ts":"2026-06-27T01:27:10.185Z","level":"error","msg":"unhandled_error","reqId":"a61cf3e2","status":400,"message":"Missing required fields: role","stack":"Error: Missing required fields: role\n    at validateBody (D:\\New folder (4)\\server\\routes\\interviewRoutes.js:38:17)\n    at validateBody (D:\\New folder (4)\\server\\routes\\interviewRoutes.js:209:5)\n    at Layer.handleRequest (D:\\New folder (4)\\server\\node_modules\\router\\lib\\layer.js:152:17)\n    at next (D:\\New folder (4)\\server\\node_modules\\router\\lib\\route.js:157:13)\n    at Route.dispatch (D:\\New folder (4)\\server\\node_modules\\router\\lib\\route.js:117:3)\n    at handle (D:\\New folder (4)\\server\\node_modules\\router\\index.js:435:11)\n    at Layer.handleRequest (D:\\New folder (4)\\server\\node_modules\\router\\lib\\layer.js:152:17)\n    at D:\\New folder (4)\\server\\node_modules\\router\\index.js:295:15\n    at processParams (D:\\New folder (4)\\server\\node_modules\\router\\index.js:582:12)\n    at next (D:\\New folder (4)\\server\\node_modules\\router\\index.js:291:5)\n    at router.handle (D:\\New folder (4)\\server\\node_modules\\router\\index.js:186:3)\n    at router (D:\\New folder (4)\\server\\node_modules\\router\\index.js:60:12)\n    at Layer.handleRequest (D:\\New folder (4)\\server\\node_modules\\router\\lib\\layer.js:152:17)\n    at trimPrefix (D:\\New folder (4)\\server\\node_modules\\router\\index.js:342:13)\n    at D:\\New folder (4)\\server\\node_modules\\router\\index.js:297:9\n    at processParams (D:\\New folder (4)\\server\\node_modules\\router\\index.js:582:12)\n    at next (D:\\New folder (4)\\server\\node_modules\\router\\index.js:291:5)\n    at next (D:\\New folder (4)\\server\\middleware\\logger.js:41:3)\n    at Layer.handleRequest (D:\\New folder (4)\\server\\node_modules\\router\\lib\\layer.js:152:17)\n    at trimPrefix (D:\\New folder (4)\\server\\node_modules\\router\\index.js:342:13)\n    at D:\\New folder (4)\\server\\node_modules\\router\\index.js:297:9\n    at processParams (D:\\New folder (4)\\server\\node_modules\\router\\index.js:582:12)\n    at next (D:\\New folder (4)\\server\\node_modules\\router\\index.js:291:5)\n    at D:\\New folder (4)\\server\\node_modules\\body-parser\\lib\\read.js:171:5\n    at AsyncResource.runInAsyncScope (node:async_hooks:214:14)\n    at invokeCallback (D:\\New folder (4)\\server\\node_modules\\raw-body\\index.js:238:16)\n    at done (D:\\New folder (4)\\server\\node_modules\\raw-body\\index.js:227:7)\n    at IncomingMessage.onEnd (D:\\New folder (4)\\server\\node_modules\\raw-body\\index.js:287:7)\n    at IncomingMessage.emit (node:events:508:28)\n    at endReadableNT (node:internal/streams/readable:1701:12)\n    at processTicksAndRejections (node:internal/process/task_queues:89:21)"}

    [0m [90m 13 |[39m   }[33m;[39m
     [90m 14 |[39m   [36mconst[39m out [33m=[39m [33mJSON[39m[33m.[39mstringify(entry)[33m;[39m
    [31m[1m>[22m[39m[90m 15 |[39m   [36mif[39m (level [33m===[39m [32m'error'[39m) [36mreturn[39m console[33m.[39merror(out)[33m;[39m
     [90m    |[39m                                         [31m[1m^[22m[39m
     [90m 16 |[39m   console[33m.[39mlog(out)[33m;[39m
     [90m 17 |[39m }
     [90m 18 |[39m[0m

      at error (D:\New folder (4)../../server/middleware/logger.js:15:41)
      at Object.log [as error] (D:\New folder (4)../../server/middleware/logger.js:22:25)
      at error (D:\New folder (4)../../server/middleware/errorHandler.js:11:10)
      at Layer.handleError (D:\New folder (4)../../server/node_modules/router/lib/layer.js:116:17)
      at trimPrefix (D:\New folder (4)../../server/node_modules/router/index.js:340:13)
      at D:\New folder (4)../../server/node_modules/router/index.js:297:9
      at processParams (D:\New folder (4)../../server/node_modules/router/index.js:582:12)
      at next (D:\New folder (4)../../server/node_modules/router/index.js:291:5)
      at Layer.handleError (D:\New folder (4)../../server/node_modules/router/lib/layer.js:111:12)
      at trimPrefix (D:\New folder (4)../../server/node_modules/router/index.js:340:13)
      at D:\New folder (4)../../server/node_modules/router/index.js:297:9
      at processParams (D:\New folder (4)../../server/node_modules/router/index.js:582:12)
      at next (D:\New folder (4)../../server/node_modules/router/index.js:291:5)
      at D:\New folder (4)../../server/node_modules/router/index.js:688:15
      at next (D:\New folder (4)../../server/node_modules/router/index.js:276:14)
      at next (D:\New folder (4)../../server/node_modules/router/lib/route.js:132:14)
      at next (D:\New folder (4)../../server/routes/interviewRoutes.js:217:5)
      at Layer.handleRequest (D:\New folder (4)../../server/node_modules/router/lib/layer.js:152:17)
      at next (D:\New folder (4)../../server/node_modules/router/lib/route.js:157:13)
      at Route.dispatch (D:\New folder (4)../../server/node_modules/router/lib/route.js:117:3)
      at handle (D:\New folder (4)../../server/node_modules/router/index.js:435:11)
      at Layer.handleRequest (D:\New folder (4)../../server/node_modules/router/lib/layer.js:152:17)
      at D:\New folder (4)../../server/node_modules/router/index.js:295:15
      at processParams (D:\New folder (4)../../server/node_modules/router/index.js:582:12)
      at next (D:\New folder (4)../../server/node_modules/router/index.js:291:5)
      at router.handle (D:\New folder (4)../../server/node_modules/router/index.js:186:3)
      at router (D:\New folder (4)../../server/node_modules/router/index.js:60:12)
      at Layer.handleRequest (D:\New folder (4)../../server/node_modules/router/lib/layer.js:152:17)
      at trimPrefix (D:\New folder (4)../../server/node_modules/router/index.js:342:13)
      at D:\New folder (4)../../server/node_modules/router/index.js:297:9
      at processParams (D:\New folder (4)../../server/node_modules/router/index.js:582:12)
      at next (D:\New folder (4)../../server/node_modules/router/index.js:291:5)
      at next (D:\New folder (4)../../server/middleware/logger.js:41:3)
      at Layer.handleRequest (D:\New folder (4)../../server/node_modules/router/lib/layer.js:152:17)
      at trimPrefix (D:\New folder (4)../../server/node_modules/router/index.js:342:13)
      at D:\New folder (4)../../server/node_modules/router/index.js:297:9
      at processParams (D:\New folder (4)../../server/node_modules/router/index.js:582:12)
      at next (D:\New folder (4)../../server/node_modules/router/index.js:291:5)
      at D:\New folder (4)../../server/node_modules/body-parser/lib/read.js:171:5
      at invokeCallback (D:\New folder (4)../../server/node_modules/raw-body/index.js:238:16)
      at done (D:\New folder (4)../../server/node_modules/raw-body/index.js:227:7)
      at IncomingMessage.onEnd (D:\New folder (4)../../server/node_modules/raw-body/index.js:287:7)

  console.log
    {"ts":"2026-06-27T01:27:10.193Z","level":"info","msg":"request","reqId":"a61cf3e2","method":"POST","url":"/api/interview/start","status":400,"ms":9}

      at log (D:\New folder (4)../../server/middleware/logger.js:16:11)

  console.error
    {"ts":"2026-06-27T01:27:10.213Z","level":"error","msg":"unhandled_error","reqId":"8851c06d","status":400,"message":"Missing required fields: level","stack":"Error: Missing required fields: level\n    at validateBody (D:\\New folder (4)\\server\\routes\\interviewRoutes.js:38:17)\n    at validateBody (D:\\New folder (4)\\server\\routes\\interviewRoutes.js:209:5)\n    at Layer.handleRequest (D:\\New folder (4)\\server\\node_modules\\router\\lib\\layer.js:152:17)\n    at next (D:\\New folder (4)\\server\\node_modules\\router\\lib\\route.js:157:13)\n    at Route.dispatch (D:\\New folder (4)\\server\\node_modules\\router\\lib\\route.js:117:3)\n    at handle (D:\\New folder (4)\\server\\node_modules\\router\\index.js:435:11)\n    at Layer.handleRequest (D:\\New folder (4)\\server\\node_modules\\router\\lib\\layer.js:152:17)\n    at D:\\New folder (4)\\server\\node_modules\\router\\index.js:295:15\n    at processParams (D:\\New folder (4)\\server\\node_modules\\router\\index.js:582:12)\n    at next (D:\\New folder (4)\\server\\node_modules\\router\\index.js:291:5)\n    at router.handle (D:\\New folder (4)\\server\\node_modules\\router\\index.js:186:3)\n    at router (D:\\New folder (4)\\server\\node_modules\\router\\index.js:60:12)\n    at Layer.handleRequest (D:\\New folder (4)\\server\\node_modules\\router\\lib\\layer.js:152:17)\n    at trimPrefix (D:\\New folder (4)\\server\\node_modules\\router\\index.js:342:13)\n    at D:\\New folder (4)\\server\\node_modules\\router\\index.js:297:9\n    at processParams (D:\\New folder (4)\\server\\node_modules\\router\\index.js:582:12)\n    at next (D:\\New folder (4)\\server\\node_modules\\router\\index.js:291:5)\n    at next (D:\\New folder (4)\\server\\middleware\\logger.js:41:3)\n    at Layer.handleRequest (D:\\New folder (4)\\server\\node_modules\\router\\lib\\layer.js:152:17)\n    at trimPrefix (D:\\New folder (4)\\server\\node_modules\\router\\index.js:342:13)\n    at D:\\New folder (4)\\server\\node_modules\\router\\index.js:297:9\n    at processParams (D:\\New folder (4)\\server\\node_modules\\router\\index.js:582:12)\n    at next (D:\\New folder (4)\\server\\node_modules\\router\\index.js:291:5)\n    at D:\\New folder (4)\\server\\node_modules\\body-parser\\lib\\read.js:171:5\n    at AsyncResource.runInAsyncScope (node:async_hooks:214:14)\n    at invokeCallback (D:\\New folder (4)\\server\\node_modules\\raw-body\\index.js:238:16)\n    at done (D:\\New folder (4)\\server\\node_modules\\raw-body\\index.js:227:7)\n    at IncomingMessage.onEnd (D:\\New folder (4)\\server\\node_modules\\raw-body\\index.js:287:7)\n    at IncomingMessage.emit (node:events:508:28)\n    at endReadableNT (node:internal/streams/readable:1701:12)\n    at processTicksAndRejections (node:internal/process/task_queues:89:21)"}

    [0m [90m 13 |[39m   }[33m;[39m
     [90m 14 |[39m   [36mconst[39m out [33m=[39m [33mJSON[39m[33m.[39mstringify(entry)[33m;[39m
    [31m[1m>[22m[39m[90m 15 |[39m   [36mif[39m (level [33m===[39m [32m'error'[39m) [36mreturn[39m console[33m.[39merror(out)[33m;[39m
     [90m    |[39m                                         [31m[1m^[22m[39m
     [90m 16 |[39m   console[33m.[39mlog(out)[33m;[39m
     [90m 17 |[39m }
     [90m 18 |[39m[0m

      at error (D:\New folder (4)../../server/middleware/logger.js:15:41)
      at Object.log [as error] (D:\New folder (4)../../server/middleware/logger.js:22:25)
      at error (D:\New folder (4)../../server/middleware/errorHandler.js:11:10)
      at Layer.handleError (D:\New folder (4)../../server/node_modules/router/lib/layer.js:116:17)
      at trimPrefix (D:\New folder (4)../../server/node_modules/router/index.js:340:13)
      at D:\New folder (4)../../server/node_modules/router/index.js:297:9
      at processParams (D:\New folder (4)../../server/node_modules/router/index.js:582:12)
      at next (D:\New folder (4)../../server/node_modules/router/index.js:291:5)
      at Layer.handleError (D:\New folder (4)../../server/node_modules/router/lib/layer.js:111:12)
      at trimPrefix (D:\New folder (4)../../server/node_modules/router/index.js:340:13)
      at D:\New folder (4)../../server/node_modules/router/index.js:297:9
      at processParams (D:\New folder (4)../../server/node_modules/router/index.js:582:12)
      at next (D:\New folder (4)../../server/node_modules/router/index.js:291:5)
      at D:\New folder (4)../../server/node_modules/router/index.js:688:15
      at next (D:\New folder (4)../../server/node_modules/router/index.js:276:14)
      at next (D:\New folder (4)../../server/node_modules/router/lib/route.js:132:14)
      at next (D:\New folder (4)../../server/routes/interviewRoutes.js:217:5)
      at Layer.handleRequest (D:\New folder (4)../../server/node_modules/router/lib/layer.js:152:17)
      at next (D:\New folder (4)../../server/node_modules/router/lib/route.js:157:13)
      at Route.dispatch (D:\New folder (4)../../server/node_modules/router/lib/route.js:117:3)
      at handle (D:\New folder (4)../../server/node_modules/router/index.js:435:11)
      at Layer.handleRequest (D:\New folder (4)../../server/node_modules/router/lib/layer.js:152:17)
      at D:\New folder (4)../../server/node_modules/router/index.js:295:15
      at processParams (D:\New folder (4)../../server/node_modules/router/index.js:582:12)
      at next (D:\New folder (4)../../server/node_modules/router/index.js:291:5)
      at router.handle (D:\New folder (4)../../server/node_modules/router/index.js:186:3)
      at router (D:\New folder (4)../../server/node_modules/router/index.js:60:12)
      at Layer.handleRequest (D:\New folder (4)../../server/node_modules/router/lib/layer.js:152:17)
      at trimPrefix (D:\New folder (4)../../server/node_modules/router/index.js:342:13)
      at D:\New folder (4)../../server/node_modules/router/index.js:297:9
      at processParams (D:\New folder (4)../../server/node_modules/router/index.js:582:12)
      at next (D:\New folder (4)../../server/node_modules/router/index.js:291:5)
      at next (D:\New folder (4)../../server/middleware/logger.js:41:3)
      at Layer.handleRequest (D:\New folder (4)../../server/node_modules/router/lib/layer.js:152:17)
      at trimPrefix (D:\New folder (4)../../server/node_modules/router/index.js:342:13)
      at D:\New folder (4)../../server/node_modules/router/index.js:297:9
      at processParams (D:\New folder (4)../../server/node_modules/router/index.js:582:12)
      at next (D:\New folder (4)../../server/node_modules/router/index.js:291:5)
      at D:\New folder (4)../../server/node_modules/body-parser/lib/read.js:171:5
      at invokeCallback (D:\New folder (4)../../server/node_modules/raw-body/index.js:238:16)
      at done (D:\New folder (4)../../server/node_modules/raw-body/index.js:227:7)
      at IncomingMessage.onEnd (D:\New folder (4)../../server/node_modules/raw-body/index.js:287:7)

  console.log
    {"ts":"2026-06-27T01:27:10.222Z","level":"info","msg":"request","reqId":"8851c06d","method":"POST","url":"/api/interview/start","status":400,"ms":10}

      at log (D:\New folder (4)../../server/middleware/logger.js:16:11)

  console.error
    {"ts":"2026-06-27T01:27:10.242Z","level":"error","msg":"unhandled_error","reqId":"35b07984","status":400,"message":"Missing required fields: role","stack":"Error: Missing required fields: role\n    at validateBody (D:\\New folder (4)\\server\\routes\\interviewRoutes.js:38:17)\n    at validateBody (D:\\New folder (4)\\server\\routes\\interviewRoutes.js:228:5)\n    at Layer.handleRequest (D:\\New folder (4)\\server\\node_modules\\router\\lib\\layer.js:152:17)\n    at next (D:\\New folder (4)\\server\\node_modules\\router\\lib\\route.js:157:13)\n    at Route.dispatch (D:\\New folder (4)\\server\\node_modules\\router\\lib\\route.js:117:3)\n    at handle (D:\\New folder (4)\\server\\node_modules\\router\\index.js:435:11)\n    at Layer.handleRequest (D:\\New folder (4)\\server\\node_modules\\router\\lib\\layer.js:152:17)\n    at D:\\New folder (4)\\server\\node_modules\\router\\index.js:295:15\n    at processParams (D:\\New folder (4)\\server\\node_modules\\router\\index.js:582:12)\n    at next (D:\\New folder (4)\\server\\node_modules\\router\\index.js:291:5)\n    at router.handle (D:\\New folder (4)\\server\\node_modules\\router\\index.js:186:3)\n    at router (D:\\New folder (4)\\server\\node_modules\\router\\index.js:60:12)\n    at Layer.handleRequest (D:\\New folder (4)\\server\\node_modules\\router\\lib\\layer.js:152:17)\n    at trimPrefix (D:\\New folder (4)\\server\\node_modules\\router\\index.js:342:13)\n    at D:\\New folder (4)\\server\\node_modules\\router\\index.js:297:9\n    at processParams (D:\\New folder (4)\\server\\node_modules\\router\\index.js:582:12)\n    at next (D:\\New folder (4)\\server\\node_modules\\router\\index.js:291:5)\n    at next (D:\\New folder (4)\\server\\middleware\\logger.js:41:3)\n    at Layer.handleRequest (D:\\New folder (4)\\server\\node_modules\\router\\lib\\layer.js:152:17)\n    at trimPrefix (D:\\New folder (4)\\server\\node_modules\\router\\index.js:342:13)\n    at D:\\New folder (4)\\server\\node_modules\\router\\index.js:297:9\n    at processParams (D:\\New folder (4)\\server\\node_modules\\router\\index.js:582:12)\n    at next (D:\\New folder (4)\\server\\node_modules\\router\\index.js:291:5)\n    at D:\\New folder (4)\\server\\node_modules\\body-parser\\lib\\read.js:171:5\n    at AsyncResource.runInAsyncScope (node:async_hooks:214:14)\n    at invokeCallback (D:\\New folder (4)\\server\\node_modules\\raw-body\\index.js:238:16)\n    at done (D:\\New folder (4)\\server\\node_modules\\raw-body\\index.js:227:7)\n    at IncomingMessage.onEnd (D:\\New folder (4)\\server\\node_modules\\raw-body\\index.js:287:7)\n    at IncomingMessage.emit (node:events:508:28)\n    at endReadableNT (node:internal/streams/readable:1701:12)\n    at processTicksAndRejections (node:internal/process/task_queues:89:21)"}

    [0m [90m 13 |[39m   }[33m;[39m
     [90m 14 |[39m   [36mconst[39m out [33m=[39m [33mJSON[39m[33m.[39mstringify(entry)[33m;[39m
    [31m[1m>[22m[39m[90m 15 |[39m   [36mif[39m (level [33m===[39m [32m'error'[39m) [36mreturn[39m console[33m.[39merror(out)[33m;[39m
     [90m    |[39m                                         [31m[1m^[22m[39m
     [90m 16 |[39m   console[33m.[39mlog(out)[33m;[39m
     [90m 17 |[39m }
     [90m 18 |[39m[0m

      at error (D:\New folder (4)../../server/middleware/logger.js:15:41)
      at Object.log [as error] (D:\New folder (4)../../server/middleware/logger.js:22:25)
      at error (D:\New folder (4)../../server/middleware/errorHandler.js:11:10)
      at Layer.handleError (D:\New folder (4)../../server/node_modules/router/lib/layer.js:116:17)
      at trimPrefix (D:\New folder (4)../../server/node_modules/router/index.js:340:13)
      at D:\New folder (4)../../server/node_modules/router/index.js:297:9
      at processParams (D:\New folder (4)../../server/node_modules/router/index.js:582:12)
      at next (D:\New folder (4)../../server/node_modules/router/index.js:291:5)
      at Layer.handleError (D:\New folder (4)../../server/node_modules/router/lib/layer.js:111:12)
      at trimPrefix (D:\New folder (4)../../server/node_modules/router/index.js:340:13)
      at D:\New folder (4)../../server/node_modules/router/index.js:297:9
      at processParams (D:\New folder (4)../../server/node_modules/router/index.js:582:12)
      at next (D:\New folder (4)../../server/node_modules/router/index.js:291:5)
      at D:\New folder (4)../../server/node_modules/router/index.js:688:15
      at next (D:\New folder (4)../../server/node_modules/router/index.js:276:14)
      at next (D:\New folder (4)../../server/node_modules/router/lib/route.js:132:14)
      at next (D:\New folder (4)../../server/routes/interviewRoutes.js:262:5)
      at Layer.handleRequest (D:\New folder (4)../../server/node_modules/router/lib/layer.js:152:17)
      at next (D:\New folder (4)../../server/node_modules/router/lib/route.js:157:13)
      at Route.dispatch (D:\New folder (4)../../server/node_modules/router/lib/route.js:117:3)
      at handle (D:\New folder (4)../../server/node_modules/router/index.js:435:11)
      at Layer.handleRequest (D:\New folder (4)../../server/node_modules/router/lib/layer.js:152:17)
      at D:\New folder (4)../../server/node_modules/router/index.js:295:15
      at processParams (D:\New folder (4)../../server/node_modules/router/index.js:582:12)
      at next (D:\New folder (4)../../server/node_modules/router/index.js:291:5)
      at router.handle (D:\New folder (4)../../server/node_modules/router/index.js:186:3)
      at router (D:\New folder (4)../../server/node_modules/router/index.js:60:12)
      at Layer.handleRequest (D:\New folder (4)../../server/node_modules/router/lib/layer.js:152:17)
      at trimPrefix (D:\New folder (4)../../server/node_modules/router/index.js:342:13)
      at D:\New folder (4)../../server/node_modules/router/index.js:297:9
      at processParams (D:\New folder (4)../../server/node_modules/router/index.js:582:12)
      at next (D:\New folder (4)../../server/node_modules/router/index.js:291:5)
      at next (D:\New folder (4)../../server/middleware/logger.js:41:3)
      at Layer.handleRequest (D:\New folder (4)../../server/node_modules/router/lib/layer.js:152:17)
      at trimPrefix (D:\New folder (4)../../server/node_modules/router/index.js:342:13)
      at D:\New folder (4)../../server/node_modules/router/index.js:297:9
      at processParams (D:\New folder (4)../../server/node_modules/router/index.js:582:12)
      at next (D:\New folder (4)../../server/node_modules/router/index.js:291:5)
      at D:\New folder (4)../../server/node_modules/body-parser/lib/read.js:171:5
      at invokeCallback (D:\New folder (4)../../server/node_modules/raw-body/index.js:238:16)
      at done (D:\New folder (4)../../server/node_modules/raw-body/index.js:227:7)
      at IncomingMessage.onEnd (D:\New folder (4)../../server/node_modules/raw-body/index.js:287:7)

  console.log
    {"ts":"2026-06-27T01:27:10.250Z","level":"info","msg":"request","reqId":"35b07984","method":"POST","url":"/api/interview/respond","status":400,"ms":9}

      at log (D:\New folder (4)../../server/middleware/logger.js:16:11)

  console.error
    {"ts":"2026-06-27T01:27:10.280Z","level":"error","msg":"unhandled_error","reqId":"3f82f6a2","status":400,"message":"Missing required fields: level","stack":"Error: Missing required fields: level\n    at validateBody (D:\\New folder (4)\\server\\routes\\interviewRoutes.js:38:17)\n    at validateBody (D:\\New folder (4)\\server\\routes\\interviewRoutes.js:228:5)\n    at Layer.handleRequest (D:\\New folder (4)\\server\\node_modules\\router\\lib\\layer.js:152:17)\n    at next (D:\\New folder (4)\\server\\node_modules\\router\\lib\\route.js:157:13)\n    at Route.dispatch (D:\\New folder (4)\\server\\node_modules\\router\\lib\\route.js:117:3)\n    at handle (D:\\New folder (4)\\server\\node_modules\\router\\index.js:435:11)\n    at Layer.handleRequest (D:\\New folder (4)\\server\\node_modules\\router\\lib\\layer.js:152:17)\n    at D:\\New folder (4)\\server\\node_modules\\router\\index.js:295:15\n    at processParams (D:\\New folder (4)\\server\\node_modules\\router\\index.js:582:12)\n    at next (D:\\New folder (4)\\server\\node_modules\\router\\index.js:291:5)\n    at router.handle (D:\\New folder (4)\\server\\node_modules\\router\\index.js:186:3)\n    at router (D:\\New folder (4)\\server\\node_modules\\router\\index.js:60:12)\n    at Layer.handleRequest (D:\\New folder (4)\\server\\node_modules\\router\\lib\\layer.js:152:17)\n    at trimPrefix (D:\\New folder (4)\\server\\node_modules\\router\\index.js:342:13)\n    at D:\\New folder (4)\\server\\node_modules\\router\\index.js:297:9\n    at processParams (D:\\New folder (4)\\server\\node_modules\\router\\index.js:582:12)\n    at next (D:\\New folder (4)\\server\\node_modules\\router\\index.js:291:5)\n    at next (D:\\New folder (4)\\server\\middleware\\logger.js:41:3)\n    at Layer.handleRequest (D:\\New folder (4)\\server\\node_modules\\router\\lib\\layer.js:152:17)\n    at trimPrefix (D:\\New folder (4)\\server\\node_modules\\router\\index.js:342:13)\n    at D:\\New folder (4)\\server\\node_modules\\router\\index.js:297:9\n    at processParams (D:\\New folder (4)\\server\\node_modules\\router\\index.js:582:12)\n    at next (D:\\New folder (4)\\server\\node_modules\\router\\index.js:291:5)\n    at D:\\New folder (4)\\server\\node_modules\\body-parser\\lib\\read.js:171:5\n    at AsyncResource.runInAsyncScope (node:async_hooks:214:14)\n    at invokeCallback (D:\\New folder (4)\\server\\node_modules\\raw-body\\index.js:238:16)\n    at done (D:\\New folder (4)\\server\\node_modules\\raw-body\\index.js:227:7)\n    at IncomingMessage.onEnd (D:\\New folder (4)\\server\\node_modules\\raw-body\\index.js:287:7)\n    at IncomingMessage.emit (node:events:508:28)\n    at endReadableNT (node:internal/streams/readable:1701:12)\n    at processTicksAndRejections (node:internal/process/task_queues:89:21)"}

    [0m [90m 13 |[39m   }[33m;[39m
     [90m 14 |[39m   [36mconst[39m out [33m=[39m [33mJSON[39m[33m.[39mstringify(entry)[33m;[39m
    [31m[1m>[22m[39m[90m 15 |[39m   [36mif[39m (level [33m===[39m [32m'error'[39m) [36mreturn[39m console[33m.[39merror(out)[33m;[39m
     [90m    |[39m                                         [31m[1m^[22m[39m
     [90m 16 |[39m   console[33m.[39mlog(out)[33m;[39m
     [90m 17 |[39m }
     [90m 18 |[39m[0m

      at error (D:\New folder (4)../../server/middleware/logger.js:15:41)
      at Object.log [as error] (D:\New folder (4)../../server/middleware/logger.js:22:25)
      at error (D:\New folder (4)../../server/middleware/errorHandler.js:11:10)
      at Layer.handleError (D:\New folder (4)../../server/node_modules/router/lib/layer.js:116:17)
      at trimPrefix (D:\New folder (4)../../server/node_modules/router/index.js:340:13)
      at D:\New folder (4)../../server/node_modules/router/index.js:297:9
      at processParams (D:\New folder (4)../../server/node_modules/router/index.js:582:12)
      at next (D:\New folder (4)../../server/node_modules/router/index.js:291:5)
      at Layer.handleError (D:\New folder (4)../../server/node_modules/router/lib/layer.js:111:12)
      at trimPrefix (D:\New folder (4)../../server/node_modules/router/index.js:340:13)
      at D:\New folder (4)../../server/node_modules/router/index.js:297:9
      at processParams (D:\New folder (4)../../server/node_modules/router/index.js:582:12)
      at next (D:\New folder (4)../../server/node_modules/router/index.js:291:5)
      at D:\New folder (4)../../server/node_modules/router/index.js:688:15
      at next (D:\New folder (4)../../server/node_modules/router/index.js:276:14)
      at next (D:\New folder (4)../../server/node_modules/router/lib/route.js:132:14)
      at next (D:\New folder (4)../../server/routes/interviewRoutes.js:262:5)
      at Layer.handleRequest (D:\New folder (4)../../server/node_modules/router/lib/layer.js:152:17)
      at next (D:\New folder (4)../../server/node_modules/router/lib/route.js:157:13)
      at Route.dispatch (D:\New folder (4)../../server/node_modules/router/lib/route.js:117:3)
      at handle (D:\New folder (4)../../server/node_modules/router/index.js:435:11)
      at Layer.handleRequest (D:\New folder (4)../../server/node_modules/router/lib/layer.js:152:17)
      at D:\New folder (4)../../server/node_modules/router/index.js:295:15
      at processParams (D:\New folder (4)../../server/node_modules/router/index.js:582:12)
      at next (D:\New folder (4)../../server/node_modules/router/index.js:291:5)
      at router.handle (D:\New folder (4)../../server/node_modules/router/index.js:186:3)
      at router (D:\New folder (4)../../server/node_modules/router/index.js:60:12)
      at Layer.handleRequest (D:\New folder (4)../../server/node_modules/router/lib/layer.js:152:17)
      at trimPrefix (D:\New folder (4)../../server/node_modules/router/index.js:342:13)
      at D:\New folder (4)../../server/node_modules/router/index.js:297:9
      at processParams (D:\New folder (4)../../server/node_modules/router/index.js:582:12)
      at next (D:\New folder (4)../../server/node_modules/router/index.js:291:5)
      at next (D:\New folder (4)../../server/middleware/logger.js:41:3)
      at Layer.handleRequest (D:\New folder (4)../../server/node_modules/router/lib/layer.js:152:17)
      at trimPrefix (D:\New folder (4)../../server/node_modules/router/index.js:342:13)
      at D:\New folder (4)../../server/node_modules/router/index.js:297:9
      at processParams (D:\New folder (4)../../server/node_modules/router/index.js:582:12)
      at next (D:\New folder (4)../../server/node_modules/router/index.js:291:5)
      at D:\New folder (4)../../server/node_modules/body-parser/lib/read.js:171:5
      at invokeCallback (D:\New folder (4)../../server/node_modules/raw-body/index.js:238:16)
      at done (D:\New folder (4)../../server/node_modules/raw-body/index.js:227:7)
      at IncomingMessage.onEnd (D:\New folder (4)../../server/node_modules/raw-body/index.js:287:7)

  console.log
    {"ts":"2026-06-27T01:27:10.289Z","level":"info","msg":"request","reqId":"3f82f6a2","method":"POST","url":"/api/interview/respond","status":400,"ms":10}

      at log (D:\New folder (4)../../server/middleware/logger.js:16:11)

  console.error
    {"ts":"2026-06-27T01:27:10.307Z","level":"error","msg":"unhandled_error","reqId":"a91ab032","status":400,"message":"Missing required fields: rawTranscript","stack":"Error: Missing required fields: rawTranscript\n    at validateBody (D:\\New folder (4)\\server\\routes\\interviewRoutes.js:38:17)\n    at validateBody (D:\\New folder (4)\\server\\routes\\interviewRoutes.js:228:5)\n    at Layer.handleRequest (D:\\New folder (4)\\server\\node_modules\\router\\lib\\layer.js:152:17)\n    at next (D:\\New folder (4)\\server\\node_modules\\router\\lib\\route.js:157:13)\n    at Route.dispatch (D:\\New folder (4)\\server\\node_modules\\router\\lib\\route.js:117:3)\n    at handle (D:\\New folder (4)\\server\\node_modules\\router\\index.js:435:11)\n    at Layer.handleRequest (D:\\New folder (4)\\server\\node_modules\\router\\lib\\layer.js:152:17)\n    at D:\\New folder (4)\\server\\node_modules\\router\\index.js:295:15\n    at processParams (D:\\New folder (4)\\server\\node_modules\\router\\index.js:582:12)\n    at next (D:\\New folder (4)\\server\\node_modules\\router\\index.js:291:5)\n    at router.handle (D:\\New folder (4)\\server\\node_modules\\router\\index.js:186:3)\n    at router (D:\\New folder (4)\\server\\node_modules\\router\\index.js:60:12)\n    at Layer.handleRequest (D:\\New folder (4)\\server\\node_modules\\router\\lib\\layer.js:152:17)\n    at trimPrefix (D:\\New folder (4)\\server\\node_modules\\router\\index.js:342:13)\n    at D:\\New folder (4)\\server\\node_modules\\router\\index.js:297:9\n    at processParams (D:\\New folder (4)\\server\\node_modules\\router\\index.js:582:12)\n    at next (D:\\New folder (4)\\server\\node_modules\\router\\index.js:291:5)\n    at next (D:\\New folder (4)\\server\\middleware\\logger.js:41:3)\n    at Layer.handleRequest (D:\\New folder (4)\\server\\node_modules\\router\\lib\\layer.js:152:17)\n    at trimPrefix (D:\\New folder (4)\\server\\node_modules\\router\\index.js:342:13)\n    at D:\\New folder (4)\\server\\node_modules\\router\\index.js:297:9\n    at processParams (D:\\New folder (4)\\server\\node_modules\\router\\index.js:582:12)\n    at next (D:\\New folder (4)\\server\\node_modules\\router\\index.js:291:5)\n    at D:\\New folder (4)\\server\\node_modules\\body-parser\\lib\\read.js:171:5\n    at AsyncResource.runInAsyncScope (node:async_hooks:214:14)\n    at invokeCallback (D:\\New folder (4)\\server\\node_modules\\raw-body\\index.js:238:16)\n    at done (D:\\New folder (4)\\server\\node_modules\\raw-body\\index.js:227:7)\n    at IncomingMessage.onEnd (D:\\New folder (4)\\server\\node_modules\\raw-body\\index.js:287:7)\n    at IncomingMessage.emit (node:events:508:28)\n    at endReadableNT (node:internal/streams/readable:1701:12)\n    at processTicksAndRejections (node:internal/process/task_queues:89:21)"}

    [0m [90m 13 |[39m   }[33m;[39m
     [90m 14 |[39m   [36mconst[39m out [33m=[39m [33mJSON[39m[33m.[39mstringify(entry)[33m;[39m
    [31m[1m>[22m[39m[90m 15 |[39m   [36mif[39m (level [33m===[39m [32m'error'[39m) [36mreturn[39m console[33m.[39merror(out)[33m;[39m
     [90m    |[39m                                         [31m[1m^[22m[39m
     [90m 16 |[39m   console[33m.[39mlog(out)[33m;[39m
     [90m 17 |[39m }
     [90m 18 |[39m[0m

      at error (D:\New folder (4)../../server/middleware/logger.js:15:41)
      at Object.log [as error] (D:\New folder (4)../../server/middleware/logger.js:22:25)
      at error (D:\New folder (4)../../server/middleware/errorHandler.js:11:10)
      at Layer.handleError (D:\New folder (4)../../server/node_modules/router/lib/layer.js:116:17)
      at trimPrefix (D:\New folder (4)../../server/node_modules/router/index.js:340:13)
      at D:\New folder (4)../../server/node_modules/router/index.js:297:9
      at processParams (D:\New folder (4)../../server/node_modules/router/index.js:582:12)
      at next (D:\New folder (4)../../server/node_modules/router/index.js:291:5)
      at Layer.handleError (D:\New folder (4)../../server/node_modules/router/lib/layer.js:111:12)
      at trimPrefix (D:\New folder (4)../../server/node_modules/router/index.js:340:13)
      at D:\New folder (4)../../server/node_modules/router/index.js:297:9
      at processParams (D:\New folder (4)../../server/node_modules/router/index.js:582:12)
      at next (D:\New folder (4)../../server/node_modules/router/index.js:291:5)
      at D:\New folder (4)../../server/node_modules/router/index.js:688:15
      at next (D:\New folder (4)../../server/node_modules/router/index.js:276:14)
      at next (D:\New folder (4)../../server/node_modules/router/lib/route.js:132:14)
      at next (D:\New folder (4)../../server/routes/interviewRoutes.js:262:5)
      at Layer.handleRequest (D:\New folder (4)../../server/node_modules/router/lib/layer.js:152:17)
      at next (D:\New folder (4)../../server/node_modules/router/lib/route.js:157:13)
      at Route.dispatch (D:\New folder (4)../../server/node_modules/router/lib/route.js:117:3)
      at handle (D:\New folder (4)../../server/node_modules/router/index.js:435:11)
      at Layer.handleRequest (D:\New folder (4)../../server/node_modules/router/lib/layer.js:152:17)
      at D:\New folder (4)../../server/node_modules/router/index.js:295:15
      at processParams (D:\New folder (4)../../server/node_modules/router/index.js:582:12)
      at next (D:\New folder (4)../../server/node_modules/router/index.js:291:5)
      at router.handle (D:\New folder (4)../../server/node_modules/router/index.js:186:3)
      at router (D:\New folder (4)../../server/node_modules/router/index.js:60:12)
      at Layer.handleRequest (D:\New folder (4)../../server/node_modules/router/lib/layer.js:152:17)
      at trimPrefix (D:\New folder (4)../../server/node_modules/router/index.js:342:13)
      at D:\New folder (4)../../server/node_modules/router/index.js:297:9
      at processParams (D:\New folder (4)../../server/node_modules/router/index.js:582:12)
      at next (D:\New folder (4)../../server/node_modules/router/index.js:291:5)
      at next (D:\New folder (4)../../server/middleware/logger.js:41:3)
      at Layer.handleRequest (D:\New folder (4)../../server/node_modules/router/lib/layer.js:152:17)
      at trimPrefix (D:\New folder (4)../../server/node_modules/router/index.js:342:13)
      at D:\New folder (4)../../server/node_modules/router/index.js:297:9
      at processParams (D:\New folder (4)../../server/node_modules/router/index.js:582:12)
      at next (D:\New folder (4)../../server/node_modules/router/index.js:291:5)
      at D:\New folder (4)../../server/node_modules/body-parser/lib/read.js:171:5
      at invokeCallback (D:\New folder (4)../../server/node_modules/raw-body/index.js:238:16)
      at done (D:\New folder (4)../../server/node_modules/raw-body/index.js:227:7)
      at IncomingMessage.onEnd (D:\New folder (4)../../server/node_modules/raw-body/index.js:287:7)

  console.log
    {"ts":"2026-06-27T01:27:10.315Z","level":"info","msg":"request","reqId":"a91ab032","method":"POST","url":"/api/interview/respond","status":400,"ms":8}

      at log (D:\New folder (4)../../server/middleware/logger.js:16:11)

  console.error
    {"ts":"2026-06-27T01:27:10.341Z","level":"error","msg":"unhandled_error","reqId":"28343b80","status":400,"message":"Missing required fields: role","stack":"Error: Missing required fields: role\n    at validateBody (D:\\New folder (4)\\server\\routes\\interviewRoutes.js:38:17)\n    at validateBody (D:\\New folder (4)\\server\\routes\\interviewRoutes.js:273:5)\n    at Layer.handleRequest (D:\\New folder (4)\\server\\node_modules\\router\\lib\\layer.js:152:17)\n    at next (D:\\New folder (4)\\server\\node_modules\\router\\lib\\route.js:157:13)\n    at Route.dispatch (D:\\New folder (4)\\server\\node_modules\\router\\lib\\route.js:117:3)\n    at handle (D:\\New folder (4)\\server\\node_modules\\router\\index.js:435:11)\n    at Layer.handleRequest (D:\\New folder (4)\\server\\node_modules\\router\\lib\\layer.js:152:17)\n    at D:\\New folder (4)\\server\\node_modules\\router\\index.js:295:15\n    at processParams (D:\\New folder (4)\\server\\node_modules\\router\\index.js:582:12)\n    at next (D:\\New folder (4)\\server\\node_modules\\router\\index.js:291:5)\n    at router.handle (D:\\New folder (4)\\server\\node_modules\\router\\index.js:186:3)\n    at router (D:\\New folder (4)\\server\\node_modules\\router\\index.js:60:12)\n    at Layer.handleRequest (D:\\New folder (4)\\server\\node_modules\\router\\lib\\layer.js:152:17)\n    at trimPrefix (D:\\New folder (4)\\server\\node_modules\\router\\index.js:342:13)\n    at D:\\New folder (4)\\server\\node_modules\\router\\index.js:297:9\n    at processParams (D:\\New folder (4)\\server\\node_modules\\router\\index.js:582:12)\n    at next (D:\\New folder (4)\\server\\node_modules\\router\\index.js:291:5)\n    at next (D:\\New folder (4)\\server\\middleware\\logger.js:41:3)\n    at Layer.handleRequest (D:\\New folder (4)\\server\\node_modules\\router\\lib\\layer.js:152:17)\n    at trimPrefix (D:\\New folder (4)\\server\\node_modules\\router\\index.js:342:13)\n    at D:\\New folder (4)\\server\\node_modules\\router\\index.js:297:9\n    at processParams (D:\\New folder (4)\\server\\node_modules\\router\\index.js:582:12)\n    at next (D:\\New folder (4)\\server\\node_modules\\router\\index.js:291:5)\n    at D:\\New folder (4)\\server\\node_modules\\body-parser\\lib\\read.js:171:5\n    at AsyncResource.runInAsyncScope (node:async_hooks:214:14)\n    at invokeCallback (D:\\New folder (4)\\server\\node_modules\\raw-body\\index.js:238:16)\n    at done (D:\\New folder (4)\\server\\node_modules\\raw-body\\index.js:227:7)\n    at IncomingMessage.onEnd (D:\\New folder (4)\\server\\node_modules\\raw-body\\index.js:287:7)\n    at IncomingMessage.emit (node:events:508:28)\n    at endReadableNT (node:internal/streams/readable:1701:12)\n    at processTicksAndRejections (node:internal/process/task_queues:89:21)"}

    [0m [90m 13 |[39m   }[33m;[39m
     [90m 14 |[39m   [36mconst[39m out [33m=[39m [33mJSON[39m[33m.[39mstringify(entry)[33m;[39m
    [31m[1m>[22m[39m[90m 15 |[39m   [36mif[39m (level [33m===[39m [32m'error'[39m) [36mreturn[39m console[33m.[39merror(out)[33m;[39m
     [90m    |[39m                                         [31m[1m^[22m[39m
     [90m 16 |[39m   console[33m.[39mlog(out)[33m;[39m
     [90m 17 |[39m }
     [90m 18 |[39m[0m

      at error (D:\New folder (4)../../server/middleware/logger.js:15:41)
      at Object.log [as error] (D:\New folder (4)../../server/middleware/logger.js:22:25)
      at error (D:\New folder (4)../../server/middleware/errorHandler.js:11:10)
      at Layer.handleError (D:\New folder (4)../../server/node_modules/router/lib/layer.js:116:17)
      at trimPrefix (D:\New folder (4)../../server/node_modules/router/index.js:340:13)
      at D:\New folder (4)../../server/node_modules/router/index.js:297:9
      at processParams (D:\New folder (4)../../server/node_modules/router/index.js:582:12)
      at next (D:\New folder (4)../../server/node_modules/router/index.js:291:5)
      at Layer.handleError (D:\New folder (4)../../server/node_modules/router/lib/layer.js:111:12)
      at trimPrefix (D:\New folder (4)../../server/node_modules/router/index.js:340:13)
      at D:\New folder (4)../../server/node_modules/router/index.js:297:9
      at processParams (D:\New folder (4)../../server/node_modules/router/index.js:582:12)
      at next (D:\New folder (4)../../server/node_modules/router/index.js:291:5)
      at D:\New folder (4)../../server/node_modules/router/index.js:688:15
      at next (D:\New folder (4)../../server/node_modules/router/index.js:276:14)
      at next (D:\New folder (4)../../server/node_modules/router/lib/route.js:132:14)
      at next (D:\New folder (4)../../server/routes/interviewRoutes.js:284:5)
      at Layer.handleRequest (D:\New folder (4)../../server/node_modules/router/lib/layer.js:152:17)
      at next (D:\New folder (4)../../server/node_modules/router/lib/route.js:157:13)
      at Route.dispatch (D:\New folder (4)../../server/node_modules/router/lib/route.js:117:3)
      at handle (D:\New folder (4)../../server/node_modules/router/index.js:435:11)
      at Layer.handleRequest (D:\New folder (4)../../server/node_modules/router/lib/layer.js:152:17)
      at D:\New folder (4)../../server/node_modules/router/index.js:295:15
      at processParams (D:\New folder (4)../../server/node_modules/router/index.js:582:12)
      at next (D:\New folder (4)../../server/node_modules/router/index.js:291:5)
      at router.handle (D:\New folder (4)../../server/node_modules/router/index.js:186:3)
      at router (D:\New folder (4)../../server/node_modules/router/index.js:60:12)
      at Layer.handleRequest (D:\New folder (4)../../server/node_modules/router/lib/layer.js:152:17)
      at trimPrefix (D:\New folder (4)../../server/node_modules/router/index.js:342:13)
      at D:\New folder (4)../../server/node_modules/router/index.js:297:9
      at processParams (D:\New folder (4)../../server/node_modules/router/index.js:582:12)
      at next (D:\New folder (4)../../server/node_modules/router/index.js:291:5)
      at next (D:\New folder (4)../../server/middleware/logger.js:41:3)
      at Layer.handleRequest (D:\New folder (4)../../server/node_modules/router/lib/layer.js:152:17)
      at trimPrefix (D:\New folder (4)../../server/node_modules/router/index.js:342:13)
      at D:\New folder (4)../../server/node_modules/router/index.js:297:9
      at processParams (D:\New folder (4)../../server/node_modules/router/index.js:582:12)
      at next (D:\New folder (4)../../server/node_modules/router/index.js:291:5)
      at D:\New folder (4)../../server/node_modules/body-parser/lib/read.js:171:5
      at invokeCallback (D:\New folder (4)../../server/node_modules/raw-body/index.js:238:16)
      at done (D:\New folder (4)../../server/node_modules/raw-body/index.js:227:7)
      at IncomingMessage.onEnd (D:\New folder (4)../../server/node_modules/raw-body/index.js:287:7)

  console.log
    {"ts":"2026-06-27T01:27:10.350Z","level":"info","msg":"request","reqId":"28343b80","method":"POST","url":"/api/interview/finish","status":400,"ms":9}

      at log (D:\New folder (4)../../server/middleware/logger.js:16:11)

  console.error
    {"ts":"2026-06-27T01:27:10.364Z","level":"error","msg":"unhandled_error","reqId":"3bd19d1b","status":400,"message":"Missing required fields: level","stack":"Error: Missing required fields: level\n    at validateBody (D:\\New folder (4)\\server\\routes\\interviewRoutes.js:38:17)\n    at validateBody (D:\\New folder (4)\\server\\routes\\interviewRoutes.js:273:5)\n    at Layer.handleRequest (D:\\New folder (4)\\server\\node_modules\\router\\lib\\layer.js:152:17)\n    at next (D:\\New folder (4)\\server\\node_modules\\router\\lib\\route.js:157:13)\n    at Route.dispatch (D:\\New folder (4)\\server\\node_modules\\router\\lib\\route.js:117:3)\n    at handle (D:\\New folder (4)\\server\\node_modules\\router\\index.js:435:11)\n    at Layer.handleRequest (D:\\New folder (4)\\server\\node_modules\\router\\lib\\layer.js:152:17)\n    at D:\\New folder (4)\\server\\node_modules\\router\\index.js:295:15\n    at processParams (D:\\New folder (4)\\server\\node_modules\\router\\index.js:582:12)\n    at next (D:\\New folder (4)\\server\\node_modules\\router\\index.js:291:5)\n    at router.handle (D:\\New folder (4)\\server\\node_modules\\router\\index.js:186:3)\n    at router (D:\\New folder (4)\\server\\node_modules\\router\\index.js:60:12)\n    at Layer.handleRequest (D:\\New folder (4)\\server\\node_modules\\router\\lib\\layer.js:152:17)\n    at trimPrefix (D:\\New folder (4)\\server\\node_modules\\router\\index.js:342:13)\n    at D:\\New folder (4)\\server\\node_modules\\router\\index.js:297:9\n    at processParams (D:\\New folder (4)\\server\\node_modules\\router\\index.js:582:12)\n    at next (D:\\New folder (4)\\server\\node_modules\\router\\index.js:291:5)\n    at next (D:\\New folder (4)\\server\\middleware\\logger.js:41:3)\n    at Layer.handleRequest (D:\\New folder (4)\\server\\node_modules\\router\\lib\\layer.js:152:17)\n    at trimPrefix (D:\\New folder (4)\\server\\node_modules\\router\\index.js:342:13)\n    at D:\\New folder (4)\\server\\node_modules\\router\\index.js:297:9\n    at processParams (D:\\New folder (4)\\server\\node_modules\\router\\index.js:582:12)\n    at next (D:\\New folder (4)\\server\\node_modules\\router\\index.js:291:5)\n    at D:\\New folder (4)\\server\\node_modules\\body-parser\\lib\\read.js:171:5\n    at AsyncResource.runInAsyncScope (node:async_hooks:214:14)\n    at invokeCallback (D:\\New folder (4)\\server\\node_modules\\raw-body\\index.js:238:16)\n    at done (D:\\New folder (4)\\server\\node_modules\\raw-body\\index.js:227:7)\n    at IncomingMessage.onEnd (D:\\New folder (4)\\server\\node_modules\\raw-body\\index.js:287:7)\n    at IncomingMessage.emit (node:events:508:28)\n    at endReadableNT (node:internal/streams/readable:1701:12)\n    at processTicksAndRejections (node:internal/process/task_queues:89:21)"}

    [0m [90m 13 |[39m   }[33m;[39m
     [90m 14 |[39m   [36mconst[39m out [33m=[39m [33mJSON[39m[33m.[39mstringify(entry)[33m;[39m
    [31m[1m>[22m[39m[90m 15 |[39m   [36mif[39m (level [33m===[39m [32m'error'[39m) [36mreturn[39m console[33m.[39merror(out)[33m;[39m
     [90m    |[39m                                         [31m[1m^[22m[39m
     [90m 16 |[39m   console[33m.[39mlog(out)[33m;[39m
     [90m 17 |[39m }
     [90m 18 |[39m[0m

      at error (D:\New folder (4)../../server/middleware/logger.js:15:41)
      at Object.log [as error] (D:\New folder (4)../../server/middleware/logger.js:22:25)
      at error (D:\New folder (4)../../server/middleware/errorHandler.js:11:10)
      at Layer.handleError (D:\New folder (4)../../server/node_modules/router/lib/layer.js:116:17)
      at trimPrefix (D:\New folder (4)../../server/node_modules/router/index.js:340:13)
      at D:\New folder (4)../../server/node_modules/router/index.js:297:9
      at processParams (D:\New folder (4)../../server/node_modules/router/index.js:582:12)
      at next (D:\New folder (4)../../server/node_modules/router/index.js:291:5)
      at Layer.handleError (D:\New folder (4)../../server/node_modules/router/lib/layer.js:111:12)
      at trimPrefix (D:\New folder (4)../../server/node_modules/router/index.js:340:13)
      at D:\New folder (4)../../server/node_modules/router/index.js:297:9
      at processParams (D:\New folder (4)../../server/node_modules/router/index.js:582:12)
      at next (D:\New folder (4)../../server/node_modules/router/index.js:291:5)
      at D:\New folder (4)../../server/node_modules/router/index.js:688:15
      at next (D:\New folder (4)../../server/node_modules/router/index.js:276:14)
      at next (D:\New folder (4)../../server/node_modules/router/lib/route.js:132:14)
      at next (D:\New folder (4)../../server/routes/interviewRoutes.js:284:5)
      at Layer.handleRequest (D:\New folder (4)../../server/node_modules/router/lib/layer.js:152:17)
      at next (D:\New folder (4)../../server/node_modules/router/lib/route.js:157:13)
      at Route.dispatch (D:\New folder (4)../../server/node_modules/router/lib/route.js:117:3)
      at handle (D:\New folder (4)../../server/node_modules/router/index.js:435:11)
      at Layer.handleRequest (D:\New folder (4)../../server/node_modules/router/lib/layer.js:152:17)
      at D:\New folder (4)../../server/node_modules/router/index.js:295:15
      at processParams (D:\New folder (4)../../server/node_modules/router/index.js:582:12)
      at next (D:\New folder (4)../../server/node_modules/router/index.js:291:5)
      at router.handle (D:\New folder (4)../../server/node_modules/router/index.js:186:3)
      at router (D:\New folder (4)../../server/node_modules/router/index.js:60:12)
      at Layer.handleRequest (D:\New folder (4)../../server/node_modules/router/lib/layer.js:152:17)
      at trimPrefix (D:\New folder (4)../../server/node_modules/router/index.js:342:13)
      at D:\New folder (4)../../server/node_modules/router/index.js:297:9
      at processParams (D:\New folder (4)../../server/node_modules/router/index.js:582:12)
      at next (D:\New folder (4)../../server/node_modules/router/index.js:291:5)
      at next (D:\New folder (4)../../server/middleware/logger.js:41:3)
      at Layer.handleRequest (D:\New folder (4)../../server/node_modules/router/lib/layer.js:152:17)
      at trimPrefix (D:\New folder (4)../../server/node_modules/router/index.js:342:13)
      at D:\New folder (4)../../server/node_modules/router/index.js:297:9
      at processParams (D:\New folder (4)../../server/node_modules/router/index.js:582:12)
      at next (D:\New folder (4)../../server/node_modules/router/index.js:291:5)
      at D:\New folder (4)../../server/node_modules/body-parser/lib/read.js:171:5
      at invokeCallback (D:\New folder (4)../../server/node_modules/raw-body/index.js:238:16)
      at done (D:\New folder (4)../../server/node_modules/raw-body/index.js:227:7)
      at IncomingMessage.onEnd (D:\New folder (4)../../server/node_modules/raw-body/index.js:287:7)

  console.log
    {"ts":"2026-06-27T01:27:10.370Z","level":"info","msg":"request","reqId":"3bd19d1b","method":"POST","url":"/api/interview/finish","status":400,"ms":6}

      at log (D:\New folder (4)../../server/middleware/logger.js:16:11)

  console.error
    {"ts":"2026-06-27T01:27:10.387Z","level":"error","msg":"unhandled_error","reqId":"871075b6","status":400,"message":"Missing required fields: code","stack":"Error: Missing required fields: code\n    at validateBody (D:\\New folder (4)\\server\\routes\\interviewRoutes.js:38:17)\n    at validateBody (D:\\New folder (4)\\server\\routes\\interviewRoutes.js:295:5)\n    at Layer.handleRequest (D:\\New folder (4)\\server\\node_modules\\router\\lib\\layer.js:152:17)\n    at next (D:\\New folder (4)\\server\\node_modules\\router\\lib\\route.js:157:13)\n    at Route.dispatch (D:\\New folder (4)\\server\\node_modules\\router\\lib\\route.js:117:3)\n    at handle (D:\\New folder (4)\\server\\node_modules\\router\\index.js:435:11)\n    at Layer.handleRequest (D:\\New folder (4)\\server\\node_modules\\router\\lib\\layer.js:152:17)\n    at D:\\New folder (4)\\server\\node_modules\\router\\index.js:295:15\n    at processParams (D:\\New folder (4)\\server\\node_modules\\router\\index.js:582:12)\n    at next (D:\\New folder (4)\\server\\node_modules\\router\\index.js:291:5)\n    at router.handle (D:\\New folder (4)\\server\\node_modules\\router\\index.js:186:3)\n    at router (D:\\New folder (4)\\server\\node_modules\\router\\index.js:60:12)\n    at Layer.handleRequest (D:\\New folder (4)\\server\\node_modules\\router\\lib\\layer.js:152:17)\n    at trimPrefix (D:\\New folder (4)\\server\\node_modules\\router\\index.js:342:13)\n    at D:\\New folder (4)\\server\\node_modules\\router\\index.js:297:9\n    at processParams (D:\\New folder (4)\\server\\node_modules\\router\\index.js:582:12)\n    at next (D:\\New folder (4)\\server\\node_modules\\router\\index.js:291:5)\n    at next (D:\\New folder (4)\\server\\middleware\\logger.js:41:3)\n    at Layer.handleRequest (D:\\New folder (4)\\server\\node_modules\\router\\lib\\layer.js:152:17)\n    at trimPrefix (D:\\New folder (4)\\server\\node_modules\\router\\index.js:342:13)\n    at D:\\New folder (4)\\server\\node_modules\\router\\index.js:297:9\n    at processParams (D:\\New folder (4)\\server\\node_modules\\router\\index.js:582:12)\n    at next (D:\\New folder (4)\\server\\node_modules\\router\\index.js:291:5)\n    at D:\\New folder (4)\\server\\node_modules\\body-parser\\lib\\read.js:171:5\n    at AsyncResource.runInAsyncScope (node:async_hooks:214:14)\n    at invokeCallback (D:\\New folder (4)\\server\\node_modules\\raw-body\\index.js:238:16)\n    at done (D:\\New folder (4)\\server\\node_modules\\raw-body\\index.js:227:7)\n    at IncomingMessage.onEnd (D:\\New folder (4)\\server\\node_modules\\raw-body\\index.js:287:7)\n    at IncomingMessage.emit (node:events:508:28)\n    at endReadableNT (node:internal/streams/readable:1701:12)\n    at processTicksAndRejections (node:internal/process/task_queues:89:21)"}

    [0m [90m 13 |[39m   }[33m;[39m
     [90m 14 |[39m   [36mconst[39m out [33m=[39m [33mJSON[39m[33m.[39mstringify(entry)[33m;[39m
    [31m[1m>[22m[39m[90m 15 |[39m   [36mif[39m (level [33m===[39m [32m'error'[39m) [36mreturn[39m console[33m.[39merror(out)[33m;[39m
     [90m    |[39m                                         [31m[1m^[22m[39m
     [90m 16 |[39m   console[33m.[39mlog(out)[33m;[39m
     [90m 17 |[39m }
     [90m 18 |[39m[0m

      at error (D:\New folder (4)../../server/middleware/logger.js:15:41)
      at Object.log [as error] (D:\New folder (4)../../server/middleware/logger.js:22:25)
      at error (D:\New folder (4)../../server/middleware/errorHandler.js:11:10)
      at Layer.handleError (D:\New folder (4)../../server/node_modules/router/lib/layer.js:116:17)
      at trimPrefix (D:\New folder (4)../../server/node_modules/router/index.js:340:13)
      at D:\New folder (4)../../server/node_modules/router/index.js:297:9
      at processParams (D:\New folder (4)../../server/node_modules/router/index.js:582:12)
      at next (D:\New folder (4)../../server/node_modules/router/index.js:291:5)
      at Layer.handleError (D:\New folder (4)../../server/node_modules/router/lib/layer.js:111:12)
      at trimPrefix (D:\New folder (4)../../server/node_modules/router/index.js:340:13)
      at D:\New folder (4)../../server/node_modules/router/index.js:297:9
      at processParams (D:\New folder (4)../../server/node_modules/router/index.js:582:12)
      at next (D:\New folder (4)../../server/node_modules/router/index.js:291:5)
      at D:\New folder (4)../../server/node_modules/router/index.js:688:15
      at next (D:\New folder (4)../../server/node_modules/router/index.js:276:14)
      at next (D:\New folder (4)../../server/node_modules/router/lib/route.js:132:14)
      at next (D:\New folder (4)../../server/routes/interviewRoutes.js:302:5)
      at Layer.handleRequest (D:\New folder (4)../../server/node_modules/router/lib/layer.js:152:17)
      at next (D:\New folder (4)../../server/node_modules/router/lib/route.js:157:13)
      at Route.dispatch (D:\New folder (4)../../server/node_modules/router/lib/route.js:117:3)
      at handle (D:\New folder (4)../../server/node_modules/router/index.js:435:11)
      at Layer.handleRequest (D:\New folder (4)../../server/node_modules/router/lib/layer.js:152:17)
      at D:\New folder (4)../../server/node_modules/router/index.js:295:15
      at processParams (D:\New folder (4)../../server/node_modules/router/index.js:582:12)
      at next (D:\New folder (4)../../server/node_modules/router/index.js:291:5)
      at router.handle (D:\New folder (4)../../server/node_modules/router/index.js:186:3)
      at router (D:\New folder (4)../../server/node_modules/router/index.js:60:12)
      at Layer.handleRequest (D:\New folder (4)../../server/node_modules/router/lib/layer.js:152:17)
      at trimPrefix (D:\New folder (4)../../server/node_modules/router/index.js:342:13)
      at D:\New folder (4)../../server/node_modules/router/index.js:297:9
      at processParams (D:\New folder (4)../../server/node_modules/router/index.js:582:12)
      at next (D:\New folder (4)../../server/node_modules/router/index.js:291:5)
      at next (D:\New folder (4)../../server/middleware/logger.js:41:3)
      at Layer.handleRequest (D:\New folder (4)../../server/node_modules/router/lib/layer.js:152:17)
      at trimPrefix (D:\New folder (4)../../server/node_modules/router/index.js:342:13)
      at D:\New folder (4)../../server/node_modules/router/index.js:297:9
      at processParams (D:\New folder (4)../../server/node_modules/router/index.js:582:12)
      at next (D:\New folder (4)../../server/node_modules/router/index.js:291:5)
      at D:\New folder (4)../../server/node_modules/body-parser/lib/read.js:171:5
      at invokeCallback (D:\New folder (4)../../server/node_modules/raw-body/index.js:238:16)
      at done (D:\New folder (4)../../server/node_modules/raw-body/index.js:227:7)
      at IncomingMessage.onEnd (D:\New folder (4)../../server/node_modules/raw-body/index.js:287:7)

  console.log
    {"ts":"2026-06-27T01:27:10.394Z","level":"info","msg":"request","reqId":"871075b6","method":"POST","url":"/api/interview/run-code","status":400,"ms":9}

      at log (D:\New folder (4)../../server/middleware/logger.js:16:11)

  console.error
    {"ts":"2026-06-27T01:27:10.410Z","level":"error","msg":"unhandled_error","reqId":"b475a89c","status":400,"message":"Missing required fields: language","stack":"Error: Missing required fields: language\n    at validateBody (D:\\New folder (4)\\server\\routes\\interviewRoutes.js:38:17)\n    at validateBody (D:\\New folder (4)\\server\\routes\\interviewRoutes.js:295:5)\n    at Layer.handleRequest (D:\\New folder (4)\\server\\node_modules\\router\\lib\\layer.js:152:17)\n    at next (D:\\New folder (4)\\server\\node_modules\\router\\lib\\route.js:157:13)\n    at Route.dispatch (D:\\New folder (4)\\server\\node_modules\\router\\lib\\route.js:117:3)\n    at handle (D:\\New folder (4)\\server\\node_modules\\router\\index.js:435:11)\n    at Layer.handleRequest (D:\\New folder (4)\\server\\node_modules\\router\\lib\\layer.js:152:17)\n    at D:\\New folder (4)\\server\\node_modules\\router\\index.js:295:15\n    at processParams (D:\\New folder (4)\\server\\node_modules\\router\\index.js:582:12)\n    at next (D:\\New folder (4)\\server\\node_modules\\router\\index.js:291:5)\n    at router.handle (D:\\New folder (4)\\server\\node_modules\\router\\index.js:186:3)\n    at router (D:\\New folder (4)\\server\\node_modules\\router\\index.js:60:12)\n    at Layer.handleRequest (D:\\New folder (4)\\server\\node_modules\\router\\lib\\layer.js:152:17)\n    at trimPrefix (D:\\New folder (4)\\server\\node_modules\\router\\index.js:342:13)\n    at D:\\New folder (4)\\server\\node_modules\\router\\index.js:297:9\n    at processParams (D:\\New folder (4)\\server\\node_modules\\router\\index.js:582:12)\n    at next (D:\\New folder (4)\\server\\node_modules\\router\\index.js:291:5)\n    at next (D:\\New folder (4)\\server\\middleware\\logger.js:41:3)\n    at Layer.handleRequest (D:\\New folder (4)\\server\\node_modules\\router\\lib\\layer.js:152:17)\n    at trimPrefix (D:\\New folder (4)\\server\\node_modules\\router\\index.js:342:13)\n    at D:\\New folder (4)\\server\\node_modules\\router\\index.js:297:9\n    at processParams (D:\\New folder (4)\\server\\node_modules\\router\\index.js:582:12)\n    at next (D:\\New folder (4)\\server\\node_modules\\router\\index.js:291:5)\n    at D:\\New folder (4)\\server\\node_modules\\body-parser\\lib\\read.js:171:5\n    at AsyncResource.runInAsyncScope (node:async_hooks:214:14)\n    at invokeCallback (D:\\New folder (4)\\server\\node_modules\\raw-body\\index.js:238:16)\n    at done (D:\\New folder (4)\\server\\node_modules\\raw-body\\index.js:227:7)\n    at IncomingMessage.onEnd (D:\\New folder (4)\\server\\node_modules\\raw-body\\index.js:287:7)\n    at IncomingMessage.emit (node:events:508:28)\n    at endReadableNT (node:internal/streams/readable:1701:12)\n    at processTicksAndRejections (node:internal/process/task_queues:89:21)"}

    [0m [90m 13 |[39m   }[33m;[39m
     [90m 14 |[39m   [36mconst[39m out [33m=[39m [33mJSON[39m[33m.[39mstringify(entry)[33m;[39m
    [31m[1m>[22m[39m[90m 15 |[39m   [36mif[39m (level [33m===[39m [32m'error'[39m) [36mreturn[39m console[33m.[39merror(out)[33m;[39m
     [90m    |[39m                                         [31m[1m^[22m[39m
     [90m 16 |[39m   console[33m.[39mlog(out)[33m;[39m
     [90m 17 |[39m }
     [90m 18 |[39m[0m

      at error (D:\New folder (4)../../server/middleware/logger.js:15:41)
      at Object.log [as error] (D:\New folder (4)../../server/middleware/logger.js:22:25)
      at error (D:\New folder (4)../../server/middleware/errorHandler.js:11:10)
      at Layer.handleError (D:\New folder (4)../../server/node_modules/router/lib/layer.js:116:17)
      at trimPrefix (D:\New folder (4)../../server/node_modules/router/index.js:340:13)
      at D:\New folder (4)../../server/node_modules/router/index.js:297:9
      at processParams (D:\New folder (4)../../server/node_modules/router/index.js:582:12)
      at next (D:\New folder (4)../../server/node_modules/router/index.js:291:5)
      at Layer.handleError (D:\New folder (4)../../server/node_modules/router/lib/layer.js:111:12)
      at trimPrefix (D:\New folder (4)../../server/node_modules/router/index.js:340:13)
      at D:\New folder (4)../../server/node_modules/router/index.js:297:9
      at processParams (D:\New folder (4)../../server/node_modules/router/index.js:582:12)
      at next (D:\New folder (4)../../server/node_modules/router/index.js:291:5)
      at D:\New folder (4)../../server/node_modules/router/index.js:688:15
      at next (D:\New folder (4)../../server/node_modules/router/index.js:276:14)
      at next (D:\New folder (4)../../server/node_modules/router/lib/route.js:132:14)
      at next (D:\New folder (4)../../server/routes/interviewRoutes.js:302:5)
      at Layer.handleRequest (D:\New folder (4)../../server/node_modules/router/lib/layer.js:152:17)
      at next (D:\New folder (4)../../server/node_modules/router/lib/route.js:157:13)
      at Route.dispatch (D:\New folder (4)../../server/node_modules/router/lib/route.js:117:3)
      at handle (D:\New folder (4)../../server/node_modules/router/index.js:435:11)
      at Layer.handleRequest (D:\New folder (4)../../server/node_modules/router/lib/layer.js:152:17)
      at D:\New folder (4)../../server/node_modules/router/index.js:295:15
      at processParams (D:\New folder (4)../../server/node_modules/router/index.js:582:12)
      at next (D:\New folder (4)../../server/node_modules/router/index.js:291:5)
      at router.handle (D:\New folder (4)../../server/node_modules/router/index.js:186:3)
      at router (D:\New folder (4)../../server/node_modules/router/index.js:60:12)
      at Layer.handleRequest (D:\New folder (4)../../server/node_modules/router/lib/layer.js:152:17)
      at trimPrefix (D:\New folder (4)../../server/node_modules/router/index.js:342:13)
      at D:\New folder (4)../../server/node_modules/router/index.js:297:9
      at processParams (D:\New folder (4)../../server/node_modules/router/index.js:582:12)
      at next (D:\New folder (4)../../server/node_modules/router/index.js:291:5)
      at next (D:\New folder (4)../../server/middleware/logger.js:41:3)
      at Layer.handleRequest (D:\New folder (4)../../server/node_modules/router/lib/layer.js:152:17)
      at trimPrefix (D:\New folder (4)../../server/node_modules/router/index.js:342:13)
      at D:\New folder (4)../../server/node_modules/router/index.js:297:9
      at processParams (D:\New folder (4)../../server/node_modules/router/index.js:582:12)
      at next (D:\New folder (4)../../server/node_modules/router/index.js:291:5)
      at D:\New folder (4)../../server/node_modules/body-parser/lib/read.js:171:5
      at invokeCallback (D:\New folder (4)../../server/node_modules/raw-body/index.js:238:16)
      at done (D:\New folder (4)../../server/node_modules/raw-body/index.js:227:7)
      at IncomingMessage.onEnd (D:\New folder (4)../../server/node_modules/raw-body/index.js:287:7)

  console.log
    {"ts":"2026-06-27T01:27:10.416Z","level":"info","msg":"request","reqId":"b475a89c","method":"POST","url":"/api/interview/run-code","status":400,"ms":6}

      at log (D:\New folder (4)../../server/middleware/logger.js:16:11)

  console.error
    {"ts":"2026-06-27T01:27:10.429Z","level":"error","msg":"unhandled_error","reqId":"8d625123","status":400,"message":"Missing required fields: code","stack":"Error: Missing required fields: code\n    at validateBody (D:\\New folder (4)\\server\\routes\\interviewRoutes.js:38:17)\n    at validateBody (D:\\New folder (4)\\server\\routes\\interviewRoutes.js:313:5)\n    at Layer.handleRequest (D:\\New folder (4)\\server\\node_modules\\router\\lib\\layer.js:152:17)\n    at next (D:\\New folder (4)\\server\\node_modules\\router\\lib\\route.js:157:13)\n    at Route.dispatch (D:\\New folder (4)\\server\\node_modules\\router\\lib\\route.js:117:3)\n    at handle (D:\\New folder (4)\\server\\node_modules\\router\\index.js:435:11)\n    at Layer.handleRequest (D:\\New folder (4)\\server\\node_modules\\router\\lib\\layer.js:152:17)\n    at D:\\New folder (4)\\server\\node_modules\\router\\index.js:295:15\n    at processParams (D:\\New folder (4)\\server\\node_modules\\router\\index.js:582:12)\n    at next (D:\\New folder (4)\\server\\node_modules\\router\\index.js:291:5)\n    at router.handle (D:\\New folder (4)\\server\\node_modules\\router\\index.js:186:3)\n    at router (D:\\New folder (4)\\server\\node_modules\\router\\index.js:60:12)\n    at Layer.handleRequest (D:\\New folder (4)\\server\\node_modules\\router\\lib\\layer.js:152:17)\n    at trimPrefix (D:\\New folder (4)\\server\\node_modules\\router\\index.js:342:13)\n    at D:\\New folder (4)\\server\\node_modules\\router\\index.js:297:9\n    at processParams (D:\\New folder (4)\\server\\node_modules\\router\\index.js:582:12)\n    at next (D:\\New folder (4)\\server\\node_modules\\router\\index.js:291:5)\n    at next (D:\\New folder (4)\\server\\middleware\\logger.js:41:3)\n    at Layer.handleRequest (D:\\New folder (4)\\server\\node_modules\\router\\lib\\layer.js:152:17)\n    at trimPrefix (D:\\New folder (4)\\server\\node_modules\\router\\index.js:342:13)\n    at D:\\New folder (4)\\server\\node_modules\\router\\index.js:297:9\n    at processParams (D:\\New folder (4)\\server\\node_modules\\router\\index.js:582:12)\n    at next (D:\\New folder (4)\\server\\node_modules\\router\\index.js:291:5)\n    at D:\\New folder (4)\\server\\node_modules\\body-parser\\lib\\read.js:171:5\n    at AsyncResource.runInAsyncScope (node:async_hooks:214:14)\n    at invokeCallback (D:\\New folder (4)\\server\\node_modules\\raw-body\\index.js:238:16)\n    at done (D:\\New folder (4)\\server\\node_modules\\raw-body\\index.js:227:7)\n    at IncomingMessage.onEnd (D:\\New folder (4)\\server\\node_modules\\raw-body\\index.js:287:7)\n    at IncomingMessage.emit (node:events:508:28)\n    at endReadableNT (node:internal/streams/readable:1701:12)\n    at processTicksAndRejections (node:internal/process/task_queues:89:21)"}

    [0m [90m 13 |[39m   }[33m;[39m
     [90m 14 |[39m   [36mconst[39m out [33m=[39m [33mJSON[39m[33m.[39mstringify(entry)[33m;[39m
    [31m[1m>[22m[39m[90m 15 |[39m   [36mif[39m (level [33m===[39m [32m'error'[39m) [36mreturn[39m console[33m.[39merror(out)[33m;[39m
     [90m    |[39m                                         [31m[1m^[22m[39m
     [90m 16 |[39m   console[33m.[39mlog(out)[33m;[39m
     [90m 17 |[39m }
     [90m 18 |[39m[0m

      at error (D:\New folder (4)../../server/middleware/logger.js:15:41)
      at Object.log [as error] (D:\New folder (4)../../server/middleware/logger.js:22:25)
      at error (D:\New folder (4)../../server/middleware/errorHandler.js:11:10)
      at Layer.handleError (D:\New folder (4)../../server/node_modules/router/lib/layer.js:116:17)
      at trimPrefix (D:\New folder (4)../../server/node_modules/router/index.js:340:13)
      at D:\New folder (4)../../server/node_modules/router/index.js:297:9
      at processParams (D:\New folder (4)../../server/node_modules/router/index.js:582:12)
      at next (D:\New folder (4)../../server/node_modules/router/index.js:291:5)
      at Layer.handleError (D:\New folder (4)../../server/node_modules/router/lib/layer.js:111:12)
      at trimPrefix (D:\New folder (4)../../server/node_modules/router/index.js:340:13)
      at D:\New folder (4)../../server/node_modules/router/index.js:297:9
      at processParams (D:\New folder (4)../../server/node_modules/router/index.js:582:12)
      at Immediate.next (D:\New folder (4)../../server/node_modules/router/index.js:291:5)
      at Immediate._onImmediate (D:\New folder (4)../../server/node_modules/router/index.js:688:15)

  console.log
    {"ts":"2026-06-27T01:27:10.432Z","level":"info","msg":"request","reqId":"8d625123","method":"POST","url":"/api/interview/submit-code","status":400,"ms":4}

      at log (D:\New folder (4)../../server/middleware/logger.js:16:11)

  console.error
    {"ts":"2026-06-27T01:27:10.450Z","level":"error","msg":"unhandled_error","reqId":"908b0d1d","status":400,"message":"Missing required fields: language","stack":"Error: Missing required fields: language\n    at validateBody (D:\\New folder (4)\\server\\routes\\interviewRoutes.js:38:17)\n    at validateBody (D:\\New folder (4)\\server\\routes\\interviewRoutes.js:313:5)\n    at Layer.handleRequest (D:\\New folder (4)\\server\\node_modules\\router\\lib\\layer.js:152:17)\n    at next (D:\\New folder (4)\\server\\node_modules\\router\\lib\\route.js:157:13)\n    at Route.dispatch (D:\\New folder (4)\\server\\node_modules\\router\\lib\\route.js:117:3)\n    at handle (D:\\New folder (4)\\server\\node_modules\\router\\index.js:435:11)\n    at Layer.handleRequest (D:\\New folder (4)\\server\\node_modules\\router\\lib\\layer.js:152:17)\n    at D:\\New folder (4)\\server\\node_modules\\router\\index.js:295:15\n    at processParams (D:\\New folder (4)\\server\\node_modules\\router\\index.js:582:12)\n    at next (D:\\New folder (4)\\server\\node_modules\\router\\index.js:291:5)\n    at router.handle (D:\\New folder (4)\\server\\node_modules\\router\\index.js:186:3)\n    at router (D:\\New folder (4)\\server\\node_modules\\router\\index.js:60:12)\n    at Layer.handleRequest (D:\\New folder (4)\\server\\node_modules\\router\\lib\\layer.js:152:17)\n    at trimPrefix (D:\\New folder (4)\\server\\node_modules\\router\\index.js:342:13)\n    at D:\\New folder (4)\\server\\node_modules\\router\\index.js:297:9\n    at processParams (D:\\New folder (4)\\server\\node_modules\\router\\index.js:582:12)\n    at next (D:\\New folder (4)\\server\\node_modules\\router\\index.js:291:5)\n    at next (D:\\New folder (4)\\server\\middleware\\logger.js:41:3)\n    at Layer.handleRequest (D:\\New folder (4)\\server\\node_modules\\router\\lib\\layer.js:152:17)\n    at trimPrefix (D:\\New folder (4)\\server\\node_modules\\router\\index.js:342:13)\n    at D:\\New folder (4)\\server\\node_modules\\router\\index.js:297:9\n    at processParams (D:\\New folder (4)\\server\\node_modules\\router\\index.js:582:12)\n    at next (D:\\New folder (4)\\server\\node_modules\\router\\index.js:291:5)\n    at D:\\New folder (4)\\server\\node_modules\\body-parser\\lib\\read.js:171:5\n    at AsyncResource.runInAsyncScope (node:async_hooks:214:14)\n    at invokeCallback (D:\\New folder (4)\\server\\node_modules\\raw-body\\index.js:238:16)\n    at done (D:\\New folder (4)\\server\\node_modules\\raw-body\\index.js:227:7)\n    at IncomingMessage.onEnd (D:\\New folder (4)\\server\\node_modules\\raw-body\\index.js:287:7)\n    at IncomingMessage.emit (node:events:508:28)\n    at endReadableNT (node:internal/streams/readable:1701:12)\n    at processTicksAndRejections (node:internal/process/task_queues:89:21)"}

    [0m [90m 13 |[39m   }[33m;[39m
     [90m 14 |[39m   [36mconst[39m out [33m=[39m [33mJSON[39m[33m.[39mstringify(entry)[33m;[39m
    [31m[1m>[22m[39m[90m 15 |[39m   [36mif[39m (level [33m===[39m [32m'error'[39m) [36mreturn[39m console[33m.[39merror(out)[33m;[39m
     [90m    |[39m                                         [31m[1m^[22m[39m
     [90m 16 |[39m   console[33m.[39mlog(out)[33m;[39m
     [90m 17 |[39m }
     [90m 18 |[39m[0m

      at error (D:\New folder (4)../../server/middleware/logger.js:15:41)
      at Object.log [as error] (D:\New folder (4)../../server/middleware/logger.js:22:25)
      at error (D:\New folder (4)../../server/middleware/errorHandler.js:11:10)
      at Layer.handleError (D:\New folder (4)../../server/node_modules/router/lib/layer.js:116:17)
      at trimPrefix (D:\New folder (4)../../server/node_modules/router/index.js:340:13)
      at D:\New folder (4)../../server/node_modules/router/index.js:297:9
      at processParams (D:\New folder (4)../../server/node_modules/router/index.js:582:12)
      at next (D:\New folder (4)../../server/node_modules/router/index.js:291:5)
      at Layer.handleError (D:\New folder (4)../../server/node_modules/router/lib/layer.js:111:12)
      at trimPrefix (D:\New folder (4)../../server/node_modules/router/index.js:340:13)
      at D:\New folder (4)../../server/node_modules/router/index.js:297:9
      at processParams (D:\New folder (4)../../server/node_modules/router/index.js:582:12)
      at Immediate.next (D:\New folder (4)../../server/node_modules/router/index.js:291:5)
      at Immediate._onImmediate (D:\New folder (4)../../server/node_modules/router/index.js:688:15)

  console.log
    {"ts":"2026-06-27T01:27:10.454Z","level":"info","msg":"request","reqId":"908b0d1d","method":"POST","url":"/api/interview/submit-code","status":400,"ms":6}

      at log (D:\New folder (4)../../server/middleware/logger.js:16:11)

  console.error
    {"ts":"2026-06-27T01:27:10.481Z","level":"error","msg":"unhandled_error","reqId":"a809414f","status":400,"message":"Missing required fields: questionText","stack":"Error: Missing required fields: questionText\n    at validateBody (D:\\New folder (4)\\server\\routes\\interviewRoutes.js:38:17)\n    at validateBody (D:\\New folder (4)\\server\\routes\\interviewRoutes.js:313:5)\n    at Layer.handleRequest (D:\\New folder (4)\\server\\node_modules\\router\\lib\\layer.js:152:17)\n    at next (D:\\New folder (4)\\server\\node_modules\\router\\lib\\route.js:157:13)\n    at Route.dispatch (D:\\New folder (4)\\server\\node_modules\\router\\lib\\route.js:117:3)\n    at handle (D:\\New folder (4)\\server\\node_modules\\router\\index.js:435:11)\n    at Layer.handleRequest (D:\\New folder (4)\\server\\node_modules\\router\\lib\\layer.js:152:17)\n    at D:\\New folder (4)\\server\\node_modules\\router\\index.js:295:15\n    at processParams (D:\\New folder (4)\\server\\node_modules\\router\\index.js:582:12)\n    at next (D:\\New folder (4)\\server\\node_modules\\router\\index.js:291:5)\n    at router.handle (D:\\New folder (4)\\server\\node_modules\\router\\index.js:186:3)\n    at router (D:\\New folder (4)\\server\\node_modules\\router\\index.js:60:12)\n    at Layer.handleRequest (D:\\New folder (4)\\server\\node_modules\\router\\lib\\layer.js:152:17)\n    at trimPrefix (D:\\New folder (4)\\server\\node_modules\\router\\index.js:342:13)\n    at D:\\New folder (4)\\server\\node_modules\\router\\index.js:297:9\n    at processParams (D:\\New folder (4)\\server\\node_modules\\router\\index.js:582:12)\n    at next (D:\\New folder (4)\\server\\node_modules\\router\\index.js:291:5)\n    at next (D:\\New folder (4)\\server\\middleware\\logger.js:41:3)\n    at Layer.handleRequest (D:\\New folder (4)\\server\\node_modules\\router\\lib\\layer.js:152:17)\n    at trimPrefix (D:\\New folder (4)\\server\\node_modules\\router\\index.js:342:13)\n    at D:\\New folder (4)\\server\\node_modules\\router\\index.js:297:9\n    at processParams (D:\\New folder (4)\\server\\node_modules\\router\\index.js:582:12)\n    at next (D:\\New folder (4)\\server\\node_modules\\router\\index.js:291:5)\n    at D:\\New folder (4)\\server\\node_modules\\body-parser\\lib\\read.js:171:5\n    at AsyncResource.runInAsyncScope (node:async_hooks:214:14)\n    at invokeCallback (D:\\New folder (4)\\server\\node_modules\\raw-body\\index.js:238:16)\n    at done (D:\\New folder (4)\\server\\node_modules\\raw-body\\index.js:227:7)\n    at IncomingMessage.onEnd (D:\\New folder (4)\\server\\node_modules\\raw-body\\index.js:287:7)\n    at IncomingMessage.emit (node:events:508:28)\n    at endReadableNT (node:internal/streams/readable:1701:12)\n    at processTicksAndRejections (node:internal/process/task_queues:89:21)"}

    [0m [90m 13 |[39m   }[33m;[39m
     [90m 14 |[39m   [36mconst[39m out [33m=[39m [33mJSON[39m[33m.[39mstringify(entry)[33m;[39m
    [31m[1m>[22m[39m[90m 15 |[39m   [36mif[39m (level [33m===[39m [32m'error'[39m) [36mreturn[39m console[33m.[39merror(out)[33m;[39m
     [90m    |[39m                                         [31m[1m^[22m[39m
     [90m 16 |[39m   console[33m.[39mlog(out)[33m;[39m
     [90m 17 |[39m }
     [90m 18 |[39m[0m

      at error (D:\New folder (4)../../server/middleware/logger.js:15:41)
      at Object.log [as error] (D:\New folder (4)../../server/middleware/logger.js:22:25)
      at error (D:\New folder (4)../../server/middleware/errorHandler.js:11:10)
      at Layer.handleError (D:\New folder (4)../../server/node_modules/router/lib/layer.js:116:17)
      at trimPrefix (D:\New folder (4)../../server/node_modules/router/index.js:340:13)
      at D:\New folder (4)../../server/node_modules/router/index.js:297:9
      at processParams (D:\New folder (4)../../server/node_modules/router/index.js:582:12)
      at next (D:\New folder (4)../../server/node_modules/router/index.js:291:5)
      at Layer.handleError (D:\New folder (4)../../server/node_modules/router/lib/layer.js:111:12)
      at trimPrefix (D:\New folder (4)../../server/node_modules/router/index.js:340:13)
      at D:\New folder (4)../../server/node_modules/router/index.js:297:9
      at processParams (D:\New folder (4)../../server/node_modules/router/index.js:582:12)
      at Immediate.next (D:\New folder (4)../../server/node_modules/router/index.js:291:5)
      at Immediate._onImmediate (D:\New folder (4)../../server/node_modules/router/index.js:688:15)

  console.log
    {"ts":"2026-06-27T01:27:10.486Z","level":"info","msg":"request","reqId":"a809414f","method":"POST","url":"/api/interview/submit-code","status":400,"ms":7}

      at log (D:\New folder (4)../../server/middleware/logger.js:16:11)

  console.error
    {"ts":"2026-06-27T01:27:10.508Z","level":"error","msg":"unhandled_error","reqId":"9e3c40ec","status":400,"message":"Missing required fields: role","stack":"Error: Missing required fields: role\n    at validateBody (D:\\New folder (4)\\server\\routes\\interviewRoutes.js:38:17)\n    at validateBody (D:\\New folder (4)\\server\\routes\\interviewRoutes.js:313:5)\n    at Layer.handleRequest (D:\\New folder (4)\\server\\node_modules\\router\\lib\\layer.js:152:17)\n    at next (D:\\New folder (4)\\server\\node_modules\\router\\lib\\route.js:157:13)\n    at Route.dispatch (D:\\New folder (4)\\server\\node_modules\\router\\lib\\route.js:117:3)\n    at handle (D:\\New folder (4)\\server\\node_modules\\router\\index.js:435:11)\n    at Layer.handleRequest (D:\\New folder (4)\\server\\node_modules\\router\\lib\\layer.js:152:17)\n    at D:\\New folder (4)\\server\\node_modules\\router\\index.js:295:15\n    at processParams (D:\\New folder (4)\\server\\node_modules\\router\\index.js:582:12)\n    at next (D:\\New folder (4)\\server\\node_modules\\router\\index.js:291:5)\n    at router.handle (D:\\New folder (4)\\server\\node_modules\\router\\index.js:186:3)\n    at router (D:\\New folder (4)\\server\\node_modules\\router\\index.js:60:12)\n    at Layer.handleRequest (D:\\New folder (4)\\server\\node_modules\\router\\lib\\layer.js:152:17)\n    at trimPrefix (D:\\New folder (4)\\server\\node_modules\\router\\index.js:342:13)\n    at D:\\New folder (4)\\server\\node_modules\\router\\index.js:297:9\n    at processParams (D:\\New folder (4)\\server\\node_modules\\router\\index.js:582:12)\n    at next (D:\\New folder (4)\\server\\node_modules\\router\\index.js:291:5)\n    at next (D:\\New folder (4)\\server\\middleware\\logger.js:41:3)\n    at Layer.handleRequest (D:\\New folder (4)\\server\\node_modules\\router\\lib\\layer.js:152:17)\n    at trimPrefix (D:\\New folder (4)\\server\\node_modules\\router\\index.js:342:13)\n    at D:\\New folder (4)\\server\\node_modules\\router\\index.js:297:9\n    at processParams (D:\\New folder (4)\\server\\node_modules\\router\\index.js:582:12)\n    at next (D:\\New folder (4)\\server\\node_modules\\router\\index.js:291:5)\n    at D:\\New folder (4)\\server\\node_modules\\body-parser\\lib\\read.js:171:5\n    at AsyncResource.runInAsyncScope (node:async_hooks:214:14)\n    at invokeCallback (D:\\New folder (4)\\server\\node_modules\\raw-body\\index.js:238:16)\n    at done (D:\\New folder (4)\\server\\node_modules\\raw-body\\index.js:227:7)\n    at IncomingMessage.onEnd (D:\\New folder (4)\\server\\node_modules\\raw-body\\index.js:287:7)\n    at IncomingMessage.emit (node:events:508:28)\n    at endReadableNT (node:internal/streams/readable:1701:12)\n    at processTicksAndRejections (node:internal/process/task_queues:89:21)"}

    [0m [90m 13 |[39m   }[33m;[39m
     [90m 14 |[39m   [36mconst[39m out [33m=[39m [33mJSON[39m[33m.[39mstringify(entry)[33m;[39m
    [31m[1m>[22m[39m[90m 15 |[39m   [36mif[39m (level [33m===[39m [32m'error'[39m) [36mreturn[39m console[33m.[39merror(out)[33m;[39m
     [90m    |[39m                                         [31m[1m^[22m[39m
     [90m 16 |[39m   console[33m.[39mlog(out)[33m;[39m
     [90m 17 |[39m }
     [90m 18 |[39m[0m

      at error (D:\New folder (4)../../server/middleware/logger.js:15:41)
      at Object.log [as error] (D:\New folder (4)../../server/middleware/logger.js:22:25)
      at error (D:\New folder (4)../../server/middleware/errorHandler.js:11:10)
      at Layer.handleError (D:\New folder (4)../../server/node_modules/router/lib/layer.js:116:17)
      at trimPrefix (D:\New folder (4)../../server/node_modules/router/index.js:340:13)
      at D:\New folder (4)../../server/node_modules/router/index.js:297:9
      at processParams (D:\New folder (4)../../server/node_modules/router/index.js:582:12)
      at next (D:\New folder (4)../../server/node_modules/router/index.js:291:5)
      at Layer.handleError (D:\New folder (4)../../server/node_modules/router/lib/layer.js:111:12)
      at trimPrefix (D:\New folder (4)../../server/node_modules/router/index.js:340:13)
      at D:\New folder (4)../../server/node_modules/router/index.js:297:9
      at processParams (D:\New folder (4)../../server/node_modules/router/index.js:582:12)
      at Immediate.next (D:\New folder (4)../../server/node_modules/router/index.js:291:5)
      at Immediate._onImmediate (D:\New folder (4)../../server/node_modules/router/index.js:688:15)

  console.log
    {"ts":"2026-06-27T01:27:10.513Z","level":"info","msg":"request","reqId":"9e3c40ec","method":"POST","url":"/api/interview/submit-code","status":400,"ms":8}

      at log (D:\New folder (4)../../server/middleware/logger.js:16:11)

  console.error
    {"ts":"2026-06-27T01:27:10.534Z","level":"error","msg":"unhandled_error","reqId":"ea6c1ebf","status":400,"message":"Missing required fields: level","stack":"Error: Missing required fields: level\n    at validateBody (D:\\New folder (4)\\server\\routes\\interviewRoutes.js:38:17)\n    at validateBody (D:\\New folder (4)\\server\\routes\\interviewRoutes.js:313:5)\n    at Layer.handleRequest (D:\\New folder (4)\\server\\node_modules\\router\\lib\\layer.js:152:17)\n    at next (D:\\New folder (4)\\server\\node_modules\\router\\lib\\route.js:157:13)\n    at Route.dispatch (D:\\New folder (4)\\server\\node_modules\\router\\lib\\route.js:117:3)\n    at handle (D:\\New folder (4)\\server\\node_modules\\router\\index.js:435:11)\n    at Layer.handleRequest (D:\\New folder (4)\\server\\node_modules\\router\\lib\\layer.js:152:17)\n    at D:\\New folder (4)\\server\\node_modules\\router\\index.js:295:15\n    at processParams (D:\\New folder (4)\\server\\node_modules\\router\\index.js:582:12)\n    at next (D:\\New folder (4)\\server\\node_modules\\router\\index.js:291:5)\n    at router.handle (D:\\New folder (4)\\server\\node_modules\\router\\index.js:186:3)\n    at router (D:\\New folder (4)\\server\\node_modules\\router\\index.js:60:12)\n    at Layer.handleRequest (D:\\New folder (4)\\server\\node_modules\\router\\lib\\layer.js:152:17)\n    at trimPrefix (D:\\New folder (4)\\server\\node_modules\\router\\index.js:342:13)\n    at D:\\New folder (4)\\server\\node_modules\\router\\index.js:297:9\n    at processParams (D:\\New folder (4)\\server\\node_modules\\router\\index.js:582:12)\n    at next (D:\\New folder (4)\\server\\node_modules\\router\\index.js:291:5)\n    at next (D:\\New folder (4)\\server\\middleware\\logger.js:41:3)\n    at Layer.handleRequest (D:\\New folder (4)\\server\\node_modules\\router\\lib\\layer.js:152:17)\n    at trimPrefix (D:\\New folder (4)\\server\\node_modules\\router\\index.js:342:13)\n    at D:\\New folder (4)\\server\\node_modules\\router\\index.js:297:9\n    at processParams (D:\\New folder (4)\\server\\node_modules\\router\\index.js:582:12)\n    at next (D:\\New folder (4)\\server\\node_modules\\router\\index.js:291:5)\n    at D:\\New folder (4)\\server\\node_modules\\body-parser\\lib\\read.js:171:5\n    at AsyncResource.runInAsyncScope (node:async_hooks:214:14)\n    at invokeCallback (D:\\New folder (4)\\server\\node_modules\\raw-body\\index.js:238:16)\n    at done (D:\\New folder (4)\\server\\node_modules\\raw-body\\index.js:227:7)\n    at IncomingMessage.onEnd (D:\\New folder (4)\\server\\node_modules\\raw-body\\index.js:287:7)\n    at IncomingMessage.emit (node:events:508:28)\n    at endReadableNT (node:internal/streams/readable:1701:12)\n    at processTicksAndRejections (node:internal/process/task_queues:89:21)"}

    [0m [90m 13 |[39m   }[33m;[39m
     [90m 14 |[39m   [36mconst[39m out [33m=[39m [33mJSON[39m[33m.[39mstringify(entry)[33m;[39m
    [31m[1m>[22m[39m[90m 15 |[39m   [36mif[39m (level [33m===[39m [32m'error'[39m) [36mreturn[39m console[33m.[39merror(out)[33m;[39m
     [90m    |[39m                                         [31m[1m^[22m[39m
     [90m 16 |[39m   console[33m.[39mlog(out)[33m;[39m
     [90m 17 |[39m }
     [90m 18 |[39m[0m

      at error (D:\New folder (4)../../server/middleware/logger.js:15:41)
      at Object.log [as error] (D:\New folder (4)../../server/middleware/logger.js:22:25)
      at error (D:\New folder (4)../../server/middleware/errorHandler.js:11:10)
      at Layer.handleError (D:\New folder (4)../../server/node_modules/router/lib/layer.js:116:17)
      at trimPrefix (D:\New folder (4)../../server/node_modules/router/index.js:340:13)
      at D:\New folder (4)../../server/node_modules/router/index.js:297:9
      at processParams (D:\New folder (4)../../server/node_modules/router/index.js:582:12)
      at next (D:\New folder (4)../../server/node_modules/router/index.js:291:5)
      at Layer.handleError (D:\New folder (4)../../server/node_modules/router/lib/layer.js:111:12)
      at trimPrefix (D:\New folder (4)../../server/node_modules/router/index.js:340:13)
      at D:\New folder (4)../../server/node_modules/router/index.js:297:9
      at processParams (D:\New folder (4)../../server/node_modules/router/index.js:582:12)
      at Immediate.next (D:\New folder (4)../../server/node_modules/router/index.js:291:5)
      at Immediate._onImmediate (D:\New folder (4)../../server/node_modules/router/index.js:688:15)

  console.log
    {"ts":"2026-06-27T01:27:10.539Z","level":"info","msg":"request","reqId":"ea6c1ebf","method":"POST","url":"/api/interview/submit-code","status":400,"ms":8}

      at log (D:\New folder (4)../../server/middleware/logger.js:16:11)

  console.log
    Γùç injected env (5) from ..\.env // tip: Γîÿ override existing { override: true }

      at _log (D:\New folder (4)../../server/node_modules/dotenv/lib/main.js:131:11)

  console.log
    {"ts":"2026-06-27T01:27:10.831Z","level":"info","msg":"groq_models_selected","llm":"llama-3.1-8b-instant","stt":"whisper-large-v3"}

      at log (D:\New folder (4)../../server/middleware/logger.js:16:11)

  console.log
    {"ts":"2026-06-27T01:27:11.052Z","level":"info","msg":"request","reqId":"67c39db7","method":"GET","url":"/health","status":200,"ms":4}

      at log (D:\New folder (4)../../server/middleware/logger.js:16:11)

  console.log
    {"ts":"2026-06-27T01:27:11.072Z","level":"info","msg":"request","reqId":"40f176d0","method":"GET","url":"/api/interview/nonexistent","status":404,"ms":2}

      at log (D:\New folder (4)../../server/middleware/logger.js:16:11)

  console.error
    {"ts":"2026-06-27T01:27:11.103Z","level":"error","msg":"unhandled_error","reqId":"b6e1ddef","status":400,"message":"Missing required fields: role","stack":"Error: Missing required fields: role\n    at validateBody (D:\\New folder (4)\\server\\routes\\interviewRoutes.js:38:17)\n    at validateBody (D:\\New folder (4)\\server\\routes\\interviewRoutes.js:209:5)\n    at Layer.handleRequest (D:\\New folder (4)\\server\\node_modules\\router\\lib\\layer.js:152:17)\n    at next (D:\\New folder (4)\\server\\node_modules\\router\\lib\\route.js:157:13)\n    at Route.dispatch (D:\\New folder (4)\\server\\node_modules\\router\\lib\\route.js:117:3)\n    at handle (D:\\New folder (4)\\server\\node_modules\\router\\index.js:435:11)\n    at Layer.handleRequest (D:\\New folder (4)\\server\\node_modules\\router\\lib\\layer.js:152:17)\n    at D:\\New folder (4)\\server\\node_modules\\router\\index.js:295:15\n    at processParams (D:\\New folder (4)\\server\\node_modules\\router\\index.js:582:12)\n    at next (D:\\New folder (4)\\server\\node_modules\\router\\index.js:291:5)\n    at router.handle (D:\\New folder (4)\\server\\node_modules\\router\\index.js:186:3)\n    at router (D:\\New folder (4)\\server\\node_modules\\router\\index.js:60:12)\n    at Layer.handleRequest (D:\\New folder (4)\\server\\node_modules\\router\\lib\\layer.js:152:17)\n    at trimPrefix (D:\\New folder (4)\\server\\node_modules\\router\\index.js:342:13)\n    at D:\\New folder (4)\\server\\node_modules\\router\\index.js:297:9\n    at processParams (D:\\New folder (4)\\server\\node_modules\\router\\index.js:582:12)\n    at next (D:\\New folder (4)\\server\\node_modules\\router\\index.js:291:5)\n    at next (D:\\New folder (4)\\server\\middleware\\logger.js:41:3)\n    at Layer.handleRequest (D:\\New folder (4)\\server\\node_modules\\router\\lib\\layer.js:152:17)\n    at trimPrefix (D:\\New folder (4)\\server\\node_modules\\router\\index.js:342:13)\n    at D:\\New folder (4)\\server\\node_modules\\router\\index.js:297:9\n    at processParams (D:\\New folder (4)\\server\\node_modules\\router\\index.js:582:12)\n    at next (D:\\New folder (4)\\server\\node_modules\\router\\index.js:291:5)\n    at D:\\New folder (4)\\server\\node_modules\\body-parser\\lib\\read.js:171:5\n    at AsyncResource.runInAsyncScope (node:async_hooks:214:14)\n    at invokeCallback (D:\\New folder (4)\\server\\node_modules\\raw-body\\index.js:238:16)\n    at done (D:\\New folder (4)\\server\\node_modules\\raw-body\\index.js:227:7)\n    at IncomingMessage.onEnd (D:\\New folder (4)\\server\\node_modules\\raw-body\\index.js:287:7)\n    at IncomingMessage.emit (node:events:508:28)\n    at endReadableNT (node:internal/streams/readable:1701:12)\n    at processTicksAndRejections (node:internal/process/task_queues:89:21)"}

    [0m [90m 13 |[39m   }[33m;[39m
     [90m 14 |[39m   [36mconst[39m out [33m=[39m [33mJSON[39m[33m.[39mstringify(entry)[33m;[39m
    [31m[1m>[22m[39m[90m 15 |[39m   [36mif[39m (level [33m===[39m [32m'error'[39m) [36mreturn[39m console[33m.[39merror(out)[33m;[39m
     [90m    |[39m                                         [31m[1m^[22m[39m
     [90m 16 |[39m   console[33m.[39mlog(out)[33m;[39m
     [90m 17 |[39m }
     [90m 18 |[39m[0m

      at error (D:\New folder (4)../../server/middleware/logger.js:15:41)
      at Object.log [as error] (D:\New folder (4)../../server/middleware/logger.js:22:25)
      at error (D:\New folder (4)../../server/middleware/errorHandler.js:11:10)
      at Layer.handleError (D:\New folder (4)../../server/node_modules/router/lib/layer.js:116:17)
      at trimPrefix (D:\New folder (4)../../server/node_modules/router/index.js:340:13)
      at D:\New folder (4)../../server/node_modules/router/index.js:297:9
      at processParams (D:\New folder (4)../../server/node_modules/router/index.js:582:12)
      at next (D:\New folder (4)../../server/node_modules/router/index.js:291:5)
      at Layer.handleError (D:\New folder (4)../../server/node_modules/router/lib/layer.js:111:12)
      at trimPrefix (D:\New folder (4)../../server/node_modules/router/index.js:340:13)
      at D:\New folder (4)../../server/node_modules/router/index.js:297:9
      at processParams (D:\New folder (4)../../server/node_modules/router/index.js:582:12)
      at next (D:\New folder (4)../../server/node_modules/router/index.js:291:5)
      at D:\New folder (4)../../server/node_modules/router/index.js:688:15
      at next (D:\New folder (4)../../server/node_modules/router/index.js:276:14)
      at next (D:\New folder (4)../../server/node_modules/router/lib/route.js:132:14)
      at next (D:\New folder (4)../../server/routes/interviewRoutes.js:217:5)
      at Layer.handleRequest (D:\New folder (4)../../server/node_modules/router/lib/layer.js:152:17)
      at next (D:\New folder (4)../../server/node_modules/router/lib/route.js:157:13)
      at Route.dispatch (D:\New folder (4)../../server/node_modules/router/lib/route.js:117:3)
      at handle (D:\New folder (4)../../server/node_modules/router/index.js:435:11)
      at Layer.handleRequest (D:\New folder (4)../../server/node_modules/router/lib/layer.js:152:17)
      at D:\New folder (4)../../server/node_modules/router/index.js:295:15
      at processParams (D:\New folder (4)../../server/node_modules/router/index.js:582:12)
      at next (D:\New folder (4)../../server/node_modules/router/index.js:291:5)
      at router.handle (D:\New folder (4)../../server/node_modules/router/index.js:186:3)
      at router (D:\New folder (4)../../server/node_modules/router/index.js:60:12)
      at Layer.handleRequest (D:\New folder (4)../../server/node_modules/router/lib/layer.js:152:17)
      at trimPrefix (D:\New folder (4)../../server/node_modules/router/index.js:342:13)
      at D:\New folder (4)../../server/node_modules/router/index.js:297:9
      at processParams (D:\New folder (4)../../server/node_modules/router/index.js:582:12)
      at next (D:\New folder (4)../../server/node_modules/router/index.js:291:5)
      at next (D:\New folder (4)../../server/middleware/logger.js:41:3)
      at Layer.handleRequest (D:\New folder (4)../../server/node_modules/router/lib/layer.js:152:17)
      at trimPrefix (D:\New folder (4)../../server/node_modules/router/index.js:342:13)
      at D:\New folder (4)../../server/node_modules/router/index.js:297:9
      at processParams (D:\New folder (4)../../server/node_modules/router/index.js:582:12)
      at next (D:\New folder (4)../../server/node_modules/router/index.js:291:5)
      at D:\New folder (4)../../server/node_modules/body-parser/lib/read.js:171:5
      at invokeCallback (D:\New folder (4)../../server/node_modules/raw-body/index.js:238:16)
      at done (D:\New folder (4)../../server/node_modules/raw-body/index.js:227:7)
      at IncomingMessage.onEnd (D:\New folder (4)../../server/node_modules/raw-body/index.js:287:7)

  console.log
    {"ts":"2026-06-27T01:27:11.113Z","level":"info","msg":"request","reqId":"b6e1ddef","method":"POST","url":"/api/interview/start","status":400,"ms":14}

      at log (D:\New folder (4)../../server/middleware/logger.js:16:11)

  console.error
    {"ts":"2026-06-27T01:27:11.134Z","level":"error","msg":"unhandled_error","reqId":"4d5cf2df","status":400,"message":"Missing required fields: level","stack":"Error: Missing required fields: level\n    at validateBody (D:\\New folder (4)\\server\\routes\\interviewRoutes.js:38:17)\n    at validateBody (D:\\New folder (4)\\server\\routes\\interviewRoutes.js:209:5)\n    at Layer.handleRequest (D:\\New folder (4)\\server\\node_modules\\router\\lib\\layer.js:152:17)\n    at next (D:\\New folder (4)\\server\\node_modules\\router\\lib\\route.js:157:13)\n    at Route.dispatch (D:\\New folder (4)\\server\\node_modules\\router\\lib\\route.js:117:3)\n    at handle (D:\\New folder (4)\\server\\node_modules\\router\\index.js:435:11)\n    at Layer.handleRequest (D:\\New folder (4)\\server\\node_modules\\router\\lib\\layer.js:152:17)\n    at D:\\New folder (4)\\server\\node_modules\\router\\index.js:295:15\n    at processParams (D:\\New folder (4)\\server\\node_modules\\router\\index.js:582:12)\n    at next (D:\\New folder (4)\\server\\node_modules\\router\\index.js:291:5)\n    at router.handle (D:\\New folder (4)\\server\\node_modules\\router\\index.js:186:3)\n    at router (D:\\New folder (4)\\server\\node_modules\\router\\index.js:60:12)\n    at Layer.handleRequest (D:\\New folder (4)\\server\\node_modules\\router\\lib\\layer.js:152:17)\n    at trimPrefix (D:\\New folder (4)\\server\\node_modules\\router\\index.js:342:13)\n    at D:\\New folder (4)\\server\\node_modules\\router\\index.js:297:9\n    at processParams (D:\\New folder (4)\\server\\node_modules\\router\\index.js:582:12)\n    at next (D:\\New folder (4)\\server\\node_modules\\router\\index.js:291:5)\n    at next (D:\\New folder (4)\\server\\middleware\\logger.js:41:3)\n    at Layer.handleRequest (D:\\New folder (4)\\server\\node_modules\\router\\lib\\layer.js:152:17)\n    at trimPrefix (D:\\New folder (4)\\server\\node_modules\\router\\index.js:342:13)\n    at D:\\New folder (4)\\server\\node_modules\\router\\index.js:297:9\n    at processParams (D:\\New folder (4)\\server\\node_modules\\router\\index.js:582:12)\n    at next (D:\\New folder (4)\\server\\node_modules\\router\\index.js:291:5)\n    at D:\\New folder (4)\\server\\node_modules\\body-parser\\lib\\read.js:171:5\n    at AsyncResource.runInAsyncScope (node:async_hooks:214:14)\n    at invokeCallback (D:\\New folder (4)\\server\\node_modules\\raw-body\\index.js:238:16)\n    at done (D:\\New folder (4)\\server\\node_modules\\raw-body\\index.js:227:7)\n    at IncomingMessage.onEnd (D:\\New folder (4)\\server\\node_modules\\raw-body\\index.js:287:7)\n    at IncomingMessage.emit (node:events:508:28)\n    at endReadableNT (node:internal/streams/readable:1701:12)\n    at processTicksAndRejections (node:internal/process/task_queues:89:21)"}

    [0m [90m 13 |[39m   }[33m;[39m
     [90m 14 |[39m   [36mconst[39m out [33m=[39m [33mJSON[39m[33m.[39mstringify(entry)[33m;[39m
    [31m[1m>[22m[39m[90m 15 |[39m   [36mif[39m (level [33m===[39m [32m'error'[39m) [36mreturn[39m console[33m.[39merror(out)[33m;[39m
     [90m    |[39m                                         [31m[1m^[22m[39m
     [90m 16 |[39m   console[33m.[39mlog(out)[33m;[39m
     [90m 17 |[39m }
     [90m 18 |[39m[0m

      at error (D:\New folder (4)../../server/middleware/logger.js:15:41)
      at Object.log [as error] (D:\New folder (4)../../server/middleware/logger.js:22:25)
      at error (D:\New folder (4)../../server/middleware/errorHandler.js:11:10)
      at Layer.handleError (D:\New folder (4)../../server/node_modules/router/lib/layer.js:116:17)
      at trimPrefix (D:\New folder (4)../../server/node_modules/router/index.js:340:13)
      at D:\New folder (4)../../server/node_modules/router/index.js:297:9
      at processParams (D:\New folder (4)../../server/node_modules/router/index.js:582:12)
      at next (D:\New folder (4)../../server/node_modules/router/index.js:291:5)
      at Layer.handleError (D:\New folder (4)../../server/node_modules/router/lib/layer.js:111:12)
      at trimPrefix (D:\New folder (4)../../server/node_modules/router/index.js:340:13)
      at D:\New folder (4)../../server/node_modules/router/index.js:297:9
      at processParams (D:\New folder (4)../../server/node_modules/router/index.js:582:12)
      at next (D:\New folder (4)../../server/node_modules/router/index.js:291:5)
      at D:\New folder (4)../../server/node_modules/router/index.js:688:15
      at next (D:\New folder (4)../../server/node_modules/router/index.js:276:14)
      at next (D:\New folder (4)../../server/node_modules/router/lib/route.js:132:14)
      at next (D:\New folder (4)../../server/routes/interviewRoutes.js:217:5)
      at Layer.handleRequest (D:\New folder (4)../../server/node_modules/router/lib/layer.js:152:17)
      at next (D:\New folder (4)../../server/node_modules/router/lib/route.js:157:13)
      at Route.dispatch (D:\New folder (4)../../server/node_modules/router/lib/route.js:117:3)
      at handle (D:\New folder (4)../../server/node_modules/router/index.js:435:11)
      at Layer.handleRequest (D:\New folder (4)../../server/node_modules/router/lib/layer.js:152:17)
      at D:\New folder (4)../../server/node_modules/router/index.js:295:15
      at processParams (D:\New folder (4)../../server/node_modules/router/index.js:582:12)
      at next (D:\New folder (4)../../server/node_modules/router/index.js:291:5)
      at router.handle (D:\New folder (4)../../server/node_modules/router/index.js:186:3)
      at router (D:\New folder (4)../../server/node_modules/router/index.js:60:12)
      at Layer.handleRequest (D:\New folder (4)../../server/node_modules/router/lib/layer.js:152:17)
      at trimPrefix (D:\New folder (4)../../server/node_modules/router/index.js:342:13)
      at D:\New folder (4)../../server/node_modules/router/index.js:297:9
      at processParams (D:\New folder (4)../../server/node_modules/router/index.js:582:12)
      at next (D:\New folder (4)../../server/node_modules/router/index.js:291:5)
      at next (D:\New folder (4)../../server/middleware/logger.js:41:3)
      at Layer.handleRequest (D:\New folder (4)../../server/node_modules/router/lib/layer.js:152:17)
      at trimPrefix (D:\New folder (4)../../server/node_modules/router/index.js:342:13)
      at D:\New folder (4)../../server/node_modules/router/index.js:297:9
      at processParams (D:\New folder (4)../../server/node_modules/router/index.js:582:12)
      at next (D:\New folder (4)../../server/node_modules/router/index.js:291:5)
      at D:\New folder (4)../../server/node_modules/body-parser/lib/read.js:171:5
      at invokeCallback (D:\New folder (4)../../server/node_modules/raw-body/index.js:238:16)
      at done (D:\New folder (4)../../server/node_modules/raw-body/index.js:227:7)
      at IncomingMessage.onEnd (D:\New folder (4)../../server/node_modules/raw-body/index.js:287:7)

  console.log
    {"ts":"2026-06-27T01:27:11.143Z","level":"info","msg":"request","reqId":"4d5cf2df","method":"POST","url":"/api/interview/start","status":400,"ms":10}

      at log (D:\New folder (4)../../server/middleware/logger.js:16:11)

  console.log
    {"ts":"2026-06-27T01:27:11.478Z","level":"Junior","msg":"groq_intro","role":"Backend Developer","response":"Hello, I'm Smith, your AI Technical Interviewer. Today I'll be conducting your interview based on the role, experience level and interview settings you've selected. Could you tell me a little about yourself?"}

      at log (D:\New folder (4)../../server/middleware/logger.js:16:11)

  console.log
    {"ts":"2026-06-27T01:27:11.479Z","level":"Junior","msg":"interview_started","reqId":"befc6bea","role":"Backend Developer"}

      at log (D:\New folder (4)../../server/middleware/logger.js:16:11)

  console.log
    {"ts":"2026-06-27T01:27:11.482Z","level":"info","msg":"request","reqId":"befc6bea","method":"POST","url":"/api/interview/start","status":200,"ms":319}

      at log (D:\New folder (4)../../server/middleware/logger.js:16:11)

  console.error
    {"ts":"2026-06-27T01:27:11.501Z","level":"error","msg":"unhandled_error","reqId":"d25e4317","status":400,"message":"Missing required fields: role","stack":"Error: Missing required fields: role\n    at validateBody (D:\\New folder (4)\\server\\routes\\interviewRoutes.js:38:17)\n    at validateBody (D:\\New folder (4)\\server\\routes\\interviewRoutes.js:228:5)\n    at Layer.handleRequest (D:\\New folder (4)\\server\\node_modules\\router\\lib\\layer.js:152:17)\n    at next (D:\\New folder (4)\\server\\node_modules\\router\\lib\\route.js:157:13)\n    at Route.dispatch (D:\\New folder (4)\\server\\node_modules\\router\\lib\\route.js:117:3)\n    at handle (D:\\New folder (4)\\server\\node_modules\\router\\index.js:435:11)\n    at Layer.handleRequest (D:\\New folder (4)\\server\\node_modules\\router\\lib\\layer.js:152:17)\n    at D:\\New folder (4)\\server\\node_modules\\router\\index.js:295:15\n    at processParams (D:\\New folder (4)\\server\\node_modules\\router\\index.js:582:12)\n    at next (D:\\New folder (4)\\server\\node_modules\\router\\index.js:291:5)\n    at router.handle (D:\\New folder (4)\\server\\node_modules\\router\\index.js:186:3)\n    at router (D:\\New folder (4)\\server\\node_modules\\router\\index.js:60:12)\n    at Layer.handleRequest (D:\\New folder (4)\\server\\node_modules\\router\\lib\\layer.js:152:17)\n    at trimPrefix (D:\\New folder (4)\\server\\node_modules\\router\\index.js:342:13)\n    at D:\\New folder (4)\\server\\node_modules\\router\\index.js:297:9\n    at processParams (D:\\New folder (4)\\server\\node_modules\\router\\index.js:582:12)\n    at next (D:\\New folder (4)\\server\\node_modules\\router\\index.js:291:5)\n    at next (D:\\New folder (4)\\server\\middleware\\logger.js:41:3)\n    at Layer.handleRequest (D:\\New folder (4)\\server\\node_modules\\router\\lib\\layer.js:152:17)\n    at trimPrefix (D:\\New folder (4)\\server\\node_modules\\router\\index.js:342:13)\n    at D:\\New folder (4)\\server\\node_modules\\router\\index.js:297:9\n    at processParams (D:\\New folder (4)\\server\\node_modules\\router\\index.js:582:12)\n    at next (D:\\New folder (4)\\server\\node_modules\\router\\index.js:291:5)\n    at D:\\New folder (4)\\server\\node_modules\\body-parser\\lib\\read.js:171:5\n    at AsyncResource.runInAsyncScope (node:async_hooks:214:14)\n    at invokeCallback (D:\\New folder (4)\\server\\node_modules\\raw-body\\index.js:238:16)\n    at done (D:\\New folder (4)\\server\\node_modules\\raw-body\\index.js:227:7)\n    at IncomingMessage.onEnd (D:\\New folder (4)\\server\\node_modules\\raw-body\\index.js:287:7)\n    at IncomingMessage.emit (node:events:508:28)\n    at endReadableNT (node:internal/streams/readable:1701:12)\n    at processTicksAndRejections (node:internal/process/task_queues:89:21)"}

    [0m [90m 13 |[39m   }[33m;[39m
     [90m 14 |[39m   [36mconst[39m out [33m=[39m [33mJSON[39m[33m.[39mstringify(entry)[33m;[39m
    [31m[1m>[22m[39m[90m 15 |[39m   [36mif[39m (level [33m===[39m [32m'error'[39m) [36mreturn[39m console[33m.[39merror(out)[33m;[39m
     [90m    |[39m                                         [31m[1m^[22m[39m
     [90m 16 |[39m   console[33m.[39mlog(out)[33m;[39m
     [90m 17 |[39m }
     [90m 18 |[39m[0m

      at error (D:\New folder (4)../../server/middleware/logger.js:15:41)
      at Object.log [as error] (D:\New folder (4)../../server/middleware/logger.js:22:25)
      at error (D:\New folder (4)../../server/middleware/errorHandler.js:11:10)
      at Layer.handleError (D:\New folder (4)../../server/node_modules/router/lib/layer.js:116:17)
      at trimPrefix (D:\New folder (4)../../server/node_modules/router/index.js:340:13)
      at D:\New folder (4)../../server/node_modules/router/index.js:297:9
      at processParams (D:\New folder (4)../../server/node_modules/router/index.js:582:12)
      at next (D:\New folder (4)../../server/node_modules/router/index.js:291:5)
      at Layer.handleError (D:\New folder (4)../../server/node_modules/router/lib/layer.js:111:12)
      at trimPrefix (D:\New folder (4)../../server/node_modules/router/index.js:340:13)
      at D:\New folder (4)../../server/node_modules/router/index.js:297:9
      at processParams (D:\New folder (4)../../server/node_modules/router/index.js:582:12)
      at next (D:\New folder (4)../../server/node_modules/router/index.js:291:5)
      at D:\New folder (4)../../server/node_modules/router/index.js:688:15
      at next (D:\New folder (4)../../server/node_modules/router/index.js:276:14)
      at next (D:\New folder (4)../../server/node_modules/router/lib/route.js:132:14)
      at next (D:\New folder (4)../../server/routes/interviewRoutes.js:262:5)
      at Layer.handleRequest (D:\New folder (4)../../server/node_modules/router/lib/layer.js:152:17)
      at next (D:\New folder (4)../../server/node_modules/router/lib/route.js:157:13)
      at Route.dispatch (D:\New folder (4)../../server/node_modules/router/lib/route.js:117:3)
      at handle (D:\New folder (4)../../server/node_modules/router/index.js:435:11)
      at Layer.handleRequest (D:\New folder (4)../../server/node_modules/router/lib/layer.js:152:17)
      at D:\New folder (4)../../server/node_modules/router/index.js:295:15
      at processParams (D:\New folder (4)../../server/node_modules/router/index.js:582:12)
      at next (D:\New folder (4)../../server/node_modules/router/index.js:291:5)
      at router.handle (D:\New folder (4)../../server/node_modules/router/index.js:186:3)
      at router (D:\New folder (4)../../server/node_modules/router/index.js:60:12)
      at Layer.handleRequest (D:\New folder (4)../../server/node_modules/router/lib/layer.js:152:17)
      at trimPrefix (D:\New folder (4)../../server/node_modules/router/index.js:342:13)
      at D:\New folder (4)../../server/node_modules/router/index.js:297:9
      at processParams (D:\New folder (4)../../server/node_modules/router/index.js:582:12)
      at next (D:\New folder (4)../../server/node_modules/router/index.js:291:5)
      at next (D:\New folder (4)../../server/middleware/logger.js:41:3)
      at Layer.handleRequest (D:\New folder (4)../../server/node_modules/router/lib/layer.js:152:17)
      at trimPrefix (D:\New folder (4)../../server/node_modules/router/index.js:342:13)
      at D:\New folder (4)../../server/node_modules/router/index.js:297:9
      at processParams (D:\New folder (4)../../server/node_modules/router/index.js:582:12)
      at next (D:\New folder (4)../../server/node_modules/router/index.js:291:5)
      at D:\New folder (4)../../server/node_modules/body-parser/lib/read.js:171:5
      at invokeCallback (D:\New folder (4)../../server/node_modules/raw-body/index.js:238:16)
      at done (D:\New folder (4)../../server/node_modules/raw-body/index.js:227:7)
      at IncomingMessage.onEnd (D:\New folder (4)../../server/node_modules/raw-body/index.js:287:7)

  console.log
    {"ts":"2026-06-27T01:27:11.510Z","level":"info","msg":"request","reqId":"d25e4317","method":"POST","url":"/api/interview/respond","status":400,"ms":10}

      at log (D:\New folder (4)../../server/middleware/logger.js:16:11)

  console.error
    {"ts":"2026-06-27T01:27:11.544Z","level":"error","msg":"unhandled_error","reqId":"58f90638","status":400,"message":"Missing required fields: level","stack":"Error: Missing required fields: level\n    at validateBody (D:\\New folder (4)\\server\\routes\\interviewRoutes.js:38:17)\n    at validateBody (D:\\New folder (4)\\server\\routes\\interviewRoutes.js:228:5)\n    at Layer.handleRequest (D:\\New folder (4)\\server\\node_modules\\router\\lib\\layer.js:152:17)\n    at next (D:\\New folder (4)\\server\\node_modules\\router\\lib\\route.js:157:13)\n    at Route.dispatch (D:\\New folder (4)\\server\\node_modules\\router\\lib\\route.js:117:3)\n    at handle (D:\\New folder (4)\\server\\node_modules\\router\\index.js:435:11)\n    at Layer.handleRequest (D:\\New folder (4)\\server\\node_modules\\router\\lib\\layer.js:152:17)\n    at D:\\New folder (4)\\server\\node_modules\\router\\index.js:295:15\n    at processParams (D:\\New folder (4)\\server\\node_modules\\router\\index.js:582:12)\n    at next (D:\\New folder (4)\\server\\node_modules\\router\\index.js:291:5)\n    at router.handle (D:\\New folder (4)\\server\\node_modules\\router\\index.js:186:3)\n    at router (D:\\New folder (4)\\server\\node_modules\\router\\index.js:60:12)\n    at Layer.handleRequest (D:\\New folder (4)\\server\\node_modules\\router\\lib\\layer.js:152:17)\n    at trimPrefix (D:\\New folder (4)\\server\\node_modules\\router\\index.js:342:13)\n    at D:\\New folder (4)\\server\\node_modules\\router\\index.js:297:9\n    at processParams (D:\\New folder (4)\\server\\node_modules\\router\\index.js:582:12)\n    at next (D:\\New folder (4)\\server\\node_modules\\router\\index.js:291:5)\n    at next (D:\\New folder (4)\\server\\middleware\\logger.js:41:3)\n    at Layer.handleRequest (D:\\New folder (4)\\server\\node_modules\\router\\lib\\layer.js:152:17)\n    at trimPrefix (D:\\New folder (4)\\server\\node_modules\\router\\index.js:342:13)\n    at D:\\New folder (4)\\server\\node_modules\\router\\index.js:297:9\n    at processParams (D:\\New folder (4)\\server\\node_modules\\router\\index.js:582:12)\n    at next (D:\\New folder (4)\\server\\node_modules\\router\\index.js:291:5)\n    at D:\\New folder (4)\\server\\node_modules\\body-parser\\lib\\read.js:171:5\n    at AsyncResource.runInAsyncScope (node:async_hooks:214:14)\n    at invokeCallback (D:\\New folder (4)\\server\\node_modules\\raw-body\\index.js:238:16)\n    at done (D:\\New folder (4)\\server\\node_modules\\raw-body\\index.js:227:7)\n    at IncomingMessage.onEnd (D:\\New folder (4)\\server\\node_modules\\raw-body\\index.js:287:7)\n    at IncomingMessage.emit (node:events:508:28)\n    at endReadableNT (node:internal/streams/readable:1701:12)\n    at processTicksAndRejections (node:internal/process/task_queues:89:21)"}

    [0m [90m 13 |[39m   }[33m;[39m
     [90m 14 |[39m   [36mconst[39m out [33m=[39m [33mJSON[39m[33m.[39mstringify(entry)[33m;[39m
    [31m[1m>[22m[39m[90m 15 |[39m   [36mif[39m (level [33m===[39m [32m'error'[39m) [36mreturn[39m console[33m.[39merror(out)[33m;[39m
     [90m    |[39m                                         [31m[1m^[22m[39m
     [90m 16 |[39m   console[33m.[39mlog(out)[33m;[39m
     [90m 17 |[39m }
     [90m 18 |[39m[0m

      at error (D:\New folder (4)../../server/middleware/logger.js:15:41)
      at Object.log [as error] (D:\New folder (4)../../server/middleware/logger.js:22:25)
      at error (D:\New folder (4)../../server/middleware/errorHandler.js:11:10)
      at Layer.handleError (D:\New folder (4)../../server/node_modules/router/lib/layer.js:116:17)
      at trimPrefix (D:\New folder (4)../../server/node_modules/router/index.js:340:13)
      at D:\New folder (4)../../server/node_modules/router/index.js:297:9
      at processParams (D:\New folder (4)../../server/node_modules/router/index.js:582:12)
      at next (D:\New folder (4)../../server/node_modules/router/index.js:291:5)
      at Layer.handleError (D:\New folder (4)../../server/node_modules/router/lib/layer.js:111:12)
      at trimPrefix (D:\New folder (4)../../server/node_modules/router/index.js:340:13)
      at D:\New folder (4)../../server/node_modules/router/index.js:297:9
      at processParams (D:\New folder (4)../../server/node_modules/router/index.js:582:12)
      at next (D:\New folder (4)../../server/node_modules/router/index.js:291:5)
      at D:\New folder (4)../../server/node_modules/router/index.js:688:15
      at next (D:\New folder (4)../../server/node_modules/router/index.js:276:14)
      at next (D:\New folder (4)../../server/node_modules/router/lib/route.js:132:14)
      at next (D:\New folder (4)../../server/routes/interviewRoutes.js:262:5)
      at Layer.handleRequest (D:\New folder (4)../../server/node_modules/router/lib/layer.js:152:17)
      at next (D:\New folder (4)../../server/node_modules/router/lib/route.js:157:13)
      at Route.dispatch (D:\New folder (4)../../server/node_modules/router/lib/route.js:117:3)
      at handle (D:\New folder (4)../../server/node_modules/router/index.js:435:11)
      at Layer.handleRequest (D:\New folder (4)../../server/node_modules/router/lib/layer.js:152:17)
      at D:\New folder (4)../../server/node_modules/router/index.js:295:15
      at processParams (D:\New folder (4)../../server/node_modules/router/index.js:582:12)
      at next (D:\New folder (4)../../server/node_modules/router/index.js:291:5)
      at router.handle (D:\New folder (4)../../server/node_modules/router/index.js:186:3)
      at router (D:\New folder (4)../../server/node_modules/router/index.js:60:12)
      at Layer.handleRequest (D:\New folder (4)../../server/node_modules/router/lib/layer.js:152:17)
      at trimPrefix (D:\New folder (4)../../server/node_modules/router/index.js:342:13)
      at D:\New folder (4)../../server/node_modules/router/index.js:297:9
      at processParams (D:\New folder (4)../../server/node_modules/router/index.js:582:12)
      at next (D:\New folder (4)../../server/node_modules/router/index.js:291:5)
      at next (D:\New folder (4)../../server/middleware/logger.js:41:3)
      at Layer.handleRequest (D:\New folder (4)../../server/node_modules/router/lib/layer.js:152:17)
      at trimPrefix (D:\New folder (4)../../server/node_modules/router/index.js:342:13)
      at D:\New folder (4)../../server/node_modules/router/index.js:297:9
      at processParams (D:\New folder (4)../../server/node_modules/router/index.js:582:12)
      at next (D:\New folder (4)../../server/node_modules/router/index.js:291:5)
      at D:\New folder (4)../../server/node_modules/body-parser/lib/read.js:171:5
      at invokeCallback (D:\New folder (4)../../server/node_modules/raw-body/index.js:238:16)
      at done (D:\New folder (4)../../server/node_modules/raw-body/index.js:227:7)
      at IncomingMessage.onEnd (D:\New folder (4)../../server/node_modules/raw-body/index.js:287:7)

  console.log
    {"ts":"2026-06-27T01:27:11.552Z","level":"info","msg":"request","reqId":"58f90638","method":"POST","url":"/api/interview/respond","status":400,"ms":9}

      at log (D:\New folder (4)../../server/middleware/logger.js:16:11)

  console.error
    {"ts":"2026-06-27T01:27:11.571Z","level":"error","msg":"unhandled_error","reqId":"1e2d81af","status":400,"message":"Missing required fields: rawTranscript","stack":"Error: Missing required fields: rawTranscript\n    at validateBody (D:\\New folder (4)\\server\\routes\\interviewRoutes.js:38:17)\n    at validateBody (D:\\New folder (4)\\server\\routes\\interviewRoutes.js:228:5)\n    at Layer.handleRequest (D:\\New folder (4)\\server\\node_modules\\router\\lib\\layer.js:152:17)\n    at next (D:\\New folder (4)\\server\\node_modules\\router\\lib\\route.js:157:13)\n    at Route.dispatch (D:\\New folder (4)\\server\\node_modules\\router\\lib\\route.js:117:3)\n    at handle (D:\\New folder (4)\\server\\node_modules\\router\\index.js:435:11)\n    at Layer.handleRequest (D:\\New folder (4)\\server\\node_modules\\router\\lib\\layer.js:152:17)\n    at D:\\New folder (4)\\server\\node_modules\\router\\index.js:295:15\n    at processParams (D:\\New folder (4)\\server\\node_modules\\router\\index.js:582:12)\n    at next (D:\\New folder (4)\\server\\node_modules\\router\\index.js:291:5)\n    at router.handle (D:\\New folder (4)\\server\\node_modules\\router\\index.js:186:3)\n    at router (D:\\New folder (4)\\server\\node_modules\\router\\index.js:60:12)\n    at Layer.handleRequest (D:\\New folder (4)\\server\\node_modules\\router\\lib\\layer.js:152:17)\n    at trimPrefix (D:\\New folder (4)\\server\\node_modules\\router\\index.js:342:13)\n    at D:\\New folder (4)\\server\\node_modules\\router\\index.js:297:9\n    at processParams (D:\\New folder (4)\\server\\node_modules\\router\\index.js:582:12)\n    at next (D:\\New folder (4)\\server\\node_modules\\router\\index.js:291:5)\n    at next (D:\\New folder (4)\\server\\middleware\\logger.js:41:3)\n    at Layer.handleRequest (D:\\New folder (4)\\server\\node_modules\\router\\lib\\layer.js:152:17)\n    at trimPrefix (D:\\New folder (4)\\server\\node_modules\\router\\index.js:342:13)\n    at D:\\New folder (4)\\server\\node_modules\\router\\index.js:297:9\n    at processParams (D:\\New folder (4)\\server\\node_modules\\router\\index.js:582:12)\n    at next (D:\\New folder (4)\\server\\node_modules\\router\\index.js:291:5)\n    at D:\\New folder (4)\\server\\node_modules\\body-parser\\lib\\read.js:171:5\n    at AsyncResource.runInAsyncScope (node:async_hooks:214:14)\n    at invokeCallback (D:\\New folder (4)\\server\\node_modules\\raw-body\\index.js:238:16)\n    at done (D:\\New folder (4)\\server\\node_modules\\raw-body\\index.js:227:7)\n    at IncomingMessage.onEnd (D:\\New folder (4)\\server\\node_modules\\raw-body\\index.js:287:7)\n    at IncomingMessage.emit (node:events:508:28)\n    at endReadableNT (node:internal/streams/readable:1701:12)\n    at processTicksAndRejections (node:internal/process/task_queues:89:21)"}

    [0m [90m 13 |[39m   }[33m;[39m
     [90m 14 |[39m   [36mconst[39m out [33m=[39m [33mJSON[39m[33m.[39mstringify(entry)[33m;[39m
    [31m[1m>[22m[39m[90m 15 |[39m   [36mif[39m (level [33m===[39m [32m'error'[39m) [36mreturn[39m console[33m.[39merror(out)[33m;[39m
     [90m    |[39m                                         [31m[1m^[22m[39m
     [90m 16 |[39m   console[33m.[39mlog(out)[33m;[39m
     [90m 17 |[39m }
     [90m 18 |[39m[0m

      at error (D:\New folder (4)../../server/middleware/logger.js:15:41)
      at Object.log [as error] (D:\New folder (4)../../server/middleware/logger.js:22:25)
      at error (D:\New folder (4)../../server/middleware/errorHandler.js:11:10)
      at Layer.handleError (D:\New folder (4)../../server/node_modules/router/lib/layer.js:116:17)
      at trimPrefix (D:\New folder (4)../../server/node_modules/router/index.js:340:13)
      at D:\New folder (4)../../server/node_modules/router/index.js:297:9
      at processParams (D:\New folder (4)../../server/node_modules/router/index.js:582:12)
      at next (D:\New folder (4)../../server/node_modules/router/index.js:291:5)
      at Layer.handleError (D:\New folder (4)../../server/node_modules/router/lib/layer.js:111:12)
      at trimPrefix (D:\New folder (4)../../server/node_modules/router/index.js:340:13)
      at D:\New folder (4)../../server/node_modules/router/index.js:297:9
      at processParams (D:\New folder (4)../../server/node_modules/router/index.js:582:12)
      at next (D:\New folder (4)../../server/node_modules/router/index.js:291:5)
      at D:\New folder (4)../../server/node_modules/router/index.js:688:15
      at next (D:\New folder (4)../../server/node_modules/router/index.js:276:14)
      at next (D:\New folder (4)../../server/node_modules/router/lib/route.js:132:14)
      at next (D:\New folder (4)../../server/routes/interviewRoutes.js:262:5)
      at Layer.handleRequest (D:\New folder (4)../../server/node_modules/router/lib/layer.js:152:17)
      at next (D:\New folder (4)../../server/node_modules/router/lib/route.js:157:13)
      at Route.dispatch (D:\New folder (4)../../server/node_modules/router/lib/route.js:117:3)
      at handle (D:\New folder (4)../../server/node_modules/router/index.js:435:11)
      at Layer.handleRequest (D:\New folder (4)../../server/node_modules/router/lib/layer.js:152:17)
      at D:\New folder (4)../../server/node_modules/router/index.js:295:15
      at processParams (D:\New folder (4)../../server/node_modules/router/index.js:582:12)
      at next (D:\New folder (4)../../server/node_modules/router/index.js:291:5)
      at router.handle (D:\New folder (4)../../server/node_modules/router/index.js:186:3)
      at router (D:\New folder (4)../../server/node_modules/router/index.js:60:12)
      at Layer.handleRequest (D:\New folder (4)../../server/node_modules/router/lib/layer.js:152:17)
      at trimPrefix (D:\New folder (4)../../server/node_modules/router/index.js:342:13)
      at D:\New folder (4)../../server/node_modules/router/index.js:297:9
      at processParams (D:\New folder (4)../../server/node_modules/router/index.js:582:12)
      at next (D:\New folder (4)../../server/node_modules/router/index.js:291:5)
      at next (D:\New folder (4)../../server/middleware/logger.js:41:3)
      at Layer.handleRequest (D:\New folder (4)../../server/node_modules/router/lib/layer.js:152:17)
      at trimPrefix (D:\New folder (4)../../server/node_modules/router/index.js:342:13)
      at D:\New folder (4)../../server/node_modules/router/index.js:297:9
      at processParams (D:\New folder (4)../../server/node_modules/router/index.js:582:12)
      at next (D:\New folder (4)../../server/node_modules/router/index.js:291:5)
      at D:\New folder (4)../../server/node_modules/body-parser/lib/read.js:171:5
      at invokeCallback (D:\New folder (4)../../server/node_modules/raw-body/index.js:238:16)
      at done (D:\New folder (4)../../server/node_modules/raw-body/index.js:227:7)
      at IncomingMessage.onEnd (D:\New folder (4)../../server/node_modules/raw-body/index.js:287:7)

  console.log
    {"ts":"2026-06-27T01:27:11.582Z","level":"info","msg":"request","reqId":"1e2d81af","method":"POST","url":"/api/interview/respond","status":400,"ms":12}

      at log (D:\New folder (4)../../server/middleware/logger.js:16:11)

  console.log
    {"ts":"2026-06-27T01:27:11.782Z","level":"debug","msg":"groq_cleaned","original":"I have worked with SQL queries and Tableau for reports.","cleaned":"I have worked with SQL queries and Tableau for reports."}

      at log (D:\New folder (4)../../server/middleware/logger.js:16:11)

  console.log
    {"ts":"2026-06-27T01:27:13.730Z","level":"Mid-Level","msg":"groq_evaluate","role":"Data Analyst","feedback":"You have a background in working with data visualization tools like Tableau, whi","question":"How do you approach data cleaning and preprocessing when working with large data"}

      at log (D:\New folder (4)../../server/middleware/logger.js:16:11)

  console.log
    {"ts":"2026-06-27T01:27:13.731Z","level":"Mid-Level","msg":"interview_responded","reqId":"248557bf","role":"Data Analyst"}

      at log (D:\New folder (4)../../server/middleware/logger.js:16:11)

  console.log
    {"ts":"2026-06-27T01:27:13.734Z","level":"info","msg":"request","reqId":"248557bf","method":"POST","url":"/api/interview/respond","status":200,"ms":2132}

      at log (D:\New folder (4)../../server/middleware/logger.js:16:11)

  console.log
    {"ts":"2026-06-27T01:27:13.759Z","level":"info","msg":"request","reqId":"cc9e37b3","method":"POST","url":"/api/interview/respond","status":200,"ms":4}

      at log (D:\New folder (4)../../server/middleware/logger.js:16:11)

  console.error
    {"ts":"2026-06-27T01:27:13.779Z","level":"error","msg":"unhandled_error","reqId":"7ff7bfa2","status":400,"message":"Missing required fields: code","stack":"Error: Missing required fields: code\n    at validateBody (D:\\New folder (4)\\server\\routes\\interviewRoutes.js:38:17)\n    at validateBody (D:\\New folder (4)\\server\\routes\\interviewRoutes.js:295:5)\n    at Layer.handleRequest (D:\\New folder (4)\\server\\node_modules\\router\\lib\\layer.js:152:17)\n    at next (D:\\New folder (4)\\server\\node_modules\\router\\lib\\route.js:157:13)\n    at Route.dispatch (D:\\New folder (4)\\server\\node_modules\\router\\lib\\route.js:117:3)\n    at handle (D:\\New folder (4)\\server\\node_modules\\router\\index.js:435:11)\n    at Layer.handleRequest (D:\\New folder (4)\\server\\node_modules\\router\\lib\\layer.js:152:17)\n    at D:\\New folder (4)\\server\\node_modules\\router\\index.js:295:15\n    at processParams (D:\\New folder (4)\\server\\node_modules\\router\\index.js:582:12)\n    at next (D:\\New folder (4)\\server\\node_modules\\router\\index.js:291:5)\n    at router.handle (D:\\New folder (4)\\server\\node_modules\\router\\index.js:186:3)\n    at router (D:\\New folder (4)\\server\\node_modules\\router\\index.js:60:12)\n    at Layer.handleRequest (D:\\New folder (4)\\server\\node_modules\\router\\lib\\layer.js:152:17)\n    at trimPrefix (D:\\New folder (4)\\server\\node_modules\\router\\index.js:342:13)\n    at D:\\New folder (4)\\server\\node_modules\\router\\index.js:297:9\n    at processParams (D:\\New folder (4)\\server\\node_modules\\router\\index.js:582:12)\n    at next (D:\\New folder (4)\\server\\node_modules\\router\\index.js:291:5)\n    at next (D:\\New folder (4)\\server\\middleware\\logger.js:41:3)\n    at Layer.handleRequest (D:\\New folder (4)\\server\\node_modules\\router\\lib\\layer.js:152:17)\n    at trimPrefix (D:\\New folder (4)\\server\\node_modules\\router\\index.js:342:13)\n    at D:\\New folder (4)\\server\\node_modules\\router\\index.js:297:9\n    at processParams (D:\\New folder (4)\\server\\node_modules\\router\\index.js:582:12)\n    at next (D:\\New folder (4)\\server\\node_modules\\router\\index.js:291:5)\n    at D:\\New folder (4)\\server\\node_modules\\body-parser\\lib\\read.js:171:5\n    at AsyncResource.runInAsyncScope (node:async_hooks:214:14)\n    at invokeCallback (D:\\New folder (4)\\server\\node_modules\\raw-body\\index.js:238:16)\n    at done (D:\\New folder (4)\\server\\node_modules\\raw-body\\index.js:227:7)\n    at IncomingMessage.onEnd (D:\\New folder (4)\\server\\node_modules\\raw-body\\index.js:287:7)\n    at IncomingMessage.emit (node:events:508:28)\n    at endReadableNT (node:internal/streams/readable:1701:12)\n    at processTicksAndRejections (node:internal/process/task_queues:89:21)"}

    [0m [90m 13 |[39m   }[33m;[39m
     [90m 14 |[39m   [36mconst[39m out [33m=[39m [33mJSON[39m[33m.[39mstringify(entry)[33m;[39m
    [31m[1m>[22m[39m[90m 15 |[39m   [36mif[39m (level [33m===[39m [32m'error'[39m) [36mreturn[39m console[33m.[39merror(out)[33m;[39m
     [90m    |[39m                                         [31m[1m^[22m[39m
     [90m 16 |[39m   console[33m.[39mlog(out)[33m;[39m
     [90m 17 |[39m }
     [90m 18 |[39m[0m

      at error (D:\New folder (4)../../server/middleware/logger.js:15:41)
      at Object.log [as error] (D:\New folder (4)../../server/middleware/logger.js:22:25)
      at error (D:\New folder (4)../../server/middleware/errorHandler.js:11:10)
      at Layer.handleError (D:\New folder (4)../../server/node_modules/router/lib/layer.js:116:17)
      at trimPrefix (D:\New folder (4)../../server/node_modules/router/index.js:340:13)
      at D:\New folder (4)../../server/node_modules/router/index.js:297:9
      at processParams (D:\New folder (4)../../server/node_modules/router/index.js:582:12)
      at next (D:\New folder (4)../../server/node_modules/router/index.js:291:5)
      at Layer.handleError (D:\New folder (4)../../server/node_modules/router/lib/layer.js:111:12)
      at trimPrefix (D:\New folder (4)../../server/node_modules/router/index.js:340:13)
      at D:\New folder (4)../../server/node_modules/router/index.js:297:9
      at processParams (D:\New folder (4)../../server/node_modules/router/index.js:582:12)
      at next (D:\New folder (4)../../server/node_modules/router/index.js:291:5)
      at D:\New folder (4)../../server/node_modules/router/index.js:688:15
      at next (D:\New folder (4)../../server/node_modules/router/index.js:276:14)
      at next (D:\New folder (4)../../server/node_modules/router/lib/route.js:132:14)
      at next (D:\New folder (4)../../server/routes/interviewRoutes.js:302:5)
      at Layer.handleRequest (D:\New folder (4)../../server/node_modules/router/lib/layer.js:152:17)
      at next (D:\New folder (4)../../server/node_modules/router/lib/route.js:157:13)
      at Route.dispatch (D:\New folder (4)../../server/node_modules/router/lib/route.js:117:3)
      at handle (D:\New folder (4)../../server/node_modules/router/index.js:435:11)
      at Layer.handleRequest (D:\New folder (4)../../server/node_modules/router/lib/layer.js:152:17)
      at D:\New folder (4)../../server/node_modules/router/index.js:295:15
      at processParams (D:\New folder (4)../../server/node_modules/router/index.js:582:12)
      at next (D:\New folder (4)../../server/node_modules/router/index.js:291:5)
      at router.handle (D:\New folder (4)../../server/node_modules/router/index.js:186:3)
      at router (D:\New folder (4)../../server/node_modules/router/index.js:60:12)
      at Layer.handleRequest (D:\New folder (4)../../server/node_modules/router/lib/layer.js:152:17)
      at trimPrefix (D:\New folder (4)../../server/node_modules/router/index.js:342:13)
      at D:\New folder (4)../../server/node_modules/router/index.js:297:9
      at processParams (D:\New folder (4)../../server/node_modules/router/index.js:582:12)
      at next (D:\New folder (4)../../server/node_modules/router/index.js:291:5)
      at next (D:\New folder (4)../../server/middleware/logger.js:41:3)
      at Layer.handleRequest (D:\New folder (4)../../server/node_modules/router/lib/layer.js:152:17)
      at trimPrefix (D:\New folder (4)../../server/node_modules/router/index.js:342:13)
      at D:\New folder (4)../../server/node_modules/router/index.js:297:9
      at processParams (D:\New folder (4)../../server/node_modules/router/index.js:582:12)
      at next (D:\New folder (4)../../server/node_modules/router/index.js:291:5)
      at D:\New folder (4)../../server/node_modules/body-parser/lib/read.js:171:5
      at invokeCallback (D:\New folder (4)../../server/node_modules/raw-body/index.js:238:16)
      at done (D:\New folder (4)../../server/node_modules/raw-body/index.js:227:7)
      at IncomingMessage.onEnd (D:\New folder (4)../../server/node_modules/raw-body/index.js:287:7)

  console.log
    {"ts":"2026-06-27T01:27:13.786Z","level":"info","msg":"request","reqId":"7ff7bfa2","method":"POST","url":"/api/interview/run-code","status":400,"ms":8}

      at log (D:\New folder (4)../../server/middleware/logger.js:16:11)

  console.error
    {"ts":"2026-06-27T01:27:13.800Z","level":"error","msg":"unhandled_error","reqId":"b2af9cd0","status":400,"message":"Missing required fields: language","stack":"Error: Missing required fields: language\n    at validateBody (D:\\New folder (4)\\server\\routes\\interviewRoutes.js:38:17)\n    at validateBody (D:\\New folder (4)\\server\\routes\\interviewRoutes.js:295:5)\n    at Layer.handleRequest (D:\\New folder (4)\\server\\node_modules\\router\\lib\\layer.js:152:17)\n    at next (D:\\New folder (4)\\server\\node_modules\\router\\lib\\route.js:157:13)\n    at Route.dispatch (D:\\New folder (4)\\server\\node_modules\\router\\lib\\route.js:117:3)\n    at handle (D:\\New folder (4)\\server\\node_modules\\router\\index.js:435:11)\n    at Layer.handleRequest (D:\\New folder (4)\\server\\node_modules\\router\\lib\\layer.js:152:17)\n    at D:\\New folder (4)\\server\\node_modules\\router\\index.js:295:15\n    at processParams (D:\\New folder (4)\\server\\node_modules\\router\\index.js:582:12)\n    at next (D:\\New folder (4)\\server\\node_modules\\router\\index.js:291:5)\n    at router.handle (D:\\New folder (4)\\server\\node_modules\\router\\index.js:186:3)\n    at router (D:\\New folder (4)\\server\\node_modules\\router\\index.js:60:12)\n    at Layer.handleRequest (D:\\New folder (4)\\server\\node_modules\\router\\lib\\layer.js:152:17)\n    at trimPrefix (D:\\New folder (4)\\server\\node_modules\\router\\index.js:342:13)\n    at D:\\New folder (4)\\server\\node_modules\\router\\index.js:297:9\n    at processParams (D:\\New folder (4)\\server\\node_modules\\router\\index.js:582:12)\n    at next (D:\\New folder (4)\\server\\node_modules\\router\\index.js:291:5)\n    at next (D:\\New folder (4)\\server\\middleware\\logger.js:41:3)\n    at Layer.handleRequest (D:\\New folder (4)\\server\\node_modules\\router\\lib\\layer.js:152:17)\n    at trimPrefix (D:\\New folder (4)\\server\\node_modules\\router\\index.js:342:13)\n    at D:\\New folder (4)\\server\\node_modules\\router\\index.js:297:9\n    at processParams (D:\\New folder (4)\\server\\node_modules\\router\\index.js:582:12)\n    at next (D:\\New folder (4)\\server\\node_modules\\router\\index.js:291:5)\n    at D:\\New folder (4)\\server\\node_modules\\body-parser\\lib\\read.js:171:5\n    at AsyncResource.runInAsyncScope (node:async_hooks:214:14)\n    at invokeCallback (D:\\New folder (4)\\server\\node_modules\\raw-body\\index.js:238:16)\n    at done (D:\\New folder (4)\\server\\node_modules\\raw-body\\index.js:227:7)\n    at IncomingMessage.onEnd (D:\\New folder (4)\\server\\node_modules\\raw-body\\index.js:287:7)\n    at IncomingMessage.emit (node:events:508:28)\n    at endReadableNT (node:internal/streams/readable:1701:12)\n    at processTicksAndRejections (node:internal/process/task_queues:89:21)"}

    [0m [90m 13 |[39m   }[33m;[39m
     [90m 14 |[39m   [36mconst[39m out [33m=[39m [33mJSON[39m[33m.[39mstringify(entry)[33m;[39m
    [31m[1m>[22m[39m[90m 15 |[39m   [36mif[39m (level [33m===[39m [32m'error'[39m) [36mreturn[39m console[33m.[39merror(out)[33m;[39m
     [90m    |[39m                                         [31m[1m^[22m[39m
     [90m 16 |[39m   console[33m.[39mlog(out)[33m;[39m
     [90m 17 |[39m }
     [90m 18 |[39m[0m

      at error (D:\New folder (4)../../server/middleware/logger.js:15:41)
      at Object.log [as error] (D:\New folder (4)../../server/middleware/logger.js:22:25)
      at error (D:\New folder (4)../../server/middleware/errorHandler.js:11:10)
      at Layer.handleError (D:\New folder (4)../../server/node_modules/router/lib/layer.js:116:17)
      at trimPrefix (D:\New folder (4)../../server/node_modules/router/index.js:340:13)
      at D:\New folder (4)../../server/node_modules/router/index.js:297:9
      at processParams (D:\New folder (4)../../server/node_modules/router/index.js:582:12)
      at next (D:\New folder (4)../../server/node_modules/router/index.js:291:5)
      at Layer.handleError (D:\New folder (4)../../server/node_modules/router/lib/layer.js:111:12)
      at trimPrefix (D:\New folder (4)../../server/node_modules/router/index.js:340:13)
      at D:\New folder (4)../../server/node_modules/router/index.js:297:9
      at processParams (D:\New folder (4)../../server/node_modules/router/index.js:582:12)
      at next (D:\New folder (4)../../server/node_modules/router/index.js:291:5)
      at D:\New folder (4)../../server/node_modules/router/index.js:688:15
      at next (D:\New folder (4)../../server/node_modules/router/index.js:276:14)
      at next (D:\New folder (4)../../server/node_modules/router/lib/route.js:132:14)
      at next (D:\New folder (4)../../server/routes/interviewRoutes.js:302:5)
      at Layer.handleRequest (D:\New folder (4)../../server/node_modules/router/lib/layer.js:152:17)
      at next (D:\New folder (4)../../server/node_modules/router/lib/route.js:157:13)
      at Route.dispatch (D:\New folder (4)../../server/node_modules/router/lib/route.js:117:3)
      at handle (D:\New folder (4)../../server/node_modules/router/index.js:435:11)
      at Layer.handleRequest (D:\New folder (4)../../server/node_modules/router/lib/layer.js:152:17)
      at D:\New folder (4)../../server/node_modules/router/index.js:295:15
      at processParams (D:\New folder (4)../../server/node_modules/router/index.js:582:12)
      at next (D:\New folder (4)../../server/node_modules/router/index.js:291:5)
      at router.handle (D:\New folder (4)../../server/node_modules/router/index.js:186:3)
      at router (D:\New folder (4)../../server/node_modules/router/index.js:60:12)
      at Layer.handleRequest (D:\New folder (4)../../server/node_modules/router/lib/layer.js:152:17)
      at trimPrefix (D:\New folder (4)../../server/node_modules/router/index.js:342:13)
      at D:\New folder (4)../../server/node_modules/router/index.js:297:9
      at processParams (D:\New folder (4)../../server/node_modules/router/index.js:582:12)
      at next (D:\New folder (4)../../server/node_modules/router/index.js:291:5)
      at next (D:\New folder (4)../../server/middleware/logger.js:41:3)
      at Layer.handleRequest (D:\New folder (4)../../server/node_modules/router/lib/layer.js:152:17)
      at trimPrefix (D:\New folder (4)../../server/node_modules/router/index.js:342:13)
      at D:\New folder (4)../../server/node_modules/router/index.js:297:9
      at processParams (D:\New folder (4)../../server/node_modules/router/index.js:582:12)
      at next (D:\New folder (4)../../server/node_modules/router/index.js:291:5)
      at D:\New folder (4)../../server/node_modules/body-parser/lib/read.js:171:5
      at invokeCallback (D:\New folder (4)../../server/node_modules/raw-body/index.js:238:16)
      at done (D:\New folder (4)../../server/node_modules/raw-body/index.js:227:7)
      at IncomingMessage.onEnd (D:\New folder (4)../../server/node_modules/raw-body/index.js:287:7)

  console.log
    {"ts":"2026-06-27T01:27:13.806Z","level":"info","msg":"request","reqId":"b2af9cd0","method":"POST","url":"/api/interview/run-code","status":400,"ms":7}

      at log (D:\New folder (4)../../server/middleware/logger.js:16:11)

  console.log
    {"ts":"2026-06-27T01:27:24.790Z","level":"Mid-Level","msg":"groq_evaluate","role":"Software Engineer","feedback":"Your solution is elegant and straightforward, handling edge cases efficiently an","question":"What do you think is the most crucial aspect of designing a function that adds t"}

      at log (D:\New folder (4)../../server/middleware/logger.js:16:11)

  console.log
    {"ts":"2026-06-27T01:27:24.791Z","level":"info","msg":"code_submitted_and_evaluated","reqId":"754458ae","language":"python"}

      at log (D:\New folder (4)../../server/middleware/logger.js:16:11)

  console.log
    {"ts":"2026-06-27T01:27:24.795Z","level":"info","msg":"request","reqId":"754458ae","method":"POST","url":"/api/interview/submit-code","status":200,"ms":10965}

      at log (D:\New folder (4)../../server/middleware/logger.js:16:11)

  console.log
    Γùç injected env (5) from ..\.env // tip: Γîÿ multiple files { path: ['.env.local', '.env'] }

      at _log (D:\New folder (4)../../server/node_modules/dotenv/lib/main.js:131:11)

  console.log
    {"ts":"2026-06-27T01:27:25.048Z","level":"info","msg":"groq_models_selected","llm":"llama-3.1-8b-instant","stt":"whisper-large-v3"}

      at log (D:\New folder (4)../../server/middleware/logger.js:16:11)

  console.log
    {"ts":"2026-06-27T01:27:25.160Z","level":"info","msg":"request","reqId":"6010448a","method":"GET","url":"/health","status":200,"ms":6}

      at log (D:\New folder (4)../../server/middleware/logger.js:16:11)

  console.log
    {"ts":"2026-06-27T01:27:25.191Z","level":"info","msg":"request","reqId":"6d368aa3","method":"GET","url":"/api/interview/nonexistent","status":404,"ms":4}

      at log (D:\New folder (4)../../server/middleware/logger.js:16:11)

  console.log
    {"ts":"2026-06-27T01:27:27.854Z","level":"Senior","msg":"groq_intro","role":"Test","response":"Hello, I'm Smith, your AI Technical Interviewer. Today I'll be conducting your interview based on the role, experience level and interview settings you've selected. Let's begin with a brief introduction. Could you tell me a little about yourself?"}

      at log (D:\New folder (4)../../server/middleware/logger.js:16:11)

  console.log
    {"ts":"2026-06-27T01:27:27.856Z","level":"Senior","msg":"interview_started","reqId":"d6978d7f","role":"Test"}

      at log (D:\New folder (4)../../server/middleware/logger.js:16:11)

  console.log
    {"ts":"2026-06-27T01:27:27.860Z","level":"info","msg":"request","reqId":"d6978d7f","method":"POST","url":"/api/interview/start","status":200,"ms":2611}

      at log (D:\New folder (4)../../server/middleware/logger.js:16:11)

  console.log
    {"ts":"2026-06-27T01:27:27.883Z","level":"info","msg":"request","reqId":"71d63534","method":"POST","url":"/api/interview/respond","status":200,"ms":2}

      at log (D:\New folder (4)../../server/middleware/logger.js:16:11)

  console.log
    {"ts":"2026-06-27T01:27:27.904Z","level":"info","msg":"code_executed","reqId":"42e63af3","language":"javascript"}

      at log (D:\New folder (4)../../server/middleware/logger.js:16:11)

  console.log
    {"ts":"2026-06-27T01:27:27.908Z","level":"info","msg":"request","reqId":"42e63af3","method":"POST","url":"/api/interview/run-code","status":200,"ms":6}

      at log (D:\New folder (4)../../server/middleware/logger.js:16:11)

  console.log
    {"ts":"2026-06-27T01:27:39.889Z","level":"Senior","msg":"groq_evaluate","role":"Test Engineer","feedback":"I can see that you've implemented the solution function correctly and efficientl","question":"What inspired your decision to use a constant time complexity, and how do you th"}

      at log (D:\New folder (4)../../server/middleware/logger.js:16:11)

  console.log
    {"ts":"2026-06-27T01:27:39.890Z","level":"info","msg":"code_submitted_and_evaluated","reqId":"ccedecbc","language":"javascript"}

      at log (D:\New folder (4)../../server/middleware/logger.js:16:11)

  console.log
    {"ts":"2026-06-27T01:27:39.895Z","level":"info","msg":"request","reqId":"ccedecbc","method":"POST","url":"/api/interview/submit-code","status":200,"ms":11964}

      at log (D:\New folder (4)../../server/middleware/logger.js:16:11)

  console.log
    {"ts":"2026-06-27T01:27:40.082Z","level":"info","msg":"groq_models_selected","llm":"llama-3.1-8b-instant","stt":"whisper-large-v3"}

      at log (D:\New folder (4)../../server/middleware/logger.js:16:11)

  console.log
    {"ts":"2026-06-27T01:27:40.102Z","level":"warn","msg":"groq_cleanTranscript_failed","err":"Error: GROQ_API_KEY is not set"}

      at log (D:\New folder (4)../../server/middleware/logger.js:16:11)

  console.error
    {"ts":"2026-06-27T01:27:40.114Z","level":"error","msg":"groq_generateIntro_failed","err":"Error: GROQ_API_KEY is not set"}

    [0m [90m 13 |[39m   }[33m;[39m
     [90m 14 |[39m   [36mconst[39m out [33m=[39m [33mJSON[39m[33m.[39mstringify(entry)[33m;[39m
    [31m[1m>[22m[39m[90m 15 |[39m   [36mif[39m (level [33m===[39m [32m'error'[39m) [36mreturn[39m console[33m.[39merror(out)[33m;[39m
     [90m    |[39m                                         [31m[1m^[22m[39m
     [90m 16 |[39m   console[33m.[39mlog(out)[33m;[39m
     [90m 17 |[39m }
     [90m 18 |[39m[0m

      at error (D:\New folder (4)../../server/middleware/logger.js:15:41)
      at Object.log [as error] (D:\New folder (4)../../server/middleware/logger.js:22:25)
      at error (D:\New folder (4)../../server/services/groqService.js:291:12)
      at Object.generateIntro (D:\New folder (4)../../server/__tests__/fallbacks.test.js:17:25)

  console.error
    {"ts":"2026-06-27T01:27:40.132Z","level":"error","msg":"groq_evaluateAndQuestion_failed","err":"Error: GROQ_API_KEY is not set"}

    [0m [90m 13 |[39m   }[33m;[39m
     [90m 14 |[39m   [36mconst[39m out [33m=[39m [33mJSON[39m[33m.[39mstringify(entry)[33m;[39m
    [31m[1m>[22m[39m[90m 15 |[39m   [36mif[39m (level [33m===[39m [32m'error'[39m) [36mreturn[39m console[33m.[39merror(out)[33m;[39m
     [90m    |[39m                                         [31m[1m^[22m[39m
     [90m 16 |[39m   console[33m.[39mlog(out)[33m;[39m
     [90m 17 |[39m }
     [90m 18 |[39m[0m

      at error (D:\New folder (4)../../server/middleware/logger.js:15:41)
      at Object.log [as error] (D:\New folder (4)../../server/middleware/logger.js:22:25)
      at error (D:\New folder (4)../../server/services/groqService.js:354:12)
      at Object.evaluateAndQuestion (D:\New folder (4)../../server/__tests__/fallbacks.test.js:29:26)

